Archive member included to satisfy reference by file (symbol)

d:/program files (x86)/gnu/7_2018-q2-update/bin/../lib/gcc/arm-none-eabi/7.3.1/../../../../arm-none-eabi/lib/thumb/v7e-m/fpv4-sp/hard\libc_nano.a(lib_a-atoi.o)
                              build/netdb.o (atoi)
d:/program files (x86)/gnu/7_2018-q2-update/bin/../lib/gcc/arm-none-eabi/7.3.1/../../../../arm-none-eabi/lib/thumb/v7e-m/fpv4-sp/hard\libc_nano.a(lib_a-exit.o)
                              d:/program files (x86)/gnu/7_2018-q2-update/bin/../lib/gcc/arm-none-eabi/7.3.1/../../../../arm-none-eabi/lib/thumb/v7e-m/fpv4-sp/hard/crt0.o (exit)
d:/program files (x86)/gnu/7_2018-q2-update/bin/../lib/gcc/arm-none-eabi/7.3.1/../../../../arm-none-eabi/lib/thumb/v7e-m/fpv4-sp/hard\libc_nano.a(lib_a-impure.o)
                              d:/program files (x86)/gnu/7_2018-q2-update/bin/../lib/gcc/arm-none-eabi/7.3.1/../../../../arm-none-eabi/lib/thumb/v7e-m/fpv4-sp/hard\libc_nano.a(lib_a-exit.o) (_global_impure_ptr)
d:/program files (x86)/gnu/7_2018-q2-update/bin/../lib/gcc/arm-none-eabi/7.3.1/../../../../arm-none-eabi/lib/thumb/v7e-m/fpv4-sp/hard\libc_nano.a(lib_a-init.o)
                              d:/program files (x86)/gnu/7_2018-q2-update/bin/../lib/gcc/arm-none-eabi/7.3.1/../../../../arm-none-eabi/lib/thumb/v7e-m/fpv4-sp/hard/crt0.o (__libc_init_array)
d:/program files (x86)/gnu/7_2018-q2-update/bin/../lib/gcc/arm-none-eabi/7.3.1/../../../../arm-none-eabi/lib/thumb/v7e-m/fpv4-sp/hard\libc_nano.a(lib_a-malloc.o)
                              build/syscall.o (malloc)
d:/program files (x86)/gnu/7_2018-q2-update/bin/../lib/gcc/arm-none-eabi/7.3.1/../../../../arm-none-eabi/lib/thumb/v7e-m/fpv4-sp/hard\libc_nano.a(lib_a-memcmp.o)
                              build/ethernet.o (memcmp)
d:/program files (x86)/gnu/7_2018-q2-update/bin/../lib/gcc/arm-none-eabi/7.3.1/../../../../arm-none-eabi/lib/thumb/v7e-m/fpv4-sp/hard\libc_nano.a(lib_a-memcpy-stub.o)
                              build/mp3_player.o (memcpy)
d:/program files (x86)/gnu/7_2018-q2-update/bin/../lib/gcc/arm-none-eabi/7.3.1/../../../../arm-none-eabi/lib/thumb/v7e-m/fpv4-sp/hard\libc_nano.a(lib_a-memset.o)
                              d:/program files (x86)/gnu/7_2018-q2-update/bin/../lib/gcc/arm-none-eabi/7.3.1/../../../../arm-none-eabi/lib/thumb/v7e-m/fpv4-sp/hard/crt0.o (memset)
d:/program files (x86)/gnu/7_2018-q2-update/bin/../lib/gcc/arm-none-eabi/7.3.1/../../../../arm-none-eabi/lib/thumb/v7e-m/fpv4-sp/hard\libc_nano.a(lib_a-nano-freer.o)
                              d:/program files (x86)/gnu/7_2018-q2-update/bin/../lib/gcc/arm-none-eabi/7.3.1/../../../../arm-none-eabi/lib/thumb/v7e-m/fpv4-sp/hard\libc_nano.a(lib_a-malloc.o) (_free_r)
d:/program files (x86)/gnu/7_2018-q2-update/bin/../lib/gcc/arm-none-eabi/7.3.1/../../../../arm-none-eabi/lib/thumb/v7e-m/fpv4-sp/hard\libc_nano.a(lib_a-nano-mallocr.o)
                              d:/program files (x86)/gnu/7_2018-q2-update/bin/../lib/gcc/arm-none-eabi/7.3.1/../../../../arm-none-eabi/lib/thumb/v7e-m/fpv4-sp/hard\libc_nano.a(lib_a-malloc.o) (_malloc_r)
d:/program files (x86)/gnu/7_2018-q2-update/bin/../lib/gcc/arm-none-eabi/7.3.1/../../../../arm-none-eabi/lib/thumb/v7e-m/fpv4-sp/hard\libc_nano.a(lib_a-printf.o)
                              build/fatfs.o (printf)
d:/program files (x86)/gnu/7_2018-q2-update/bin/../lib/gcc/arm-none-eabi/7.3.1/../../../../arm-none-eabi/lib/thumb/v7e-m/fpv4-sp/hard\libc_nano.a(lib_a-putchar.o)
                              build/usbh_diskio.o (putchar)
d:/program files (x86)/gnu/7_2018-q2-update/bin/../lib/gcc/arm-none-eabi/7.3.1/../../../../arm-none-eabi/lib/thumb/v7e-m/fpv4-sp/hard\libc_nano.a(lib_a-puts.o)
                              build/main.o (puts)
d:/program files (x86)/gnu/7_2018-q2-update/bin/../lib/gcc/arm-none-eabi/7.3.1/../../../../arm-none-eabi/lib/thumb/v7e-m/fpv4-sp/hard\libc_nano.a(lib_a-rand.o)
                              build/dns.o (rand)
d:/program files (x86)/gnu/7_2018-q2-update/bin/../lib/gcc/arm-none-eabi/7.3.1/../../../../arm-none-eabi/lib/thumb/v7e-m/fpv4-sp/hard\libc_nano.a(lib_a-sbrkr.o)
                              d:/program files (x86)/gnu/7_2018-q2-update/bin/../lib/gcc/arm-none-eabi/7.3.1/../../../../arm-none-eabi/lib/thumb/v7e-m/fpv4-sp/hard\libc_nano.a(lib_a-nano-mallocr.o) (_sbrk_r)
d:/program files (x86)/gnu/7_2018-q2-update/bin/../lib/gcc/arm-none-eabi/7.3.1/../../../../arm-none-eabi/lib/thumb/v7e-m/fpv4-sp/hard\libc_nano.a(lib_a-strlen.o)
                              build/netdb.o (strlen)
d:/program files (x86)/gnu/7_2018-q2-update/bin/../lib/gcc/arm-none-eabi/7.3.1/../../../../arm-none-eabi/lib/thumb/v7e-m/fpv4-sp/hard\libc_nano.a(lib_a-strncmp.o)
                              build/def.o (strncmp)
d:/program files (x86)/gnu/7_2018-q2-update/bin/../lib/gcc/arm-none-eabi/7.3.1/../../../../arm-none-eabi/lib/thumb/v7e-m/fpv4-sp/hard\libc_nano.a(lib_a-strncpy.o)
                              build/netdb.o (strncpy)
[...]
Memory Configuration

Name             Origin             Length             Attributes
RAM              0x20000000         0x00050000         xrw
FLASH            0x08000000         0x00100000         xr
*default*        0x00000000         0xffffffff

Linker script and memory map

LOAD d:/program files (x86)/gnu/7_2018-q2-update/bin/../lib/gcc/arm-none-eabi/7.3.1/thumb/v7e-m/fpv4-sp/hard/crti.o
LOAD d:/program files (x86)/gnu/7_2018-q2-update/bin/../lib/gcc/arm-none-eabi/7.3.1/thumb/v7e-m/fpv4-sp/hard/crtbegin.o
LOAD d:/program files (x86)/gnu/7_2018-q2-update/bin/../lib/gcc/arm-none-eabi/7.3.1/../../../../arm-none-eabi/lib/thumb/v7e-m/fpv4-sp/hard/crt0.o
LOAD build/main.o
LOAD build/mp3_player.o
LOAD build/bsp_driver_sd.o
LOAD build/sd_diskio.o
LOAD build/fatfs.o
LOAD build/fatfs_platform.o
LOAD build/usbh_diskio.o
LOAD build/freertos.o
LOAD build/lwip.o
LOAD build/ethernetif.o
LOAD build/syscalls.o
LOAD build/usb_host.o
LOAD build/usbh_conf.o
LOAD build/usbh_platform.o
LOAD build/stm32f7xx_it.o
LOAD build/stm32f7xx_hal_msp.o
LOAD build/stm32f7xx_hal_timebase_TIM.o
LOAD build/stm32f7xx_hal_eth.o
LOAD build/stm32f7xx_hal_hcd.o
LOAD build/stm32f7xx_ll_usb.o
LOAD build/stm32f7xx_hal_adc.o
LOAD build/stm32f7xx_hal_adc_ex.o
LOAD build/stm32f7xx_hal_cortex.o
LOAD build/stm32f7xx_hal_crc.o
LOAD build/stm32f7xx_hal_crc_ex.o
LOAD build/stm32f7xx_hal_dcmi.o
LOAD build/stm32f7xx_hal_dcmi_ex.o
LOAD build/stm32f7xx_hal_dma2d.o
LOAD build/stm32f7xx_ll_fmc.o
LOAD build/stm32f7xx_hal_sdram.o
LOAD build/stm32f7xx_hal_i2c.o
LOAD build/stm32f7xx_hal_i2c_ex.o
LOAD build/stm32f7xx_hal_ltdc.o
LOAD build/stm32f7xx_hal_ltdc_ex.o
LOAD build/stm32f7xx_hal_dsi.o
LOAD build/stm32f7xx_hal_qspi.o
LOAD build/stm32f7xx_hal_rtc.o
LOAD build/stm32f7xx_hal_rtc_ex.o
LOAD build/stm32f7xx_hal_sai.o
LOAD build/stm32f7xx_hal_sai_ex.o
LOAD build/stm32f7xx_ll_sdmmc.o
LOAD build/stm32f7xx_hal_sd.o
LOAD build/stm32f7xx_hal_spdifrx.o
LOAD build/stm32f7xx_hal_spi.o
LOAD build/stm32f7xx_hal_tim.o
LOAD build/stm32f7xx_hal_tim_ex.o
LOAD build/stm32f7xx_hal_uart.o
LOAD build/stm32f7xx_hal_rcc.o
LOAD build/stm32f7xx_hal_rcc_ex.o
LOAD build/stm32f7xx_hal_flash.o
LOAD build/stm32f7xx_hal_flash_ex.o
LOAD build/stm32f7xx_hal_gpio.o
LOAD build/stm32f7xx_hal_dma.o
LOAD build/stm32f7xx_hal_dma_ex.o
LOAD build/stm32f7xx_hal_pwr.o
LOAD build/stm32f7xx_hal_pwr_ex.o
LOAD build/stm32f7xx_hal.o
LOAD build/system_stm32f7xx.o
LOAD build/syscall.o
LOAD build/ccsbcs.o
LOAD build/ff.o
LOAD build/ff_gen_drv.o
LOAD build/diskio.o
LOAD build/heap_4.o
LOAD build/port.o
LOAD build/queue.o
LOAD build/croutine.o
LOAD build/timers.o
LOAD build/list.o
LOAD build/tasks.o
LOAD build/event_groups.o
LOAD build/cmsis_os.o
LOAD build/auth.o
LOAD build/ccp.o
LOAD build/chap_ms.o
LOAD build/chap-md5.o
LOAD build/chap-new.o
LOAD build/demand.o
LOAD build/eap.o
LOAD build/eui64.o
LOAD build/fsm.o
LOAD build/ipcp.o
LOAD build/ipv6cp.o
LOAD build/lcp.o
LOAD build/magic.o
LOAD build/mppe.o
LOAD build/multilink.o
LOAD build/ppp.o
LOAD build/pppapi.o
LOAD build/pppcrypt.o
LOAD build/pppoe.o
LOAD build/pppol2tp.o
LOAD build/pppos.o
LOAD build/upap.o
LOAD build/utils.o
LOAD build/vj.o
LOAD build/ethernet.o
LOAD build/slipif.o
LOAD build/lowpan6.o
LOAD build/ecp.o
LOAD build/err.o
LOAD build/netbuf.o
LOAD build/sockets.o
LOAD build/tcpip.o
LOAD build/api_lib.o
LOAD build/api_msg.o
LOAD build/netdb.o
LOAD build/netifapi.o
LOAD build/inet_chksum.o
LOAD build/ip.o
LOAD build/mem.o
LOAD build/def.o
LOAD build/timeouts.o
LOAD build/init.o
LOAD build/tcp_in.o
LOAD build/pbuf.o
LOAD build/udp.o
LOAD build/tcp.o
LOAD build/tcp_out.o
LOAD build/stats.o
LOAD build/raw.o
LOAD build/memp.o
LOAD build/netif.o
LOAD build/dns.o
LOAD build/sys.o
LOAD build/igmp.o
LOAD build/icmp.o
LOAD build/dhcp.o
LOAD build/ip4.o
LOAD build/etharp.o
LOAD build/ip4_addr.o
LOAD build/ip4_frag.o
LOAD build/autoip.o
LOAD build/ip6.o
LOAD build/ethip6.o
LOAD build/ip6_addr.o
LOAD build/nd6.o
LOAD build/mld6.o
LOAD build/inet6.o
LOAD build/icmp6.o
LOAD build/dhcp6.o
LOAD build/ip6_frag.o
LOAD build/sys_arch.o
LOAD build/mqtt.o
LOAD build/usbh_core.o
LOAD build/usbh_ctlreq.o
LOAD build/usbh_ioreq.o
LOAD build/usbh_pipes.o
LOAD build/usbh_msc.o
LOAD build/usbh_msc_bot.o
LOAD build/usbh_msc_scsi.o
LOAD build/dbgu.o
LOAD build/term_io.o
LOAD build/stm32746g_discovery_audio.o
LOAD build/stm32746g_discovery_lcd.o
LOAD build/stm32746g_discovery_sdram.o
LOAD build/stm32746g_discovery_ts.o
LOAD build/stm32746g_discovery.o
LOAD build/wm8994.o
LOAD build/ft5336.o
LOAD build/startup_stm32f746xx.o
LOAD d:/program files (x86)/gnu/7_2018-q2-update/bin/../lib/gcc/arm-none-eabi/7.3.1/../../../../arm-none-eabi/lib/thumb/v7e-m/fpv4-sp/hard\libc_nano.a
LOAD d:/program files (x86)/gnu/7_2018-q2-update/bin/../lib/gcc/arm-none-eabi/7.3.1/../../../../arm-none-eabi/lib/thumb/v7e-m/fpv4-sp/hard\libm.a
LOAD d:/program files (x86)/gnu/7_2018-q2-update/bin/../lib/gcc/arm-none-eabi/7.3.1/../../../../arm-none-eabi/lib/thumb/v7e-m/fpv4-sp/hard\libnosys.a
START GROUP
LOAD d:/program files (x86)/gnu/7_2018-q2-update/bin/../lib/gcc/arm-none-eabi/7.3.1/thumb/v7e-m/fpv4-sp/hard\libgcc.a
LOAD d:/program files (x86)/gnu/7_2018-q2-update/bin/../lib/gcc/arm-none-eabi/7.3.1/../../../../arm-none-eabi/lib/thumb/v7e-m/fpv4-sp/hard\libc_nano.a
END GROUP
START GROUP
LOAD d:/program files (x86)/gnu/7_2018-q2-update/bin/../lib/gcc/arm-none-eabi/7.3.1/thumb/v7e-m/fpv4-sp/hard\libgcc.a
LOAD d:/program files (x86)/gnu/7_2018-q2-update/bin/../lib/gcc/arm-none-eabi/7.3.1/../../../../arm-none-eabi/lib/thumb/v7e-m/fpv4-sp/hard\libc_nano.a
END GROUP
LOAD d:/program files (x86)/gnu/7_2018-q2-update/bin/../lib/gcc/arm-none-eabi/7.3.1/thumb/v7e-m/fpv4-sp/hard/crtend.o
LOAD d:/program files (x86)/gnu/7_2018-q2-update/bin/../lib/gcc/arm-none-eabi/7.3.1/thumb/v7e-m/fpv4-sp/hard/crtn.o
                0x20050000                _estack = 0x20050000
                0x00000200                _Min_Heap_Size = 0x200
                0x00000400                _Min_Stack_Size = 0x400

.isr_vector     0x08000000      0x1c8
                0x08000000                . = ALIGN (0x4)
 *(.isr_vector)
 .isr_vector    0x08000000      0x1c8 build/startup_stm32f746xx.o
                0x08000000                g_pfnVectors
                0x080001c8                . = ALIGN (0x4)

.text           0x080001d0    0x10418
                0x080001d0                . = ALIGN (0x4)
 *(.text)
 .text          0x080001d0       0x40 d:/program files (x86)/gnu/7_2018-q2-update/bin/../lib/gcc/arm-none-eabi/7.3.1/thumb/v7e-m/fpv4-sp/hard/crtbegin.o
 .text          0x08000210       0xa0 d:/program files (x86)/gnu/7_2018-q2-update/bin/../lib/gcc/arm-none-eabi/7.3.1/../../../../arm-none-eabi/lib/thumb/v7e-m/fpv4-sp/hard\libc_nano.a(lib_a-memchr.o)
                0x08000210                memchr
 .text          0x080002b0       0x30 d:/program files (x86)/gnu/7_2018-q2-update/bin/../lib/gcc/arm-none-eabi/7.3.1/thumb/v7e-m/fpv4-sp/hard\libgcc.a(_aeabi_uldivmod.o)
                0x080002b0                __aeabi_uldivmod
 .text          0x080002e0      0x2cc d:/program files (x86)/gnu/7_2018-q2-update/bin/../lib/gcc/arm-none-eabi/7.3.1/thumb/v7e-m/fpv4-sp/hard\libgcc.a(_udivmoddi4.o)
                0x080002e0                __udivmoddi4
 .text          0x080005ac        0x4 d:/program files (x86)/gnu/7_2018-q2-update/bin/../lib/gcc/arm-none-eabi/7.3.1/thumb/v7e-m/fpv4-sp/hard\libgcc.a(_dvmd_tls.o)
                0x080005ac                __aeabi_idiv0
                0x080005ac                __aeabi_ldiv0
 *(.text*)
 .text.MX_SDMMC1_SD_Init
                0x080005b0       0x20 build/main.o
 .text.MX_GPIO_Init
                0x080005d0      0x2a0 build/main.o
 .text.lcd_start
                0x08000870       0x68 build/main.o
 .text.StartDefaultTask
                0x080008d8       0x68 build/main.o
                0x080008d8                StartDefaultTask
 .text.__io_putchar
                0x08000940       0x18 build/main.o
                0x08000940                __io_putchar
 .text.draw_background
                0x08000958       0x24 build/main.o
                0x08000958                draw_background
 .text.initialize_touchscreen
                0x0800097c       0x20 build/main.o
                0x0800097c                initialize_touchscreen
 .text.HAL_TIM_PeriodElapsedCallback
                0x0800099c       0x18 build/main.o
                0x0800099c                HAL_TIM_PeriodElapsedCallback
 .text._Error_Handler
                0x080009b4        0x2 build/main.o
                0x080009b4                _Error_Handler
 *fill*         0x080009b6        0x2 
 .text.MX_ADC3_Init
                0x080009b8       0x70 build/main.o
 .text.MX_CRC_Init
                0x08000a28       0x34 build/main.o
 .text.MX_DCMI_Init
                0x08000a5c       0x40 build/main.o
 .text.MX_DMA2D_Init
                0x08000a9c       0x4c build/main.o
 .text.MX_FMC_Init
                0x08000ae8       0x6c build/main.o
 .text.MX_I2C1_Init
                0x08000b54       0x68 build/main.o
 .text.MX_I2C3_Init
                0x08000bbc       0x68 build/main.o
 .text.MX_LTDC_Init
                0x08000c24       0xb8 build/main.o
 .text.MX_QUADSPI_Init
                0x08000cdc       0x3c build/main.o
 .text.MX_RTC_Init
                0x08000d18      0x104 build/main.o
 .text.MX_SAI2_Init
                0x08000e1c       0xb4 build/main.o
 .text.MX_SPDIFRX_Init
                0x08000ed0       0x3c build/main.o
 .text.MX_SPI2_Init
                0x08000f0c       0x54 build/main.o
 .text.MX_TIM1_Init
                0x08000f60       0xf0 build/main.o
 .text.MX_TIM2_Init
                0x08001050       0xa4 build/main.o
 .text.MX_TIM3_Init
                0x080010f4       0xa8 build/main.o
 .text.MX_TIM5_Init
                0x0800119c       0xa8 build/main.o
 .text.MX_TIM8_Init
                0x08001244       0x74 build/main.o
 .text.MX_TIM12_Init
                0x080012b8       0x60 build/main.o
 .text.MX_USART1_UART_Init
                0x08001318       0x40 build/main.o
 .text.MX_USART6_UART_Init
                0x08001358       0x40 build/main.o
 .text.MX_TIM7_Init
                0x08001398       0x50 build/main.o
 .text.SystemClock_Config
                0x080013e8      0x138 build/main.o
                0x080013e8                SystemClock_Config
 .text.main     0x08001520       0xbc build/main.o
                0x08001520                main
 .text.BSP_SD_ReadBlocks_DMA
                0x080015dc       0x18 build/bsp_driver_sd.o
                0x080015dc                BSP_SD_ReadBlocks_DMA
 .text.BSP_SD_WriteBlocks_DMA
                0x080015f4       0x18 build/bsp_driver_sd.o
                0x080015f4                BSP_SD_WriteBlocks_DMA
 .text.BSP_SD_GetCardState
                0x0800160c       0x14 build/bsp_driver_sd.o
                0x0800160c                BSP_SD_GetCardState
 .text.BSP_SD_GetCardInfo
                0x08001620       0x10 build/bsp_driver_sd.o
                0x08001620                BSP_SD_GetCardInfo
 .text.HAL_SD_RxCpltCallback
                0x08001630        0x8 build/bsp_driver_sd.o
                0x08001630                HAL_SD_RxCpltCallback
 .text.BSP_SD_IsDetected
                0x08001638       0x20 build/bsp_driver_sd.o
                0x08001638                BSP_SD_IsDetected
 .text.BSP_SD_Init
                0x08001658       0x34 build/bsp_driver_sd.o
                0x08001658                BSP_SD_Init
 .text.SD_CheckStatus
                0x0800168c       0x24 build/sd_diskio.o
 .text.SD_initialize
                0x080016b0       0x5c build/sd_diskio.o
                0x080016b0                SD_initialize
 .text.SD_status
                0x0800170c        0x8 build/sd_diskio.o
                0x0800170c                SD_status
 .text.SD_read  0x08001714       0x60 build/sd_diskio.o
                0x08001714                SD_read
 .text.SD_write
                0x08001774       0x60 build/sd_diskio.o
                0x08001774                SD_write
 .text.SD_ioctl
                0x080017d4       0x5c build/sd_diskio.o
                0x080017d4                SD_ioctl
 .text.BSP_SD_ReadCpltCallback
                0x08001830       0x18 build/sd_diskio.o
                0x08001830                BSP_SD_ReadCpltCallback
 .text.MX_FATFS_Init
                0x08001848       0x6c build/fatfs.o
                0x08001848                MX_FATFS_Init
 .text.get_fattime
                0x080018b4        0x4 build/fatfs.o
                0x080018b4                get_fattime
 .text.BSP_PlatformIsDetected
                0x080018b8       0x1c build/fatfs_platform.o
                0x080018b8                BSP_PlatformIsDetected
 .text.USBH_initialize
                0x080018d4        0x4 build/usbh_diskio.o
                0x080018d4                USBH_initialize
 .text.USBH_status
                0x080018d8       0x18 build/usbh_diskio.o
                0x080018d8                USBH_status
 .text.USBH_ioctl
                0x080018f0       0x68 build/usbh_diskio.o
                0x080018f0                USBH_ioctl
 .text.USBH_read
                0x08001958       0x5c build/usbh_diskio.o
                0x08001958                USBH_read
 .text.USBH_write
                0x080019b4       0x7c build/usbh_diskio.o
                0x080019b4                USBH_write
 .text.vApplicationIdleHook
                0x08001a30        0x2 build/freertos.o
                0x08001a30                vApplicationIdleHook
 .text.vApplicationStackOverflowHook
                0x08001a32        0x2 build/freertos.o
                0x08001a32                vApplicationStackOverflowHook
 .text.vApplicationMallocFailedHook
                0x08001a34        0x2 build/freertos.o
                0x08001a34                vApplicationMallocFailedHook
 *fill*         0x08001a36        0x2 
 .text.HAL_ETH_RxCpltCallback
                0x08001a38       0x10 build/ethernetif.o
                0x08001a38                HAL_ETH_RxCpltCallback
 .text._sbrk    0x08001a48       0x48 build/syscalls.o
                0x08001a48                _sbrk
 .text._write   0x08001a90       0x1c build/syscalls.o
                0x08001a90                _write
 .text._close   0x08001aac        0x6 build/syscalls.o
                0x08001aac                _close
 .text._fstat   0x08001ab2        0xa build/syscalls.o
                0x08001ab2                _fstat
 .text._isatty  0x08001abc        0x4 build/syscalls.o
                0x08001abc                _isatty
 .text._lseek   0x08001ac0        0x4 build/syscalls.o
                0x08001ac0                _lseek
 .text._read    0x08001ac4       0x1c build/syscalls.o
                0x08001ac4                _read
 .text.USBH_UserProcess
                0x08001ae0       0x2c build/usb_host.o
 .text.MX_USB_HOST_Init
                0x08001b0c       0x2c build/usb_host.o
                0x08001b0c                MX_USB_HOST_Init
 .text.HAL_HCD_MspInit
                0x08001b38       0x70 build/usbh_conf.o
                0x08001b38                HAL_HCD_MspInit
 .text.HAL_HCD_SOF_Callback
                0x08001ba8        0xc build/usbh_conf.o
                0x08001ba8                HAL_HCD_SOF_Callback
 .text.HAL_HCD_Connect_Callback
                0x08001bb4        0xc build/usbh_conf.o
                0x08001bb4                HAL_HCD_Connect_Callback
 .text.HAL_HCD_Disconnect_Callback
                0x08001bc0        0xc build/usbh_conf.o
                0x08001bc0                HAL_HCD_Disconnect_Callback
 .text.HAL_HCD_HC_NotifyURBChange_Callback
                0x08001bcc        0xc build/usbh_conf.o
                0x08001bcc                HAL_HCD_HC_NotifyURBChange_Callback
 .text.HAL_HCD_PortEnabled_Callback
                0x08001bd8        0xc build/usbh_conf.o
                0x08001bd8                HAL_HCD_PortEnabled_Callback
 .text.HAL_HCD_PortDisabled_Callback
                0x08001be4        0xc build/usbh_conf.o
                0x08001be4                HAL_HCD_PortDisabled_Callback
 .text.USBH_LL_Init
                0x08001bf0       0x5c build/usbh_conf.o
                0x08001bf0                USBH_LL_Init
 .text.USBH_LL_Start
                0x08001c4c       0x1c build/usbh_conf.o
                0x08001c4c                USBH_LL_Start
 .text.USBH_LL_Stop
                0x08001c68       0x1c build/usbh_conf.o
                0x08001c68                USBH_LL_Stop
 .text.USBH_LL_GetSpeed
                0x08001c84       0x1c build/usbh_conf.o
                0x08001c84                USBH_LL_GetSpeed
 .text.USBH_LL_ResetPort
                0x08001ca0       0x1c build/usbh_conf.o
                0x08001ca0                USBH_LL_ResetPort
 .text.USBH_LL_GetLastXferSize
                0x08001cbc        0xc build/usbh_conf.o
                0x08001cbc                USBH_LL_GetLastXferSize
 .text.USBH_LL_OpenPipe
                0x08001cc8       0x32 build/usbh_conf.o
                0x08001cc8                USBH_LL_OpenPipe
 .text.USBH_LL_ClosePipe
                0x08001cfa       0x1c build/usbh_conf.o
                0x08001cfa                USBH_LL_ClosePipe
 .text.USBH_LL_SubmitURB
                0x08001d16       0x36 build/usbh_conf.o
                0x08001d16                USBH_LL_SubmitURB
 .text.USBH_LL_GetURBState
                0x08001d4c        0xc build/usbh_conf.o
                0x08001d4c                USBH_LL_GetURBState
 .text.USBH_LL_DriverVBUS
                0x08001d58       0x1c build/usbh_conf.o
                0x08001d58                USBH_LL_DriverVBUS
 .text.USBH_LL_SetToggle
                0x08001d74       0x32 build/usbh_conf.o
                0x08001d74                USBH_LL_SetToggle
 .text.USBH_LL_GetToggle
                0x08001da6       0x2a build/usbh_conf.o
                0x08001da6                USBH_LL_GetToggle
 .text.USBH_Delay
                0x08001dd0        0x8 build/usbh_conf.o
                0x08001dd0                USBH_Delay
 .text.MX_DriverVbusFS
                0x08001dd8       0x18 build/usbh_platform.o
                0x08001dd8                MX_DriverVbusFS
 .text.HL_Default_Handler
                0x08001df0       0x10 build/stm32f7xx_it.o
                0x08001df0                HL_Default_Handler
 .text.DMA2_Stream7_IRQHandler
                0x08001e00       0x10 build/stm32f7xx_it.o
                0x08001e00                DMA2_Stream7_IRQHandler
 .text.DMA2_Stream4_IRQHandler
                0x08001e10       0x10 build/stm32f7xx_it.o
                0x08001e10                DMA2_Stream4_IRQHandler
 .text.NMI_Handler
                0x08001e20        0x2 build/stm32f7xx_it.o
                0x08001e20                NMI_Handler
 .text.HardFault_Handler
                0x08001e22        0x2 build/stm32f7xx_it.o
                0x08001e22                HardFault_Handler
 .text.MemManage_Handler
                0x08001e24        0x2 build/stm32f7xx_it.o
                0x08001e24                MemManage_Handler
 .text.BusFault_Handler
                0x08001e26        0x2 build/stm32f7xx_it.o
                0x08001e26                BusFault_Handler
 .text.UsageFault_Handler
                0x08001e28        0x2 build/stm32f7xx_it.o
                0x08001e28                UsageFault_Handler
 .text.DebugMon_Handler
                0x08001e2a        0x2 build/stm32f7xx_it.o
                0x08001e2a                DebugMon_Handler
 .text.SysTick_Handler
                0x08001e2c        0x8 build/stm32f7xx_it.o
                0x08001e2c                SysTick_Handler
 .text.TIM6_DAC_IRQHandler
                0x08001e34       0x10 build/stm32f7xx_it.o
                0x08001e34                TIM6_DAC_IRQHandler
 .text.ETH_IRQHandler
                0x08001e44       0x10 build/stm32f7xx_it.o
                0x08001e44                ETH_IRQHandler
 .text.OTG_FS_IRQHandler
                0x08001e54       0x10 build/stm32f7xx_it.o
                0x08001e54                OTG_FS_IRQHandler
 .text.LTDC_IRQHandler
                0x08001e64       0x10 build/stm32f7xx_it.o
                0x08001e64                LTDC_IRQHandler
 .text.DMA2D_IRQHandler
                0x08001e74       0x10 build/stm32f7xx_it.o
                0x08001e74                DMA2D_IRQHandler
 .text.HAL_FMC_MspInit
                0x08001e84       0xd4 build/stm32f7xx_hal_msp.o
 .text.HAL_MspInit
                0x08001f58       0x90 build/stm32f7xx_hal_msp.o
                0x08001f58                HAL_MspInit
 .text.HAL_ADC_MspInit
                0x08001fe8       0x5c build/stm32f7xx_hal_msp.o
                0x08001fe8                HAL_ADC_MspInit
 .text.HAL_CRC_MspInit
                0x08002044       0x2c build/stm32f7xx_hal_msp.o
                0x08002044                HAL_CRC_MspInit
 .text.HAL_DCMI_MspInit
                0x08002070       0xb0 build/stm32f7xx_hal_msp.o
                0x08002070                HAL_DCMI_MspInit
 .text.HAL_DMA2D_MspInit
                0x08002120       0x40 build/stm32f7xx_hal_msp.o
                0x08002120                HAL_DMA2D_MspInit
 .text.HAL_I2C_MspInit
                0x08002160       0x94 build/stm32f7xx_hal_msp.o
                0x08002160                HAL_I2C_MspInit
 .text.HAL_I2C_MspDeInit
                0x080021f4       0x54 build/stm32f7xx_hal_msp.o
                0x080021f4                HAL_I2C_MspDeInit
 .text.HAL_LTDC_MspInit
                0x08002248       0xc4 build/stm32f7xx_hal_msp.o
                0x08002248                HAL_LTDC_MspInit
 .text.HAL_QSPI_MspInit
                0x0800230c       0xac build/stm32f7xx_hal_msp.o
                0x0800230c                HAL_QSPI_MspInit
 .text.HAL_RTC_MspInit
                0x080023b8       0x20 build/stm32f7xx_hal_msp.o
                0x080023b8                HAL_RTC_MspInit
 .text.HAL_SD_MspInit
                0x080023d8       0x68 build/stm32f7xx_hal_msp.o
                0x080023d8                HAL_SD_MspInit
 .text.HAL_SPDIFRX_MspInit
                0x08002440       0x48 build/stm32f7xx_hal_msp.o
                0x08002440                HAL_SPDIFRX_MspInit
 .text.HAL_SPI_MspInit
                0x08002488       0x64 build/stm32f7xx_hal_msp.o
                0x08002488                HAL_SPI_MspInit
 .text.HAL_TIM_Base_MspInit
                0x080024ec       0xc8 build/stm32f7xx_hal_msp.o
                0x080024ec                HAL_TIM_Base_MspInit
 .text.HAL_TIM_PWM_MspInit
                0x080025b4       0x2c build/stm32f7xx_hal_msp.o
                0x080025b4                HAL_TIM_PWM_MspInit
 .text.HAL_TIM_MspPostInit
                0x080025e0       0xd8 build/stm32f7xx_hal_msp.o
                0x080025e0                HAL_TIM_MspPostInit
 .text.HAL_UART_MspInit
                0x080026b8       0xa8 build/stm32f7xx_hal_msp.o
                0x080026b8                HAL_UART_MspInit
 .text.HAL_SDRAM_MspInit
                0x08002760        0x8 build/stm32f7xx_hal_msp.o
                0x08002760                HAL_SDRAM_MspInit
 .text.HAL_SAI_MspInit
                0x08002768       0xac build/stm32f7xx_hal_msp.o
                0x08002768                HAL_SAI_MspInit
 .text.HAL_InitTick
                0x08002814       0x7c build/stm32f7xx_hal_timebase_TIM.o
                0x08002814                HAL_InitTick
 .text.HAL_ETH_TxCpltCallback
                0x08002890        0x2 build/stm32f7xx_hal_eth.o
                0x08002890                HAL_ETH_TxCpltCallback
 .text.HAL_ETH_ErrorCallback
                0x08002892        0x2 build/stm32f7xx_hal_eth.o
                0x08002892                HAL_ETH_ErrorCallback
 .text.HAL_ETH_IRQHandler
                0x08002894       0x8c build/stm32f7xx_hal_eth.o
                0x08002894                HAL_ETH_IRQHandler
 .text.HCD_RXQLVL_IRQHandler
                0x08002920       0x7c build/stm32f7xx_hal_hcd.o
 .text.HAL_HCD_HC_Init
                0x0800299c       0xa0 build/stm32f7xx_hal_hcd.o
                0x0800299c                HAL_HCD_HC_Init
 .text.HAL_HCD_HC_Halt
                0x08002a3c       0x24 build/stm32f7xx_hal_hcd.o
                0x08002a3c                HAL_HCD_HC_Halt
 .text.HAL_HCD_Init
                0x08002a60       0x84 build/stm32f7xx_hal_hcd.o
                0x08002a60                HAL_HCD_Init
 .text.HAL_HCD_HC_SubmitRequest
                0x08002ae4      0x18c build/stm32f7xx_hal_hcd.o
                0x08002ae4                HAL_HCD_HC_SubmitRequest
 .text.HCD_Port_IRQHandler
                0x08002c70       0xd4 build/stm32f7xx_hal_hcd.o
 .text.HCD_HC_IN_IRQHandler
                0x08002d44      0x2d8 build/stm32f7xx_hal_hcd.o
 .text.HCD_HC_OUT_IRQHandler
                0x0800301c      0x2ac build/stm32f7xx_hal_hcd.o
 .text.HAL_HCD_IRQHandler
                0x080032c8      0x148 build/stm32f7xx_hal_hcd.o
                0x080032c8                HAL_HCD_IRQHandler
 .text.HAL_HCD_Start
                0x08003410       0x2c build/stm32f7xx_hal_hcd.o
                0x08003410                HAL_HCD_Start
 .text.HAL_HCD_Stop
                0x0800343c       0x24 build/stm32f7xx_hal_hcd.o
                0x0800343c                HAL_HCD_Stop
 .text.HAL_HCD_ResetPort
                0x08003460        0xa build/stm32f7xx_hal_hcd.o
                0x08003460                HAL_HCD_ResetPort
 .text.HAL_HCD_HC_GetURBState
                0x0800346a        0xe build/stm32f7xx_hal_hcd.o
                0x0800346a                HAL_HCD_HC_GetURBState
 .text.HAL_HCD_HC_GetXferCount
                0x08003478        0xc build/stm32f7xx_hal_hcd.o
                0x08003478                HAL_HCD_HC_GetXferCount
 .text.HAL_HCD_GetCurrentFrame
                0x08003484        0xa build/stm32f7xx_hal_hcd.o
                0x08003484                HAL_HCD_GetCurrentFrame
 .text.HAL_HCD_GetCurrentSpeed
                0x0800348e        0xa build/stm32f7xx_hal_hcd.o
                0x0800348e                HAL_HCD_GetCurrentSpeed
 .text.USB_CoreReset
                0x08003498       0x3c build/stm32f7xx_ll_usb.o
 .text.USB_CoreInit
                0x080034d4       0x7c build/stm32f7xx_ll_usb.o
                0x080034d4                USB_CoreInit
 .text.USB_EnableGlobalInt
                0x08003550        0xc build/stm32f7xx_ll_usb.o
                0x08003550                USB_EnableGlobalInt
 .text.USB_DisableGlobalInt
                0x0800355c        0xc build/stm32f7xx_ll_usb.o
                0x0800355c                USB_DisableGlobalInt
 .text.USB_SetCurrentMode
                0x08003568       0x30 build/stm32f7xx_ll_usb.o
                0x08003568                USB_SetCurrentMode
 .text.USB_FlushTxFifo
                0x08003598       0x28 build/stm32f7xx_ll_usb.o
                0x08003598                USB_FlushTxFifo
 .text.USB_FlushRxFifo
                0x080035c0       0x24 build/stm32f7xx_ll_usb.o
                0x080035c0                USB_FlushRxFifo
 .text.USB_WritePacket
                0x080035e4       0x28 build/stm32f7xx_ll_usb.o
                0x080035e4                USB_WritePacket
 .text.USB_ReadPacket
                0x0800360c       0x28 build/stm32f7xx_ll_usb.o
                0x0800360c                USB_ReadPacket
 .text.USB_ReadInterrupts
                0x08003634        0x8 build/stm32f7xx_ll_usb.o
                0x08003634                USB_ReadInterrupts
 .text.USB_GetMode
                0x0800363c        0x8 build/stm32f7xx_ll_usb.o
                0x0800363c                USB_GetMode
 .text.USB_InitFSLSPClkSel
                0x08003644       0x40 build/stm32f7xx_ll_usb.o
                0x08003644                USB_InitFSLSPClkSel
 .text.USB_ResetPort
                0x08003684       0x3e build/stm32f7xx_ll_usb.o
                0x08003684                USB_ResetPort
 .text.USB_DriveVbus
                0x080036c2       0x46 build/stm32f7xx_ll_usb.o
                0x080036c2                USB_DriveVbus
 .text.USB_HostInit
                0x08003708       0xdc build/stm32f7xx_ll_usb.o
                0x08003708                USB_HostInit
 .text.USB_GetHostSpeed
                0x080037e4       0x16 build/stm32f7xx_ll_usb.o
                0x080037e4                USB_GetHostSpeed
 .text.USB_GetCurrentFrame
                0x080037fa        0xa build/stm32f7xx_ll_usb.o
                0x080037fa                USB_GetCurrentFrame
 .text.USB_HC_Init
                0x08003804      0x106 build/stm32f7xx_ll_usb.o
                0x08003804                USB_HC_Init
 .text.USB_HC_ReadInterrupt
                0x0800390a        0xa build/stm32f7xx_ll_usb.o
                0x0800390a                USB_HC_ReadInterrupt
 .text.USB_HC_Halt
                0x08003914       0xdc build/stm32f7xx_ll_usb.o
                0x08003914                USB_HC_Halt
 .text.USB_DoPing
                0x080039f0       0x24 build/stm32f7xx_ll_usb.o
                0x080039f0                USB_DoPing
 .text.USB_HC_StartXfer
                0x08003a14      0x158 build/stm32f7xx_ll_usb.o
                0x08003a14                USB_HC_StartXfer
 .text.USB_StopHost
                0x08003b6c       0x7e build/stm32f7xx_ll_usb.o
                0x08003b6c                USB_StopHost
 *fill*         0x08003bea        0x2 
 .text.ADC_Init
                0x08003bec      0x130 build/stm32f7xx_hal_adc.o
 .text.HAL_ADC_Init
                0x08003d1c       0x54 build/stm32f7xx_hal_adc.o
                0x08003d1c                HAL_ADC_Init
 .text.HAL_ADC_ConfigChannel
                0x08003d70      0x1ac build/stm32f7xx_hal_adc.o
                0x08003d70                HAL_ADC_ConfigChannel
 .text.HAL_NVIC_SetPriorityGrouping
                0x08003f1c       0x24 build/stm32f7xx_hal_cortex.o
                0x08003f1c                HAL_NVIC_SetPriorityGrouping
 .text.HAL_NVIC_SetPriority
                0x08003f40       0x64 build/stm32f7xx_hal_cortex.o
                0x08003f40                HAL_NVIC_SetPriority
 .text.HAL_NVIC_EnableIRQ
                0x08003fa4       0x18 build/stm32f7xx_hal_cortex.o
                0x08003fa4                HAL_NVIC_EnableIRQ
 .text.HAL_SYSTICK_Config
                0x08003fbc       0x2c build/stm32f7xx_hal_cortex.o
                0x08003fbc                HAL_SYSTICK_Config
 .text.HAL_SYSTICK_CLKSourceConfig
                0x08003fe8       0x20 build/stm32f7xx_hal_cortex.o
                0x08003fe8                HAL_SYSTICK_CLKSourceConfig
 .text.HAL_CRC_Init
                0x08004008       0x80 build/stm32f7xx_hal_crc.o
                0x08004008                HAL_CRC_Init
 .text.HAL_CRCEx_Polynomial_Set
                0x08004088       0x56 build/stm32f7xx_hal_crc_ex.o
                0x08004088                HAL_CRCEx_Polynomial_Set
 *fill*         0x080040de        0x2 
 .text.HAL_DCMI_Init
                0x080040e0       0x98 build/stm32f7xx_hal_dcmi.o
                0x080040e0                HAL_DCMI_Init
 .text.DMA2D_SetConfig
                0x08004178       0x8c build/stm32f7xx_hal_dma2d.o
 .text.HAL_DMA2D_Init
                0x08004204       0x5c build/stm32f7xx_hal_dma2d.o
                0x08004204                HAL_DMA2D_Init
 .text.HAL_DMA2D_Start
                0x08004260       0x38 build/stm32f7xx_hal_dma2d.o
                0x08004260                HAL_DMA2D_Start
 .text.HAL_DMA2D_PollForTransfer
                0x08004298      0x13e build/stm32f7xx_hal_dma2d.o
                0x08004298                HAL_DMA2D_PollForTransfer
 .text.HAL_DMA2D_LineEventCallback
                0x080043d6        0x2 build/stm32f7xx_hal_dma2d.o
                0x080043d6                HAL_DMA2D_LineEventCallback
 .text.HAL_DMA2D_CLUTLoadingCpltCallback
                0x080043d8        0x2 build/stm32f7xx_hal_dma2d.o
                0x080043d8                HAL_DMA2D_CLUTLoadingCpltCallback
 .text.HAL_DMA2D_IRQHandler
                0x080043da      0x13c build/stm32f7xx_hal_dma2d.o
                0x080043da                HAL_DMA2D_IRQHandler
 *fill*         0x08004516        0x2 
 .text.HAL_DMA2D_ConfigLayer
                0x08004518       0xc4 build/stm32f7xx_hal_dma2d.o
                0x08004518                HAL_DMA2D_ConfigLayer
 .text.FMC_SDRAM_Init
                0x080045dc       0x74 build/stm32f7xx_ll_fmc.o
                0x080045dc                FMC_SDRAM_Init
 .text.FMC_SDRAM_Timing_Init
                0x08004650       0x98 build/stm32f7xx_ll_fmc.o
                0x08004650                FMC_SDRAM_Timing_Init
 .text.FMC_SDRAM_SendCommand
                0x080046e8       0x2c build/stm32f7xx_ll_fmc.o
                0x080046e8                FMC_SDRAM_SendCommand
 .text.FMC_SDRAM_ProgramRefreshRate
                0x08004714        0xc build/stm32f7xx_ll_fmc.o
                0x08004714                FMC_SDRAM_ProgramRefreshRate
 .text.HAL_SDRAM_Init
                0x08004720       0x3e build/stm32f7xx_hal_sdram.o
                0x08004720                HAL_SDRAM_Init
 .text.HAL_SDRAM_SendCommand
                0x0800475e       0x3a build/stm32f7xx_hal_sdram.o
                0x0800475e                HAL_SDRAM_SendCommand
 .text.HAL_SDRAM_ProgramRefreshRate
                0x08004798       0x28 build/stm32f7xx_hal_sdram.o
                0x08004798                HAL_SDRAM_ProgramRefreshRate
 .text.I2C_Flush_TXDR
                0x080047c0       0x22 build/stm32f7xx_hal_i2c.o
 .text.I2C_TransferConfig
                0x080047e2       0x36 build/stm32f7xx_hal_i2c.o
 .text.I2C_IsAcknowledgeFailed
                0x08004818       0x82 build/stm32f7xx_hal_i2c.o
 .text.I2C_WaitOnTXISFlagUntilTimeout
                0x0800489a       0x54 build/stm32f7xx_hal_i2c.o
 .text.I2C_WaitOnFlagUntilTimeout
                0x080048ee       0x48 build/stm32f7xx_hal_i2c.o
 *fill*         0x08004936        0x2 
 .text.I2C_RequestMemoryWrite
                0x08004938       0x88 build/stm32f7xx_hal_i2c.o
 .text.I2C_RequestMemoryRead
                0x080049c0       0x84 build/stm32f7xx_hal_i2c.o
 .text.I2C_WaitOnSTOPFlagUntilTimeout
                0x08004a44       0x4e build/stm32f7xx_hal_i2c.o
 *fill*         0x08004a92        0x2 
 .text.HAL_I2C_Init
                0x08004a94       0xbc build/stm32f7xx_hal_i2c.o
                0x08004a94                HAL_I2C_Init
 .text.HAL_I2C_DeInit
                0x08004b50       0x32 build/stm32f7xx_hal_i2c.o
                0x08004b50                HAL_I2C_DeInit
 .text.HAL_I2C_Mem_Write
                0x08004b82      0x1d4 build/stm32f7xx_hal_i2c.o
                0x08004b82                HAL_I2C_Mem_Write
 *fill*         0x08004d56        0x2 
 .text.HAL_I2C_Mem_Read
                0x08004d58      0x1d4 build/stm32f7xx_hal_i2c.o
                0x08004d58                HAL_I2C_Mem_Read
 .text.HAL_I2C_GetState
                0x08004f2c        0x6 build/stm32f7xx_hal_i2c.o
                0x08004f2c                HAL_I2C_GetState
 .text.HAL_I2CEx_ConfigAnalogFilter
                0x08004f32       0x5c build/stm32f7xx_hal_i2c_ex.o
                0x08004f32                HAL_I2CEx_ConfigAnalogFilter
 .text.HAL_I2CEx_ConfigDigitalFilter
                0x08004f8e       0x58 build/stm32f7xx_hal_i2c_ex.o
                0x08004f8e                HAL_I2CEx_ConfigDigitalFilter
 *fill*         0x08004fe6        0x2 
 .text.LTDC_SetConfig
                0x08004fe8      0x194 build/stm32f7xx_hal_ltdc.o
 .text.HAL_LTDC_Init
                0x0800517c       0xfc build/stm32f7xx_hal_ltdc.o
                0x0800517c                HAL_LTDC_Init
 .text.HAL_LTDC_ErrorCallback
                0x08005278        0x2 build/stm32f7xx_hal_ltdc.o
                0x08005278                HAL_LTDC_ErrorCallback
 .text.HAL_LTDC_LineEventCallback
                0x0800527a        0x2 build/stm32f7xx_hal_ltdc.o
                0x0800527a                HAL_LTDC_LineEventCallback
 .text.HAL_LTDC_ReloadEventCallback
                0x0800527c        0x2 build/stm32f7xx_hal_ltdc.o
                0x0800527c                HAL_LTDC_ReloadEventCallback
 .text.HAL_LTDC_IRQHandler
                0x0800527e       0xe6 build/stm32f7xx_hal_ltdc.o
                0x0800527e                HAL_LTDC_IRQHandler
 .text.HAL_LTDC_ConfigLayer
                0x08005364       0x5c build/stm32f7xx_hal_ltdc.o
                0x08005364                HAL_LTDC_ConfigLayer
 .text.HAL_LTDC_ConfigColorKeying
                0x080053c0       0x48 build/stm32f7xx_hal_ltdc.o
                0x080053c0                HAL_LTDC_ConfigColorKeying
 .text.HAL_LTDC_EnableColorKeying
                0x08005408       0x3c build/stm32f7xx_hal_ltdc.o
                0x08005408                HAL_LTDC_EnableColorKeying
 .text.HAL_LTDC_SetAlpha
                0x08005444       0x42 build/stm32f7xx_hal_ltdc.o
                0x08005444                HAL_LTDC_SetAlpha
 .text.HAL_LTDC_GetState
                0x08005486        0x6 build/stm32f7xx_hal_ltdc.o
                0x08005486                HAL_LTDC_GetState
 .text.QSPI_WaitFlagStateUntilTimeout
                0x0800548c       0x4a build/stm32f7xx_hal_qspi.o
 .text.HAL_QSPI_SetTimeout
                0x080054d6        0x4 build/stm32f7xx_hal_qspi.o
                0x080054d6                HAL_QSPI_SetTimeout
 *fill*         0x080054da        0x2 
 .text.HAL_QSPI_Init
                0x080054dc       0xc8 build/stm32f7xx_hal_qspi.o
                0x080054dc                HAL_QSPI_Init
 .text.HAL_RTC_WaitForSynchro
                0x080055a4       0x32 build/stm32f7xx_hal_rtc.o
                0x080055a4                HAL_RTC_WaitForSynchro
 .text.RTC_EnterInitMode
                0x080055d6       0x3c build/stm32f7xx_hal_rtc.o
                0x080055d6                RTC_EnterInitMode
 *fill*         0x08005612        0x2 
 .text.HAL_RTC_Init
                0x08005614       0xa4 build/stm32f7xx_hal_rtc.o
                0x08005614                HAL_RTC_Init
 .text.RTC_ByteToBcd2
                0x080056b8       0x16 build/stm32f7xx_hal_rtc.o
                0x080056b8                RTC_ByteToBcd2
 *fill*         0x080056ce        0x2 
 .text.HAL_RTC_SetDate
                0x080056d0       0xdc build/stm32f7xx_hal_rtc.o
                0x080056d0                HAL_RTC_SetDate
 .text.HAL_RTC_SetTime
                0x080057ac      0x100 build/stm32f7xx_hal_rtc.o
                0x080057ac                HAL_RTC_SetTime
 .text.HAL_RTC_SetAlarm
                0x080058ac      0x160 build/stm32f7xx_hal_rtc.o
                0x080058ac                HAL_RTC_SetAlarm
 .text.HAL_RTCEx_SetTimeStamp
                0x08005a0c       0x5c build/stm32f7xx_hal_rtc_ex.o
                0x08005a0c                HAL_RTCEx_SetTimeStamp
 .text.SAI_Disable
                0x08005a68       0x44 build/stm32f7xx_hal_sai.o
 .text.HAL_SAI_Init
                0x08005aac      0x208 build/stm32f7xx_hal_sai.o
                0x08005aac                HAL_SAI_Init
 .text.SDMMC_GetCmdError
                0x08005cb4       0x3c build/stm32f7xx_ll_sdmmc.o
 .text.SDMMC_GetCmdResp2
                0x08005cf0       0x5c build/stm32f7xx_ll_sdmmc.o
 .text.SDMMC_GetCmdResp3
                0x08005d4c       0x4c build/stm32f7xx_ll_sdmmc.o
 .text.SDMMC_GetCmdResp7
                0x08005d98       0x54 build/stm32f7xx_ll_sdmmc.o
 .text.SDMMC_Init
                0x08005dec       0x38 build/stm32f7xx_ll_sdmmc.o
                0x08005dec                SDMMC_Init
 .text.SDMMC_ReadFIFO
                0x08005e24        0x6 build/stm32f7xx_ll_sdmmc.o
                0x08005e24                SDMMC_ReadFIFO
 .text.SDMMC_PowerState_ON
                0x08005e2a        0x8 build/stm32f7xx_ll_sdmmc.o
                0x08005e2a                SDMMC_PowerState_ON
 .text.SDMMC_GetPowerState
                0x08005e32        0x8 build/stm32f7xx_ll_sdmmc.o
                0x08005e32                SDMMC_GetPowerState
 *fill*         0x08005e3a        0x2 
 .text.SDMMC_SendCommand
                0x08005e3c       0x24 build/stm32f7xx_ll_sdmmc.o
                0x08005e3c                SDMMC_SendCommand
 .text.SDMMC_GetCommandResponse
                0x08005e60        0x6 build/stm32f7xx_ll_sdmmc.o
                0x08005e60                SDMMC_GetCommandResponse
 .text.SDMMC_GetResponse
                0x08005e66       0x14 build/stm32f7xx_ll_sdmmc.o
                0x08005e66                SDMMC_GetResponse
 *fill*         0x08005e7a        0x2 
 .text.SDMMC_GetCmdResp1
                0x08005e7c      0x154 build/stm32f7xx_ll_sdmmc.o
 .text.SDMMC_GetCmdResp6
                0x08005fd0       0xa0 build/stm32f7xx_ll_sdmmc.o
 .text.SDMMC_ConfigData
                0x08006070       0x24 build/stm32f7xx_ll_sdmmc.o
                0x08006070                SDMMC_ConfigData
 .text.SDMMC_CmdBlockLength
                0x08006094       0x30 build/stm32f7xx_ll_sdmmc.o
                0x08006094                SDMMC_CmdBlockLength
 .text.SDMMC_CmdReadSingleBlock
                0x080060c4       0x30 build/stm32f7xx_ll_sdmmc.o
                0x080060c4                SDMMC_CmdReadSingleBlock
 .text.SDMMC_CmdReadMultiBlock
                0x080060f4       0x30 build/stm32f7xx_ll_sdmmc.o
                0x080060f4                SDMMC_CmdReadMultiBlock
 .text.SDMMC_CmdWriteSingleBlock
                0x08006124       0x30 build/stm32f7xx_ll_sdmmc.o
                0x08006124                SDMMC_CmdWriteSingleBlock
 .text.SDMMC_CmdWriteMultiBlock
                0x08006154       0x30 build/stm32f7xx_ll_sdmmc.o
                0x08006154                SDMMC_CmdWriteMultiBlock
 .text.SDMMC_CmdStopTransfer
                0x08006184       0x34 build/stm32f7xx_ll_sdmmc.o
                0x08006184                SDMMC_CmdStopTransfer
 .text.SDMMC_CmdSelDesel
                0x080061b8       0x30 build/stm32f7xx_ll_sdmmc.o
                0x080061b8                SDMMC_CmdSelDesel
 .text.SDMMC_CmdGoIdleState
                0x080061e8       0x26 build/stm32f7xx_ll_sdmmc.o
                0x080061e8                SDMMC_CmdGoIdleState
 .text.SDMMC_CmdOperCond
                0x0800620e       0x2e build/stm32f7xx_ll_sdmmc.o
                0x0800620e                SDMMC_CmdOperCond
 .text.SDMMC_CmdAppCommand
                0x0800623c       0x30 build/stm32f7xx_ll_sdmmc.o
                0x0800623c                SDMMC_CmdAppCommand
 .text.SDMMC_CmdAppOperCommand
                0x0800626c       0x34 build/stm32f7xx_ll_sdmmc.o
                0x0800626c                SDMMC_CmdAppOperCommand
 .text.SDMMC_CmdBusWidth
                0x080062a0       0x30 build/stm32f7xx_ll_sdmmc.o
                0x080062a0                SDMMC_CmdBusWidth
 .text.SDMMC_CmdSendSCR
                0x080062d0       0x30 build/stm32f7xx_ll_sdmmc.o
                0x080062d0                SDMMC_CmdSendSCR
 .text.SDMMC_CmdSendCID
                0x08006300       0x2a build/stm32f7xx_ll_sdmmc.o
                0x08006300                SDMMC_CmdSendCID
 .text.SDMMC_CmdSendCSD
                0x0800632a       0x2a build/stm32f7xx_ll_sdmmc.o
                0x0800632a                SDMMC_CmdSendCSD
 .text.SDMMC_CmdSetRelAdd
                0x08006354       0x30 build/stm32f7xx_ll_sdmmc.o
                0x08006354                SDMMC_CmdSetRelAdd
 .text.SDMMC_CmdSendStatus
                0x08006384       0x30 build/stm32f7xx_ll_sdmmc.o
                0x08006384                SDMMC_CmdSendStatus
 .text.SD_DMATransmitCplt
                0x080063b4        0xe build/stm32f7xx_hal_sd.o
 .text.SD_PowerON
                0x080063c2       0xd4 build/stm32f7xx_hal_sd.o
 .text.SD_FindSCR
                0x08006496      0x106 build/stm32f7xx_hal_sd.o
 .text.SD_WideBus_Enable
                0x0800659c       0x56 build/stm32f7xx_hal_sd.o
 .text.SD_WideBus_Disable
                0x080065f2       0x56 build/stm32f7xx_hal_sd.o
 .text.SD_SendStatus
                0x08006648       0x2c build/stm32f7xx_hal_sd.o
 .text.HAL_SD_ReadBlocks_DMA
                0x08006674      0x110 build/stm32f7xx_hal_sd.o
                0x08006674                HAL_SD_ReadBlocks_DMA
 .text.HAL_SD_WriteBlocks_DMA
                0x08006784      0x110 build/stm32f7xx_hal_sd.o
                0x08006784                HAL_SD_WriteBlocks_DMA
 .text.HAL_SD_ErrorCallback
                0x08006894        0x2 build/stm32f7xx_hal_sd.o
                0x08006894                HAL_SD_ErrorCallback
 .text.SD_DMAReceiveCplt
                0x08006896       0x44 build/stm32f7xx_hal_sd.o
 .text.HAL_SD_GetCardCSD
                0x080068da      0x1e2 build/stm32f7xx_hal_sd.o
                0x080068da                HAL_SD_GetCardCSD
 .text.SD_InitCard
                0x08006abc       0xf6 build/stm32f7xx_hal_sd.o
 .text.HAL_SD_InitCard
                0x08006bb2       0x80 build/stm32f7xx_hal_sd.o
                0x08006bb2                HAL_SD_InitCard
 .text.HAL_SD_Init
                0x08006c32       0x32 build/stm32f7xx_hal_sd.o
                0x08006c32                HAL_SD_Init
 .text.HAL_SD_GetCardInfo
                0x08006c64       0x24 build/stm32f7xx_hal_sd.o
                0x08006c64                HAL_SD_GetCardInfo
 .text.HAL_SD_ConfigWideBusOperation
                0x08006c88       0xa0 build/stm32f7xx_hal_sd.o
                0x08006c88                HAL_SD_ConfigWideBusOperation
 .text.HAL_SD_GetCardState
                0x08006d28       0x26 build/stm32f7xx_hal_sd.o
                0x08006d28                HAL_SD_GetCardState
 .text.SD_DMAError
                0x08006d4e       0x62 build/stm32f7xx_hal_sd.o
 .text.HAL_SPDIFRX_Init
                0x08006db0       0x70 build/stm32f7xx_hal_spdifrx.o
                0x08006db0                HAL_SPDIFRX_Init
 .text.HAL_SPI_Init
                0x08006e20       0xba build/stm32f7xx_hal_spi.o
                0x08006e20                HAL_SPI_Init
 .text.TIM_TI1_ConfigInputStage
                0x08006eda       0x26 build/stm32f7xx_hal_tim.o
 .text.TIM_TI2_ConfigInputStage
                0x08006f00       0x28 build/stm32f7xx_hal_tim.o
 .text.TIM_ITRx_SetConfig
                0x08006f28       0x10 build/stm32f7xx_hal_tim.o
 .text.HAL_TIM_Base_Start_IT
                0x08006f38       0x18 build/stm32f7xx_hal_tim.o
                0x08006f38                HAL_TIM_Base_Start_IT
 .text.HAL_TIM_OC_DelayElapsedCallback
                0x08006f50        0x2 build/stm32f7xx_hal_tim.o
                0x08006f50                HAL_TIM_OC_DelayElapsedCallback
 .text.HAL_TIM_IC_CaptureCallback
                0x08006f52        0x2 build/stm32f7xx_hal_tim.o
                0x08006f52                HAL_TIM_IC_CaptureCallback
 .text.HAL_TIM_PWM_PulseFinishedCallback
                0x08006f54        0x2 build/stm32f7xx_hal_tim.o
                0x08006f54                HAL_TIM_PWM_PulseFinishedCallback
 .text.HAL_TIM_TriggerCallback
                0x08006f56        0x2 build/stm32f7xx_hal_tim.o
                0x08006f56                HAL_TIM_TriggerCallback
 .text.HAL_TIM_IRQHandler
                0x08006f58      0x19a build/stm32f7xx_hal_tim.o
                0x08006f58                HAL_TIM_IRQHandler
 *fill*         0x080070f2        0x2 
 .text.TIM_Base_SetConfig
                0x080070f4      0x10c build/stm32f7xx_hal_tim.o
                0x080070f4                TIM_Base_SetConfig
 .text.HAL_TIM_Base_Init
                0x08007200       0x32 build/stm32f7xx_hal_tim.o
                0x08007200                HAL_TIM_Base_Init
 .text.HAL_TIM_PWM_Init
                0x08007232       0x32 build/stm32f7xx_hal_tim.o
                0x08007232                HAL_TIM_PWM_Init
 .text.TIM_OC1_SetConfig
                0x08007264       0x60 build/stm32f7xx_hal_tim.o
                0x08007264                TIM_OC1_SetConfig
 .text.TIM_OC2_SetConfig
                0x080072c4       0x68 build/stm32f7xx_hal_tim.o
                0x080072c4                TIM_OC2_SetConfig
 .text.TIM_OC3_SetConfig
                0x0800732c       0x68 build/stm32f7xx_hal_tim.o
                0x0800732c                TIM_OC3_SetConfig
 .text.TIM_OC4_SetConfig
                0x08007394       0x54 build/stm32f7xx_hal_tim.o
                0x08007394                TIM_OC4_SetConfig
 .text.TIM_ETR_SetConfig
                0x080073e8       0x18 build/stm32f7xx_hal_tim.o
                0x080073e8                TIM_ETR_SetConfig
 .text.HAL_TIM_ConfigClockSource
                0x08007400      0x114 build/stm32f7xx_hal_tim.o
                0x08007400                HAL_TIM_ConfigClockSource
 .text.TIM_OC5_SetConfig
                0x08007514       0x54 build/stm32f7xx_hal_tim_ex.o
 .text.TIM_OC6_SetConfig
                0x08007568       0x54 build/stm32f7xx_hal_tim_ex.o
 .text.HAL_TIMEx_MasterConfigSynchronization
                0x080075bc       0x58 build/stm32f7xx_hal_tim_ex.o
                0x080075bc                HAL_TIMEx_MasterConfigSynchronization
 .text.HAL_TIMEx_ConfigBreakDeadTime
                0x08007614       0x94 build/stm32f7xx_hal_tim_ex.o
                0x08007614                HAL_TIMEx_ConfigBreakDeadTime
 .text.HAL_TIMEx_CommutationCallback
                0x080076a8        0x2 build/stm32f7xx_hal_tim_ex.o
                0x080076a8                HAL_TIMEx_CommutationCallback
 .text.HAL_TIMEx_BreakCallback
                0x080076aa        0x2 build/stm32f7xx_hal_tim_ex.o
                0x080076aa                HAL_TIMEx_BreakCallback
 .text.HAL_TIM_PWM_ConfigChannel
                0x080076ac      0x134 build/stm32f7xx_hal_tim_ex.o
                0x080076ac                HAL_TIM_PWM_ConfigChannel
 .text.UART_WaitOnFlagUntilTimeout
                0x080077e0       0x62 build/stm32f7xx_hal_uart.o
                0x080077e0                UART_WaitOnFlagUntilTimeout
 *fill*         0x08007842        0x2 
 .text.UART_SetConfig
                0x08007844      0x35c build/stm32f7xx_hal_uart.o
                0x08007844                UART_SetConfig
 .text.UART_AdvFeatureConfig
                0x08007ba0       0xca build/stm32f7xx_hal_uart.o
                0x08007ba0                UART_AdvFeatureConfig
 .text.UART_CheckIdleState
                0x08007c6a       0x48 build/stm32f7xx_hal_uart.o
                0x08007c6a                UART_CheckIdleState
 .text.HAL_UART_Init
                0x08007cb2       0x66 build/stm32f7xx_hal_uart.o
                0x08007cb2                HAL_UART_Init
 .text.HAL_RCC_OscConfig
                0x08007d18      0x3d4 build/stm32f7xx_hal_rcc.o
                0x08007d18                HAL_RCC_OscConfig
 .text.HAL_RCC_GetSysClockFreq
                0x080080ec       0xa8 build/stm32f7xx_hal_rcc.o
                0x080080ec                HAL_RCC_GetSysClockFreq
 .text.HAL_RCC_ClockConfig
                0x08008194      0x164 build/stm32f7xx_hal_rcc.o
                0x08008194                HAL_RCC_ClockConfig
 .text.HAL_RCC_GetHCLKFreq
                0x080082f8        0xc build/stm32f7xx_hal_rcc.o
                0x080082f8                HAL_RCC_GetHCLKFreq
 .text.HAL_RCC_GetPCLK1Freq
                0x08008304       0x20 build/stm32f7xx_hal_rcc.o
                0x08008304                HAL_RCC_GetPCLK1Freq
 .text.HAL_RCC_GetPCLK2Freq
                0x08008324       0x20 build/stm32f7xx_hal_rcc.o
                0x08008324                HAL_RCC_GetPCLK2Freq
 .text.HAL_RCC_GetClockConfig
                0x08008344       0x3c build/stm32f7xx_hal_rcc.o
                0x08008344                HAL_RCC_GetClockConfig
 .text.HAL_RCCEx_PeriphCLKConfig
                0x08008380      0x5ac build/stm32f7xx_hal_rcc_ex.o
                0x08008380                HAL_RCCEx_PeriphCLKConfig
 .text.HAL_RCCEx_GetPeriphCLKFreq
                0x0800892c      0x1b0 build/stm32f7xx_hal_rcc_ex.o
                0x0800892c                HAL_RCCEx_GetPeriphCLKFreq
 .text.HAL_GPIO_Init
                0x08008adc      0x1e0 build/stm32f7xx_hal_gpio.o
                0x08008adc                HAL_GPIO_Init
 .text.HAL_GPIO_DeInit
                0x08008cbc      0x13c build/stm32f7xx_hal_gpio.o
                0x08008cbc                HAL_GPIO_DeInit
 .text.HAL_GPIO_ReadPin
                0x08008df8        0xe build/stm32f7xx_hal_gpio.o
                0x08008df8                HAL_GPIO_ReadPin
 .text.HAL_GPIO_WritePin
                0x08008e06        0xc build/stm32f7xx_hal_gpio.o
                0x08008e06                HAL_GPIO_WritePin
 .text.DMA_SetConfig
                0x08008e12       0x2c build/stm32f7xx_hal_dma.o
 *fill*         0x08008e3e        0x2 
 .text.DMA_CalcBaseAndBitshift
                0x08008e40       0x38 build/stm32f7xx_hal_dma.o
 .text.DMA_CheckFifoParam
                0x08008e78       0x8e build/stm32f7xx_hal_dma.o
 *fill*         0x08008f06        0x2 
 .text.HAL_DMA_Init
                0x08008f08       0xcc build/stm32f7xx_hal_dma.o
                0x08008f08                HAL_DMA_Init
 .text.HAL_DMA_DeInit
                0x08008fd4       0x66 build/stm32f7xx_hal_dma.o
                0x08008fd4                HAL_DMA_DeInit
 .text.HAL_DMA_Start_IT
                0x0800903a       0x74 build/stm32f7xx_hal_dma.o
                0x0800903a                HAL_DMA_Start_IT
 *fill*         0x080090ae        0x2 
 .text.HAL_DMA_IRQHandler
                0x080090b0      0x1dc build/stm32f7xx_hal_dma.o
                0x080090b0                HAL_DMA_IRQHandler
 .text.HAL_DMA_GetError
                0x0800928c        0x4 build/stm32f7xx_hal_dma.o
                0x0800928c                HAL_DMA_GetError
 .text.HAL_PWREx_EnableOverDrive
                0x08009290       0x7c build/stm32f7xx_hal_pwr_ex.o
                0x08009290                HAL_PWREx_EnableOverDrive
 .text.HAL_Init
                0x0800930c       0x16 build/stm32f7xx_hal.o
                0x0800930c                HAL_Init
 *fill*         0x08009322        0x2 
 .text.HAL_IncTick
                0x08009324       0x18 build/stm32f7xx_hal.o
                0x08009324                HAL_IncTick
 .text.HAL_GetTick
                0x0800933c        0xc build/stm32f7xx_hal.o
                0x0800933c                HAL_GetTick
 .text.HAL_Delay
                0x08009348       0x28 build/stm32f7xx_hal.o
                0x08009348                HAL_Delay
 .text.SystemInit
                0x08009370       0x50 build/system_stm32f7xx.o
                0x08009370                SystemInit
 .text.ff_cre_syncobj
                0x080093c0       0x20 build/syscall.o
                0x080093c0                ff_cre_syncobj
 .text.ff_del_syncobj
                0x080093e0        0xa build/syscall.o
                0x080093e0                ff_del_syncobj
 .text.ff_req_grant
                0x080093ea       0x14 build/syscall.o
                0x080093ea                ff_req_grant
 .text.ff_rel_grant
                0x080093fe        0x8 build/syscall.o
                0x080093fe                ff_rel_grant
 .text.ff_memalloc
                0x08009406        0x8 build/syscall.o
                0x08009406                ff_memalloc
 .text.ff_memfree
                0x0800940e        0x8 build/syscall.o
                0x0800940e                ff_memfree
 *fill*         0x08009416        0x2 
 .text.ff_convert
                0x08009418       0x38 build/ccsbcs.o
                0x08009418                ff_convert
 .text.ff_wtoupper
                0x08009450       0x98 build/ccsbcs.o
                0x08009450                ff_wtoupper
 .text.ld_word  0x080094e8        0xa build/ff.o
 .text.ld_dword
                0x080094f2       0x16 build/ff.o
 .text.st_word  0x08009508        0x8 build/ff.o
 .text.st_dword
                0x08009510       0x14 build/ff.o
 .text.mem_cpy  0x08009524       0x12 build/ff.o
 .text.mem_set  0x08009536        0xa build/ff.o
 .text.mem_cmp  0x08009540       0x1e build/ff.o
 .text.chk_chr  0x0800955e       0x10 build/ff.o
 *fill*         0x0800956e        0x2 
 .text.chk_lock
                0x08009570       0x74 build/ff.o
 .text.enq_lock
                0x080095e4       0x20 build/ff.o
 .text.inc_lock
                0x08009604       0xa4 build/ff.o
 .text.clear_lock
                0x080096a8       0x3c build/ff.o
 .text.clust2sect
                0x080096e4       0x18 build/ff.o
 .text.ld_clust
                0x080096fc       0x26 build/ff.o
 .text.st_clust
                0x08009722       0x26 build/ff.o
 .text.put_lfn  0x08009748       0x78 build/ff.o
 .text.gen_numname
                0x080097c0       0xa0 build/ff.o
 .text.sum_sfn  0x08009860       0x1c build/ff.o
 .text.get_ldnumber
                0x0800987c       0x58 build/ff.o
 .text.lock_fs  0x080098d4       0x18 build/ff.o
 .text.sync_window
                0x080098ec       0x54 build/ff.o
 .text.move_window
                0x08009940       0x34 build/ff.o
 .text.check_fs
                0x08009974       0x7c build/ff.o
 .text.find_volume
                0x080099f0      0x318 build/ff.o
 .text.put_fat  0x08009d08      0x10a build/ff.o
 .text.get_fat  0x08009e12       0xd0 build/ff.o
 .text.dir_sdi  0x08009ee2       0xa2 build/ff.o
 .text.create_chain
                0x08009f84       0xce build/ff.o
 .text.remove_chain
                0x0800a052       0x88 build/ff.o
 .text.dir_next
                0x0800a0da      0x10c build/ff.o
 .text.dir_alloc
                0x0800a1e6       0x4e build/ff.o
 .text.unlock_fs
                0x0800a234       0x2c build/ff.o
 .text.create_name
                0x0800a260      0x29c build/ff.o
 .text.cmp_lfn  0x0800a4fc       0xa4 build/ff.o
 .text.dir_find
                0x0800a5a0       0xe6 build/ff.o
 .text.follow_path
                0x0800a686       0xba build/ff.o
 .text.dir_register
                0x0800a740      0x144 build/ff.o
 .text.f_mount  0x0800a884       0x8c build/ff.o
                0x0800a884                f_mount
 .text.f_open   0x0800a910      0x252 build/ff.o
                0x0800a910                f_open
 *fill*         0x0800ab62        0x2 
 .text.FATFS_LinkDriverEx
                0x0800ab64       0x4c build/ff_gen_drv.o
                0x0800ab64                FATFS_LinkDriverEx
 .text.FATFS_LinkDriver
                0x0800abb0        0xa build/ff_gen_drv.o
                0x0800abb0                FATFS_LinkDriver
 *fill*         0x0800abba        0x2 
 .text.disk_status
                0x0800abbc       0x18 build/diskio.o
                0x0800abbc                disk_status
 .text.disk_initialize
                0x0800abd4       0x28 build/diskio.o
                0x0800abd4                disk_initialize
 .text.disk_read
                0x0800abfc       0x18 build/diskio.o
                0x0800abfc                disk_read
 .text.disk_write
                0x0800ac14       0x18 build/diskio.o
                0x0800ac14                disk_write
 .text.prvHeapInit
                0x0800ac2c       0x64 build/heap_4.o
 .text.prvInsertBlockIntoFreeList
                0x0800ac90       0x58 build/heap_4.o
 .text.pvPortMalloc
                0x0800ace8      0x128 build/heap_4.o
                0x0800ace8                pvPortMalloc
 .text.vPortFree
                0x0800ae10       0x78 build/heap_4.o
                0x0800ae10                vPortFree
 .text.prvTaskExitError
                0x0800ae88       0x3c build/port.o
 .text.prvPortStartFirstTask
                0x0800aec4       0x20 build/port.o
 .text.vPortEnableVFP
                0x0800aee4       0x14 build/port.o
 .text.pxPortInitialiseStack
                0x0800aef8       0x2c build/port.o
                0x0800aef8                pxPortInitialiseStack
 *fill*         0x0800af24        0xc 
 .text.SVC_Handler
                0x0800af30       0x24 build/port.o
                0x0800af30                SVC_Handler
 .text.vPortEnterCritical
                0x0800af54       0x4c build/port.o
                0x0800af54                vPortEnterCritical
 .text.vPortExitCritical
                0x0800afa0       0x30 build/port.o
                0x0800afa0                vPortExitCritical
 .text.PendSV_Handler
                0x0800afd0       0x64 build/port.o
                0x0800afd0                PendSV_Handler
 .text.xPortSysTickHandler
                0x0800b034       0x30 build/port.o
                0x0800b034                xPortSysTickHandler
 .text.vPortSetupTimerInterrupt
                0x0800b064       0x2c build/port.o
                0x0800b064                vPortSetupTimerInterrupt
 .text.xPortStartScheduler
                0x0800b090       0xa8 build/port.o
                0x0800b090                xPortStartScheduler
 .text.vPortValidateInterruptPriority
                0x0800b138       0x64 build/port.o
                0x0800b138                vPortValidateInterruptPriority
 .text.prvIsQueueFull
                0x0800b19c       0x1e build/queue.o
 .text.prvIsQueueEmpty
                0x0800b1ba       0x1a build/queue.o
 .text.prvCopyDataToQueue
                0x0800b1d4       0x76 build/queue.o
 .text.prvCopyDataFromQueue
                0x0800b24a       0x24 build/queue.o
 .text.prvUnlockQueue
                0x0800b26e       0x6e build/queue.o
 .text.xQueueGenericReset
                0x0800b2dc       0x88 build/queue.o
                0x0800b2dc                xQueueGenericReset
 .text.prvInitialiseNewQueue
                0x0800b364       0x1c build/queue.o
 .text.xQueueGenericCreate
                0x0800b380       0x4c build/queue.o
                0x0800b380                xQueueGenericCreate
 .text.xQueueCreateCountingSemaphore
                0x0800b3cc       0x48 build/queue.o
                0x0800b3cc                xQueueCreateCountingSemaphore
 .text.xQueueGenericSend
                0x0800b414      0x18c build/queue.o
                0x0800b414                xQueueGenericSend
 .text.xQueueGenericSendFromISR
                0x0800b5a0       0xdc build/queue.o
                0x0800b5a0                xQueueGenericSendFromISR
 .text.xQueueGiveFromISR
                0x0800b67c       0xc2 build/queue.o
                0x0800b67c                xQueueGiveFromISR
 *fill*         0x0800b73e        0x2 
 .text.xQueueGenericReceive
                0x0800b740      0x1b0 build/queue.o
                0x0800b740                xQueueGenericReceive
 .text.xQueueReceiveFromISR
                0x0800b8f0       0xb6 build/queue.o
                0x0800b8f0                xQueueReceiveFromISR
 *fill*         0x0800b9a6        0x2 
 .text.vQueueUnregisterQueue
                0x0800b9a8       0x2c build/queue.o
                0x0800b9a8                vQueueUnregisterQueue
 .text.vQueueDelete
                0x0800b9d4       0x28 build/queue.o
                0x0800b9d4                vQueueDelete
 .text.vListInitialise
                0x0800b9fc       0x16 build/list.o
                0x0800b9fc                vListInitialise
 .text.vListInitialiseItem
                0x0800ba12        0x6 build/list.o
                0x0800ba12                vListInitialiseItem
 .text.vListInsertEnd
                0x0800ba18       0x18 build/list.o
                0x0800ba18                vListInsertEnd
 .text.vListInsert
                0x0800ba30       0x34 build/list.o
                0x0800ba30                vListInsert
 .text.uxListRemove
                0x0800ba64       0x26 build/list.o
                0x0800ba64                uxListRemove
 *fill*         0x0800ba8a        0x2 
 .text.prvResetNextTaskUnblockTime
                0x0800ba8c       0x2c build/tasks.o
 .text.prvDeleteTCB
                0x0800bab8       0x12 build/tasks.o
 .text.prvInitialiseNewTask
                0x0800baca       0x92 build/tasks.o
 .text.prvInitialiseTaskLists
                0x0800bb5c       0x68 build/tasks.o
 .text.prvAddNewTaskToReadyList
                0x0800bbc4       0xa8 build/tasks.o
 .text.prvAddCurrentTaskToDelayedList
                0x0800bc6c       0xa0 build/tasks.o
 .text.xTaskCreate
                0x0800bd0c       0x62 build/tasks.o
                0x0800bd0c                xTaskCreate
 *fill*         0x0800bd6e        0x2 
 .text.vTaskStartScheduler
                0x0800bd70       0x84 build/tasks.o
                0x0800bd70                vTaskStartScheduler
 .text.vTaskSuspendAll
                0x0800bdf4       0x10 build/tasks.o
                0x0800bdf4                vTaskSuspendAll
 .text.xTaskGetTickCount
                0x0800be04        0xc build/tasks.o
                0x0800be04                xTaskGetTickCount
 .text.xTaskGetTickCountFromISR
                0x0800be10       0x10 build/tasks.o
                0x0800be10                xTaskGetTickCountFromISR
 .text.xTaskIncrementTick
                0x0800be20      0x11c build/tasks.o
                0x0800be20                xTaskIncrementTick
 .text.xTaskResumeAll
                0x0800bf3c       0xf8 build/tasks.o
                0x0800bf3c                xTaskResumeAll
 .text.vTaskDelay
                0x0800c034       0x50 build/tasks.o
                0x0800c034                vTaskDelay
 .text.prvCheckTasksWaitingTermination
                0x0800c084       0x5c build/tasks.o
 .text.prvIdleTask
                0x0800c0e0       0x30 build/tasks.o
 .text.vTaskSwitchContext
                0x0800c110       0xcc build/tasks.o
                0x0800c110                vTaskSwitchContext
 .text.vTaskPlaceOnEventList
                0x0800c1dc       0x34 build/tasks.o
                0x0800c1dc                vTaskPlaceOnEventList
 .text.xTaskRemoveFromEventList
                0x0800c210       0x90 build/tasks.o
                0x0800c210                xTaskRemoveFromEventList
 .text.vTaskSetTimeOutState
                0x0800c2a0       0x30 build/tasks.o
                0x0800c2a0                vTaskSetTimeOutState
 .text.xTaskCheckForTimeOut
                0x0800c2d0       0x88 build/tasks.o
                0x0800c2d0                xTaskCheckForTimeOut
 .text.vTaskMissedYield
                0x0800c358        0xc build/tasks.o
                0x0800c358                vTaskMissedYield
 .text.xTaskGetSchedulerState
                0x0800c364       0x20 build/tasks.o
                0x0800c364                xTaskGetSchedulerState
 .text.vTaskPriorityInherit
                0x0800c384       0xa0 build/tasks.o
                0x0800c384                vTaskPriorityInherit
 .text.xTaskPriorityDisinherit
                0x0800c424       0xb8 build/tasks.o
                0x0800c424                xTaskPriorityDisinherit
 .text.pvTaskIncrementMutexHeldCount
                0x0800c4dc       0x1c build/tasks.o
                0x0800c4dc                pvTaskIncrementMutexHeldCount
 .text.makeFreeRtosPriority
                0x0800c4f8        0xc build/cmsis_os.o
 .text.inHandlerMode
                0x0800c504        0xc build/cmsis_os.o
 .text.osKernelStart
                0x0800c510        0xa build/cmsis_os.o
                0x0800c510                osKernelStart
 .text.osKernelRunning
                0x0800c51a       0x12 build/cmsis_os.o
                0x0800c51a                osKernelRunning
 .text.osKernelSysTick
                0x0800c52c       0x14 build/cmsis_os.o
                0x0800c52c                osKernelSysTick
 .text.osThreadCreate
                0x0800c540       0x34 build/cmsis_os.o
                0x0800c540                osThreadCreate
 .text.osSemaphoreCreate
                0x0800c574       0x2c build/cmsis_os.o
                0x0800c574                osSemaphoreCreate
 .text.osSemaphoreWait
                0x0800c5a0       0x74 build/cmsis_os.o
                0x0800c5a0                osSemaphoreWait
 .text.osSemaphoreRelease
                0x0800c614       0x5c build/cmsis_os.o
                0x0800c614                osSemaphoreRelease
 .text.osSemaphoreDelete
                0x0800c670       0x18 build/cmsis_os.o
                0x0800c670                osSemaphoreDelete
 .text.osMessageCreate
                0x0800c688        0xe build/cmsis_os.o
                0x0800c688                osMessageCreate
 *fill*         0x0800c696        0x2 
 .text.osMessagePut
                0x0800c698       0x68 build/cmsis_os.o
                0x0800c698                osMessagePut
 .text.osMessageGet
                0x0800c700       0xa0 build/cmsis_os.o
                0x0800c700                osMessageGet
 .text.osSystickHandler
                0x0800c7a0       0x10 build/cmsis_os.o
                0x0800c7a0                osSystickHandler
 .text.DeInitStateMachine
                0x0800c7b0       0x4a build/usbh_core.o
 .text.USBH_HandleSof
                0x0800c7fa       0x1a build/usbh_core.o
 .text.USBH_HandleEnum
                0x0800c814      0x24c build/usbh_core.o
 .text.USBH_Init
                0x0800ca60       0x80 build/usbh_core.o
                0x0800ca60                USBH_Init
 .text.USBH_RegisterClass
                0x0800cae0       0x58 build/usbh_core.o
                0x0800cae0                USBH_RegisterClass
 .text.USBH_SelectInterface
                0x0800cb38       0x88 build/usbh_core.o
                0x0800cb38                USBH_SelectInterface
 .text.USBH_FindInterface
                0x0800cbc0       0x50 build/usbh_core.o
                0x0800cbc0                USBH_FindInterface
 .text.USBH_Start
                0x0800cc10       0x14 build/usbh_core.o
                0x0800cc10                USBH_Start
 .text.USBH_LL_SetTimer
                0x0800cc24        0x6 build/usbh_core.o
                0x0800cc24                USBH_LL_SetTimer
 .text.USBH_LL_IncTimer
                0x0800cc2a       0x12 build/usbh_core.o
                0x0800cc2a                USBH_LL_IncTimer
 .text.USBH_LL_PortEnabled
                0x0800cc3c        0x8 build/usbh_core.o
                0x0800cc3c                USBH_LL_PortEnabled
 .text.USBH_LL_PortDisabled
                0x0800cc44        0x8 build/usbh_core.o
                0x0800cc44                USBH_LL_PortDisabled
 .text.USBH_IsPortEnabled
                0x0800cc4c        0x6 build/usbh_core.o
                0x0800cc4c                USBH_IsPortEnabled
 *fill*         0x0800cc52        0x2 
 .text.USBH_Process
                0x0800cc54      0x308 build/usbh_core.o
                0x0800cc54                USBH_Process
 .text.USBH_Process_OS
                0x0800cf5c       0x22 build/usbh_core.o
 .text.USBH_LL_Connect
                0x0800cf7e       0x36 build/usbh_core.o
                0x0800cf7e                USBH_LL_Connect
 .text.USBH_LL_Disconnect
                0x0800cfb4       0x54 build/usbh_core.o
                0x0800cfb4                USBH_LL_Disconnect
 .text.USBH_LL_NotifyURBChange
                0x0800d008       0x12 build/usbh_core.o
                0x0800d008                USBH_LL_NotifyURBChange
 .text.USBH_ParseDevDesc
                0x0800d01a       0x5c build/usbh_ctlreq.o
 .text.USBH_ParseInterfaceDesc
                0x0800d076       0x26 build/usbh_ctlreq.o
 .text.USBH_ParseEPDesc
                0x0800d09c       0x20 build/usbh_ctlreq.o
 .text.USBH_ParseStringDesc
                0x0800d0bc       0x3c build/usbh_ctlreq.o
 .text.USBH_HandleControl
                0x0800d0f8      0x2a8 build/usbh_ctlreq.o
 .text.USBH_GetNextDesc
                0x0800d3a0        0xe build/usbh_ctlreq.o
                0x0800d3a0                USBH_GetNextDesc
 .text.USBH_ParseCfgDesc
                0x0800d3ae       0xc2 build/usbh_ctlreq.o
 .text.USBH_CtlReq
                0x0800d470       0x58 build/usbh_ctlreq.o
                0x0800d470                USBH_CtlReq
 .text.USBH_GetDescriptor
                0x0800d4c8       0x3c build/usbh_ctlreq.o
                0x0800d4c8                USBH_GetDescriptor
 .text.USBH_Get_DevDesc
                0x0800d504       0x32 build/usbh_ctlreq.o
                0x0800d504                USBH_Get_DevDesc
 .text.USBH_Get_CfgDesc
                0x0800d536       0x32 build/usbh_ctlreq.o
                0x0800d536                USBH_Get_CfgDesc
 .text.USBH_Get_StringDesc
                0x0800d568       0x30 build/usbh_ctlreq.o
                0x0800d568                USBH_Get_StringDesc
 .text.USBH_SetAddress
                0x0800d598       0x22 build/usbh_ctlreq.o
                0x0800d598                USBH_SetAddress
 .text.USBH_SetCfg
                0x0800d5ba       0x22 build/usbh_ctlreq.o
                0x0800d5ba                USBH_SetCfg
 .text.USBH_SetFeature
                0x0800d5dc       0x22 build/usbh_ctlreq.o
                0x0800d5dc                USBH_SetFeature
 .text.USBH_ClrFeature
                0x0800d5fe       0x24 build/usbh_ctlreq.o
                0x0800d5fe                USBH_ClrFeature
 .text.USBH_CtlSendSetup
                0x0800d622       0x22 build/usbh_ioreq.o
                0x0800d622                USBH_CtlSendSetup
 .text.USBH_CtlSendData
                0x0800d644       0x2c build/usbh_ioreq.o
                0x0800d644                USBH_CtlSendData
 .text.USBH_CtlReceiveData
                0x0800d670       0x20 build/usbh_ioreq.o
                0x0800d670                USBH_CtlReceiveData
 .text.USBH_BulkSendData
                0x0800d690       0x2c build/usbh_ioreq.o
                0x0800d690                USBH_BulkSendData
 .text.USBH_BulkReceiveData
                0x0800d6bc       0x20 build/usbh_ioreq.o
                0x0800d6bc                USBH_BulkReceiveData
 .text.USBH_GetFreePipe
                0x0800d6dc       0x24 build/usbh_pipes.o
 .text.USBH_OpenPipe
                0x0800d700       0x20 build/usbh_pipes.o
                0x0800d700                USBH_OpenPipe
 .text.USBH_ClosePipe
                0x0800d720        0xa build/usbh_pipes.o
                0x0800d720                USBH_ClosePipe
 .text.USBH_AllocPipe
                0x0800d72a       0x22 build/usbh_pipes.o
                0x0800d72a                USBH_AllocPipe
 .text.USBH_FreePipe
                0x0800d74c       0x16 build/usbh_pipes.o
                0x0800d74c                USBH_FreePipe
 .text.USBH_MSC_SOFProcess
                0x0800d762        0x4 build/usbh_msc.o
 *fill*         0x0800d766        0x2 
 .text.USBH_MSC_Process
                0x0800d768      0x404 build/usbh_msc.o
 .text.USBH_MSC_ClassRequest
                0x0800db6c       0x88 build/usbh_msc.o
 .text.USBH_MSC_InterfaceDeInit
                0x0800dbf4       0x50 build/usbh_msc.o
 .text.USBH_MSC_InterfaceInit
                0x0800dc44      0x150 build/usbh_msc.o
 .text.USBH_MSC_RdWrProcess
                0x0800dd94      0x17c build/usbh_msc.o
 .text.USBH_MSC_UnitIsReady
                0x0800df10       0x26 build/usbh_msc.o
                0x0800df10                USBH_MSC_UnitIsReady
 .text.USBH_MSC_GetLUNInfo
                0x0800df36       0x44 build/usbh_msc.o
                0x0800df36                USBH_MSC_GetLUNInfo
 .text.USBH_MSC_Read
                0x0800df7a       0x94 build/usbh_msc.o
                0x0800df7a                USBH_MSC_Read
 .text.USBH_MSC_Write
                0x0800e00e       0x94 build/usbh_msc.o
                0x0800e00e                USBH_MSC_Write
 *fill*         0x0800e0a2        0x2 
 .text.USBH_MSC_DecodeCSW
                0x0800e0a4       0x50 build/usbh_msc_bot.o
 .text.USBH_MSC_BOT_Abort
                0x0800e0f4       0x22 build/usbh_msc_bot.o
 .text.USBH_MSC_BOT_REQ_Reset
                0x0800e116       0x1a build/usbh_msc_bot.o
                0x0800e116                USBH_MSC_BOT_REQ_Reset
 .text.USBH_MSC_BOT_REQ_GetMaxLUN
                0x0800e130       0x1a build/usbh_msc_bot.o
                0x0800e130                USBH_MSC_BOT_REQ_GetMaxLUN
 *fill*         0x0800e14a        0x2 
 .text.USBH_MSC_BOT_Init
                0x0800e14c       0x24 build/usbh_msc_bot.o
                0x0800e14c                USBH_MSC_BOT_Init
 .text.USBH_MSC_BOT_Process
                0x0800e170      0x2d2 build/usbh_msc_bot.o
                0x0800e170                USBH_MSC_BOT_Process
 .text.USBH_MSC_SCSI_TestUnitReady
                0x0800e442       0x4e build/usbh_msc_scsi.o
                0x0800e442                USBH_MSC_SCSI_TestUnitReady
 .text.USBH_MSC_SCSI_ReadCapacity
                0x0800e490       0x8e build/usbh_msc_scsi.o
                0x0800e490                USBH_MSC_SCSI_ReadCapacity
 .text.USBH_MSC_SCSI_Inquiry
                0x0800e51e       0xd8 build/usbh_msc_scsi.o
                0x0800e51e                USBH_MSC_SCSI_Inquiry
 .text.USBH_MSC_SCSI_RequestSense
                0x0800e5f6       0x94 build/usbh_msc_scsi.o
                0x0800e5f6                USBH_MSC_SCSI_RequestSense
 .text.USBH_MSC_SCSI_Write
                0x0800e68a       0x8a build/usbh_msc_scsi.o
                0x0800e68a                USBH_MSC_SCSI_Write
 .text.USBH_MSC_SCSI_Read
                0x0800e714       0x8c build/usbh_msc_scsi.o
                0x0800e714                USBH_MSC_SCSI_Read
 .text.debug_init
                0x0800e7a0        0xc build/dbgu.o
                0x0800e7a0                debug_init
 .text.debug_chr
                0x0800e7ac       0x18 build/dbgu.o
                0x0800e7ac                debug_chr
 .text.xputc    0x0800e7c4        0x8 build/term_io.o
                0x0800e7c4                xputc
 .text.xputs    0x0800e7cc       0x14 build/term_io.o
                0x0800e7cc                xputs
 .text.xitoa    0x0800e7e0       0x9c build/term_io.o
                0x0800e7e0                xitoa
 .text.xprintf  0x0800e87c       0xf8 build/term_io.o
                0x0800e87c                xprintf
 .text.LL_FillBuffer
                0x0800e974       0x80 build/stm32746g_discovery_lcd.o
 .text.BSP_LCD_GetXSize
                0x0800e9f4       0x18 build/stm32746g_discovery_lcd.o
                0x0800e9f4                BSP_LCD_GetXSize
 .text.BSP_LCD_GetYSize
                0x0800ea0c       0x18 build/stm32746g_discovery_lcd.o
                0x0800ea0c                BSP_LCD_GetYSize
 .text.BSP_LCD_LayerDefaultInit
                0x0800ea24       0x80 build/stm32746g_discovery_lcd.o
                0x0800ea24                BSP_LCD_LayerDefaultInit
 .text.BSP_LCD_SelectLayer
                0x0800eaa4        0xc build/stm32746g_discovery_lcd.o
                0x0800eaa4                BSP_LCD_SelectLayer
 .text.BSP_LCD_SetTransparency
                0x0800eab0       0x10 build/stm32746g_discovery_lcd.o
                0x0800eab0                BSP_LCD_SetTransparency
 .text.BSP_LCD_SetColorKeying
                0x0800eac0       0x1c build/stm32746g_discovery_lcd.o
                0x0800eac0                BSP_LCD_SetColorKeying
 .text.BSP_LCD_SetTextColor
                0x0800eadc       0x18 build/stm32746g_discovery_lcd.o
                0x0800eadc                BSP_LCD_SetTextColor
 .text.BSP_LCD_SetBackColor
                0x0800eaf4       0x1c build/stm32746g_discovery_lcd.o
                0x0800eaf4                BSP_LCD_SetBackColor
 .text.BSP_LCD_SetFont
                0x0800eb10       0x1c build/stm32746g_discovery_lcd.o
                0x0800eb10                BSP_LCD_SetFont
 .text.BSP_LCD_Clear
                0x0800eb2c       0x3c build/stm32746g_discovery_lcd.o
                0x0800eb2c                BSP_LCD_Clear
 .text.BSP_LCD_FillRect
                0x0800eb68       0x90 build/stm32746g_discovery_lcd.o
                0x0800eb68                BSP_LCD_FillRect
 .text.BSP_LCD_DisplayOn
                0x0800ebf8       0x34 build/stm32746g_discovery_lcd.o
                0x0800ebf8                BSP_LCD_DisplayOn
 .text.BSP_LCD_MspInit
                0x0800ec2c      0x148 build/stm32746g_discovery_lcd.o
                0x0800ec2c                BSP_LCD_MspInit
 .text.BSP_LCD_ClockConfig
                0x0800ed74       0x20 build/stm32746g_discovery_lcd.o
                0x0800ed74                BSP_LCD_ClockConfig
 .text.BSP_LCD_Init
                0x0800ed94       0xac build/stm32746g_discovery_lcd.o
                0x0800ed94                BSP_LCD_Init
 .text.BSP_SDRAM_Initialization_sequence
                0x0800ee40       0x9c build/stm32746g_discovery_sdram.o
                0x0800ee40                BSP_SDRAM_Initialization_sequence
 .text.BSP_SDRAM_MspInit
                0x0800eedc      0x17c build/stm32746g_discovery_sdram.o
                0x0800eedc                BSP_SDRAM_MspInit
 .text.BSP_SDRAM_Init
                0x0800f058       0x80 build/stm32746g_discovery_sdram.o
                0x0800f058                BSP_SDRAM_Init
 .text.BSP_TS_Init
                0x0800f0d8       0x50 build/stm32746g_discovery_ts.o
                0x0800f0d8                BSP_TS_Init
 .text.I2Cx_MspInit
                0x0800f128      0x128 build/stm32746g_discovery.o
 .text.I2Cx_Init
                0x0800f250       0x4c build/stm32746g_discovery.o
 .text.I2Cx_Error
                0x0800f29c       0x10 build/stm32746g_discovery.o
 .text.I2Cx_WriteMultiple
                0x0800f2ac       0x32 build/stm32746g_discovery.o
 .text.I2Cx_ReadMultiple
                0x0800f2de       0x32 build/stm32746g_discovery.o
 .text.TS_IO_Init
                0x0800f310       0x10 build/stm32746g_discovery.o
                0x0800f310                TS_IO_Init
 .text.TS_IO_Write
                0x0800f320       0x24 build/stm32746g_discovery.o
                0x0800f320                TS_IO_Write
 .text.TS_IO_Read
                0x0800f344       0x2c build/stm32746g_discovery.o
                0x0800f344                TS_IO_Read
 .text.TS_IO_Delay
                0x0800f370        0x8 build/stm32746g_discovery.o
                0x0800f370                TS_IO_Delay
 .text.ft5336_Reset
                0x0800f378        0x2 build/ft5336.o
                0x0800f378                ft5336_Reset
 .text.ft5336_TS_ITStatus
                0x0800f37a        0x4 build/ft5336.o
                0x0800f37a                ft5336_TS_ITStatus
 .text.ft5336_TS_ClearIT
                0x0800f37e        0x2 build/ft5336.o
                0x0800f37e                ft5336_TS_ClearIT
 .text.ft5336_Get_I2C_InitializedStatus
                0x0800f380        0xc build/ft5336.o
 .text.ft5336_I2C_InitializeIfRequired
                0x0800f38c       0x1c build/ft5336.o
 .text.ft5336_Init
                0x0800f3a8        0xe build/ft5336.o
                0x0800f3a8                ft5336_Init
 .text.ft5336_ReadID
                0x0800f3b6       0x4a build/ft5336.o
                0x0800f3b6                ft5336_ReadID
 .text.ft5336_TS_DetectTouch
                0x0800f400       0x4c build/ft5336.o
                0x0800f400                ft5336_TS_DetectTouch
 .text.ft5336_TS_GetXY
                0x0800f44c      0x154 build/ft5336.o
                0x0800f44c                ft5336_TS_GetXY
 .text.ft5336_TS_EnableIT
                0x0800f5a0        0xe build/ft5336.o
                0x0800f5a0                ft5336_TS_EnableIT
 .text.ft5336_TS_DisableIT
                0x0800f5ae        0xe build/ft5336.o
                0x0800f5ae                ft5336_TS_DisableIT
 .text.ft5336_TS_Start
                0x0800f5bc        0x8 build/ft5336.o
                0x0800f5bc                ft5336_TS_Start
 .text.Reset_Handler
                0x0800f5c4       0x50 build/startup_stm32f746xx.o
                0x0800f5c4                Reset_Handler
 .text.Default_Handler
                0x0800f614        0x6 build/startup_stm32f746xx.o
                0x0800f614                RTC_Alarm_IRQHandler
                0x0800f614                EXTI2_IRQHandler
                0x0800f614                TIM8_CC_IRQHandler
                0x0800f614                UART8_IRQHandler
                0x0800f614                SPI4_IRQHandler
                0x0800f614                TIM1_CC_IRQHandler
                0x0800f614                DMA2_Stream5_IRQHandler
                0x0800f614                DMA1_Stream5_IRQHandler
                0x0800f614                PVD_IRQHandler
                0x0800f614                TAMP_STAMP_IRQHandler
                0x0800f614                CAN2_RX1_IRQHandler
                0x0800f614                EXTI3_IRQHandler
                0x0800f614                TIM8_TRG_COM_TIM14_IRQHandler
                0x0800f614                TIM1_UP_TIM10_IRQHandler
                0x0800f614                TIM8_UP_TIM13_IRQHandler
                0x0800f614                I2C3_ER_IRQHandler
                0x0800f614                EXTI0_IRQHandler
                0x0800f614                I2C2_EV_IRQHandler
                0x0800f614                DMA1_Stream2_IRQHandler
                0x0800f614                CAN1_RX0_IRQHandler
                0x0800f614                FPU_IRQHandler
                0x0800f614                OTG_HS_WKUP_IRQHandler
                0x0800f614                LTDC_ER_IRQHandler
                0x0800f614                CAN2_SCE_IRQHandler
                0x0800f614                DMA2_Stream2_IRQHandler
                0x0800f614                SPI1_IRQHandler
                0x0800f614                TIM1_BRK_TIM9_IRQHandler
                0x0800f614                DCMI_IRQHandler
                0x0800f614                CAN2_RX0_IRQHandler
                0x0800f614                DMA2_Stream3_IRQHandler
                0x0800f614                SAI2_IRQHandler
                0x0800f614                USART6_IRQHandler
                0x0800f614                USART3_IRQHandler
                0x0800f614                CAN1_RX1_IRQHandler
                0x0800f614                UART5_IRQHandler
                0x0800f614                DMA2_Stream0_IRQHandler
                0x0800f614                TIM4_IRQHandler
                0x0800f614                QUADSPI_IRQHandler
                0x0800f614                I2C1_EV_IRQHandler
                0x0800f614                DMA1_Stream6_IRQHandler
                0x0800f614                DMA1_Stream1_IRQHandler
                0x0800f614                UART4_IRQHandler
                0x0800f614                TIM3_IRQHandler
                0x0800f614                RCC_IRQHandler
                0x0800f614                TIM8_BRK_TIM12_IRQHandler
                0x0800f614                Default_Handler
                0x0800f614                CEC_IRQHandler
                0x0800f614                EXTI15_10_IRQHandler
                0x0800f614                ADC_IRQHandler
                0x0800f614                DMA1_Stream7_IRQHandler
                0x0800f614                SPI5_IRQHandler
                0x0800f614                TIM7_IRQHandler
                0x0800f614                SDMMC1_IRQHandler
                0x0800f614                CAN2_TX_IRQHandler
                0x0800f614                TIM5_IRQHandler
                0x0800f614                I2C3_EV_IRQHandler
                0x0800f614                EXTI9_5_IRQHandler
                0x0800f614                RTC_WKUP_IRQHandler
                0x0800f614                ETH_WKUP_IRQHandler
                0x0800f614                SPDIF_RX_IRQHandler
                0x0800f614                SPI2_IRQHandler
                0x0800f614                OTG_HS_EP1_IN_IRQHandler
                0x0800f614                DMA1_Stream0_IRQHandler
                0x0800f614                CAN1_TX_IRQHandler
                0x0800f614                EXTI4_IRQHandler
                0x0800f614                RNG_IRQHandler
                0x0800f614                OTG_HS_EP1_OUT_IRQHandler
                0x0800f614                WWDG_IRQHandler
                0x0800f614                SPI6_IRQHandler
                0x0800f614                I2C4_EV_IRQHandler
                0x0800f614                TIM2_IRQHandler
                0x0800f614                OTG_FS_WKUP_IRQHandler
                0x0800f614                TIM1_TRG_COM_TIM11_IRQHandler
                0x0800f614                OTG_HS_IRQHandler
                0x0800f614                EXTI1_IRQHandler
                0x0800f614                UART7_IRQHandler
                0x0800f614                USART2_IRQHandler
                0x0800f614                I2C2_ER_IRQHandler
                0x0800f614                DMA2_Stream1_IRQHandler
                0x0800f614                CAN1_SCE_IRQHandler
                0x0800f614                FLASH_IRQHandler
                0x0800f614                USART1_IRQHandler
                0x0800f614                SPI3_IRQHandler
                0x0800f614                DMA1_Stream4_IRQHandler
                0x0800f614                I2C1_ER_IRQHandler
                0x0800f614                FMC_IRQHandler
                0x0800f614                LPTIM1_IRQHandler
                0x0800f614                I2C4_ER_IRQHandler
                0x0800f614                DMA2_Stream6_IRQHandler
                0x0800f614                SAI1_IRQHandler
                0x0800f614                DMA1_Stream3_IRQHandler
 *fill*         0x0800f61a        0x2 
 .text.__libc_init_array
                0x0800f61c       0x48 d:/program files (x86)/gnu/7_2018-q2-update/bin/../lib/gcc/arm-none-eabi/7.3.1/../../../../arm-none-eabi/lib/thumb/v7e-m/fpv4-sp/hard\libc_nano.a(lib_a-init.o)
                0x0800f61c                __libc_init_array
 .text.malloc   0x0800f664       0x10 d:/program files (x86)/gnu/7_2018-q2-update/bin/../lib/gcc/arm-none-eabi/7.3.1/../../../../arm-none-eabi/lib/thumb/v7e-m/fpv4-sp/hard\libc_nano.a(lib_a-malloc.o)
                0x0800f664                malloc
 .text.free     0x0800f674       0x10 d:/program files (x86)/gnu/7_2018-q2-update/bin/../lib/gcc/arm-none-eabi/7.3.1/../../../../arm-none-eabi/lib/thumb/v7e-m/fpv4-sp/hard\libc_nano.a(lib_a-malloc.o)
                0x0800f674                free
 .text.memcpy   0x0800f684       0x16 d:/program files (x86)/gnu/7_2018-q2-update/bin/../lib/gcc/arm-none-eabi/7.3.1/../../../../arm-none-eabi/lib/thumb/v7e-m/fpv4-sp/hard\libc_nano.a(lib_a-memcpy-stub.o)
                0x0800f684                memcpy
 .text.memset   0x0800f69a       0x10 d:/program files (x86)/gnu/7_2018-q2-update/bin/../lib/gcc/arm-none-eabi/7.3.1/../../../../arm-none-eabi/lib/thumb/v7e-m/fpv4-sp/hard\libc_nano.a(lib_a-memset.o)
                0x0800f69a                memset
 *fill*         0x0800f6aa        0x2 
 .text._free_r  0x0800f6ac       0x9c d:/program files (x86)/gnu/7_2018-q2-update/bin/../lib/gcc/arm-none-eabi/7.3.1/../../../../arm-none-eabi/lib/thumb/v7e-m/fpv4-sp/hard\libc_nano.a(lib_a-nano-freer.o)
                0x0800f6ac                _free_r
 .text._malloc_r
                0x0800f748       0xb4 d:/program files (x86)/gnu/7_2018-q2-update/bin/../lib/gcc/arm-none-eabi/7.3.1/../../../../arm-none-eabi/lib/thumb/v7e-m/fpv4-sp/hard\libc_nano.a(lib_a-nano-mallocr.o)
                0x0800f748                _malloc_r
 .text.printf   0x0800f7fc       0x30 d:/program files (x86)/gnu/7_2018-q2-update/bin/../lib/gcc/arm-none-eabi/7.3.1/../../../../arm-none-eabi/lib/thumb/v7e-m/fpv4-sp/hard\libc_nano.a(lib_a-printf.o)
                0x0800f7fc                iprintf
                0x0800f7fc                printf
 .text.putchar  0x0800f82c       0x28 d:/program files (x86)/gnu/7_2018-q2-update/bin/../lib/gcc/arm-none-eabi/7.3.1/../../../../arm-none-eabi/lib/thumb/v7e-m/fpv4-sp/hard\libc_nano.a(lib_a-putchar.o)
                0x0800f82c                putchar
 .text._puts_r  0x0800f854       0xb8 d:/program files (x86)/gnu/7_2018-q2-update/bin/../lib/gcc/arm-none-eabi/7.3.1/../../../../arm-none-eabi/lib/thumb/v7e-m/fpv4-sp/hard\libc_nano.a(lib_a-puts.o)
                0x0800f854                _puts_r
 .text.puts     0x0800f90c       0x10 d:/program files (x86)/gnu/7_2018-q2-update/bin/../lib/gcc/arm-none-eabi/7.3.1/../../../../arm-none-eabi/lib/thumb/v7e-m/fpv4-sp/hard\libc_nano.a(lib_a-puts.o)
                0x0800f90c                puts
 .text._sbrk_r  0x0800f91c       0x20 d:/program files (x86)/gnu/7_2018-q2-update/bin/../lib/gcc/arm-none-eabi/7.3.1/../../../../arm-none-eabi/lib/thumb/v7e-m/fpv4-sp/hard\libc_nano.a(lib_a-sbrkr.o)
                0x0800f91c                _sbrk_r
 .text.__swbuf_r
                0x0800f93c       0xa4 d:/program files (x86)/gnu/7_2018-q2-update/bin/../lib/gcc/arm-none-eabi/7.3.1/../../../../arm-none-eabi/lib/thumb/v7e-m/fpv4-sp/hard\libc_nano.a(lib_a-wbuf.o)
                0x0800f93c                __swbuf_r
 .text.__swsetup_r
                0x0800f9e0       0xdc d:/program files (x86)/gnu/7_2018-q2-update/bin/../lib/gcc/arm-none-eabi/7.3.1/../../../../arm-none-eabi/lib/thumb/v7e-m/fpv4-sp/hard\libc_nano.a(lib_a-wsetup.o)
                0x0800f9e0                __swsetup_r
 .text.__sflush_r
                0x0800fabc      0x10c d:/program files (x86)/gnu/7_2018-q2-update/bin/../lib/gcc/arm-none-eabi/7.3.1/../../../../arm-none-eabi/lib/thumb/v7e-m/fpv4-sp/hard\libc_nano.a(lib_a-fflush.o)
                0x0800fabc                __sflush_r
 .text._fflush_r
                0x0800fbc8       0x54 d:/program files (x86)/gnu/7_2018-q2-update/bin/../lib/gcc/arm-none-eabi/7.3.1/../../../../arm-none-eabi/lib/thumb/v7e-m/fpv4-sp/hard\libc_nano.a(lib_a-fflush.o)
                0x0800fbc8                _fflush_r
 .text.std      0x0800fc1c       0x48 d:/program files (x86)/gnu/7_2018-q2-update/bin/../lib/gcc/arm-none-eabi/7.3.1/../../../../arm-none-eabi/lib/thumb/v7e-m/fpv4-sp/hard\libc_nano.a(lib_a-findfp.o)
 .text._cleanup_r
                0x0800fc64        0xc d:/program files (x86)/gnu/7_2018-q2-update/bin/../lib/gcc/arm-none-eabi/7.3.1/../../../../arm-none-eabi/lib/thumb/v7e-m/fpv4-sp/hard\libc_nano.a(lib_a-findfp.o)
                0x0800fc64                _cleanup_r
 .text.__sfmoreglue
                0x0800fc70       0x2c d:/program files (x86)/gnu/7_2018-q2-update/bin/../lib/gcc/arm-none-eabi/7.3.1/../../../../arm-none-eabi/lib/thumb/v7e-m/fpv4-sp/hard\libc_nano.a(lib_a-findfp.o)
                0x0800fc70                __sfmoreglue
 .text.__sinit  0x0800fc9c       0x60 d:/program files (x86)/gnu/7_2018-q2-update/bin/../lib/gcc/arm-none-eabi/7.3.1/../../../../arm-none-eabi/lib/thumb/v7e-m/fpv4-sp/hard\libc_nano.a(lib_a-findfp.o)
                0x0800fc9c                __sinit
 .text.__sfp    0x0800fcfc       0x78 d:/program files (x86)/gnu/7_2018-q2-update/bin/../lib/gcc/arm-none-eabi/7.3.1/../../../../arm-none-eabi/lib/thumb/v7e-m/fpv4-sp/hard\libc_nano.a(lib_a-findfp.o)
                0x0800fcfc                __sfp
 .text._fwalk_reent
                0x0800fd74       0x3c d:/program files (x86)/gnu/7_2018-q2-update/bin/../lib/gcc/arm-none-eabi/7.3.1/../../../../arm-none-eabi/lib/thumb/v7e-m/fpv4-sp/hard\libc_nano.a(lib_a-fwalk.o)
                0x0800fd74                _fwalk_reent
 .text.__swhatbuf_r
                0x0800fdb0       0x48 d:/program files (x86)/gnu/7_2018-q2-update/bin/../lib/gcc/arm-none-eabi/7.3.1/../../../../arm-none-eabi/lib/thumb/v7e-m/fpv4-sp/hard\libc_nano.a(lib_a-makebuf.o)