Archive member included to satisfy reference by file (symbol)

c:/gcc_toolchain/6_2017-q1-update/bin/../lib/gcc/arm-none-eabi/6.3.1/../../../../arm-none-eabi/lib/thumb/v7e-m/fpv5-sp/hard\libc_nano.a(lib_a-errno.o)
                              build/syscalls.o (__errno)
c:/gcc_toolchain/6_2017-q1-update/bin/../lib/gcc/arm-none-eabi/6.3.1/../../../../arm-none-eabi/lib/thumb/v7e-m/fpv5-sp/hard\libc_nano.a(lib_a-exit.o)
                              c:/gcc_toolchain/6_2017-q1-update/bin/../lib/gcc/arm-none-eabi/6.3.1/../../../../arm-none-eabi/lib/thumb/v7e-m/fpv5-sp/hard/crt0.o (exit)
c:/gcc_toolchain/6_2017-q1-update/bin/../lib/gcc/arm-none-eabi/6.3.1/../../../../arm-none-eabi/lib/thumb/v7e-m/fpv5-sp/hard\libc_nano.a(lib_a-impure.o)
                              c:/gcc_toolchain/6_2017-q1-update/bin/../lib/gcc/arm-none-eabi/6.3.1/../../../../arm-none-eabi/lib/thumb/v7e-m/fpv5-sp/hard\libc_nano.a(lib_a-exit.o) (_global_impure_ptr)
c:/gcc_toolchain/6_2017-q1-update/bin/../lib/gcc/arm-none-eabi/6.3.1/../../../../arm-none-eabi/lib/thumb/v7e-m/fpv5-sp/hard\libc_nano.a(lib_a-init.o)
                              c:/gcc_toolchain/6_2017-q1-update/bin/../lib/gcc/arm-none-eabi/6.3.1/../../../../arm-none-eabi/lib/thumb/v7e-m/fpv5-sp/hard/crt0.o (__libc_init_array)
c:/gcc_toolchain/6_2017-q1-update/bin/../lib/gcc/arm-none-eabi/6.3.1/../../../../arm-none-eabi/lib/thumb/v7e-m/fpv5-sp/hard\libc_nano.a(lib_a-malloc.o)
                              build/mp3_player.o (malloc)
c:/gcc_toolchain/6_2017-q1-update/bin/../lib/gcc/arm-none-eabi/6.3.1/../../../../arm-none-eabi/lib/thumb/v7e-m/fpv5-sp/hard\libc_nano.a(lib_a-memcpy-stub.o)
                              build/mp3dec.o (memcpy)
c:/gcc_toolchain/6_2017-q1-update/bin/../lib/gcc/arm-none-eabi/6.3.1/../../../../arm-none-eabi/lib/thumb/v7e-m/fpv5-sp/hard\libc_nano.a(lib_a-memmove.o)
                              build/mp3dec.o (memmove)
c:/gcc_toolchain/6_2017-q1-update/bin/../lib/gcc/arm-none-eabi/6.3.1/../../../../arm-none-eabi/lib/thumb/v7e-m/fpv5-sp/hard\libc_nano.a(lib_a-memset.o)
                              c:/gcc_toolchain/6_2017-q1-update/bin/../lib/gcc/arm-none-eabi/6.3.1/../../../../arm-none-eabi/lib/thumb/v7e-m/fpv5-sp/hard/crt0.o (memset)
c:/gcc_toolchain/6_2017-q1-update/bin/../lib/gcc/arm-none-eabi/6.3.1/../../../../arm-none-eabi/lib/thumb/v7e-m/fpv5-sp/hard\libc_nano.a(lib_a-nano-freer.o)
                              c:/gcc_toolchain/6_2017-q1-update/bin/../lib/gcc/arm-none-eabi/6.3.1/../../../../arm-none-eabi/lib/thumb/v7e-m/fpv5-sp/hard\libc_nano.a(lib_a-malloc.o) (_free_r)
c:/gcc_toolchain/6_2017-q1-update/bin/../lib/gcc/arm-none-eabi/6.3.1/../../../../arm-none-eabi/lib/thumb/v7e-m/fpv5-sp/hard\libc_nano.a(lib_a-nano-mallocr.o)
                              c:/gcc_toolchain/6_2017-q1-update/bin/../lib/gcc/arm-none-eabi/6.3.1/../../../../arm-none-eabi/lib/thumb/v7e-m/fpv5-sp/hard\libc_nano.a(lib_a-malloc.o) (_malloc_r)
c:/gcc_toolchain/6_2017-q1-update/bin/../lib/gcc/arm-none-eabi/6.3.1/../../../../arm-none-eabi/lib/thumb/v7e-m/fpv5-sp/hard\libc_nano.a(lib_a-printf.o)
                              build/fatfs.o (printf)
c:/gcc_toolchain/6_2017-q1-update/bin/../lib/gcc/arm-none-eabi/6.3.1/../../../../arm-none-eabi/lib/thumb/v7e-m/fpv5-sp/hard\libc_nano.a(lib_a-putchar.o)
                              build/usbh_diskio.o (putchar)
c:/gcc_toolchain/6_2017-q1-update/bin/../lib/gcc/arm-none-eabi/6.3.1/../../../../arm-none-eabi/lib/thumb/v7e-m/fpv5-sp/hard\libc_nano.a(lib_a-puts.o)
                              build/main.o (puts)
c:/gcc_toolchain/6_2017-q1-update/bin/../lib/gcc/arm-none-eabi/6.3.1/../../../../arm-none-eabi/lib/thumb/v7e-m/fpv5-sp/hard\libc_nano.a(lib_a-sbrkr.o)
                              c:/gcc_toolchain/6_2017-q1-update/bin/../lib/gcc/arm-none-eabi/6.3.1/../../../../arm-none-eabi/lib/thumb/v7e-m/fpv5-sp/hard\libc_nano.a(lib_a-nano-mallocr.o) (_sbrk_r)
c:/gcc_toolchain/6_2017-q1-update/bin/../lib/gcc/arm-none-eabi/6.3.1/../../../../arm-none-eabi/lib/thumb/v7e-m/fpv5-sp/hard\libc_nano.a(lib_a-sprintf.o)
                              build/mp3_player.o (sprintf)
c:/gcc_toolchain/6_2017-q1-update/bin/../lib/gcc/arm-none-eabi/6.3.1/../../../../arm-none-eabi/lib/thumb/v7e-m/fpv5-sp/hard\libc_nano.a(lib_a-strcpy.o)
                              build/mp3_player.o (strcpy)
c:/gcc_toolchain/6_2017-q1-update/bin/../lib/gcc/arm-none-eabi/6.3.1/../../../../arm-none-eabi/lib/thumb/v7e-m/fpv5-sp/hard\libc_nano.a(lib_a-strlen.o)
                              build/mp3_player.o (strlen)
c:/gcc_toolchain/6_2017-q1-update/bin/../lib/gcc/arm-none-eabi/6.3.1/../../../../arm-none-eabi/lib/thumb/v7e-m/fpv5-sp/hard\libc_nano.a(lib_a-strstr.o)
                              build/mp3_player.o (strstr)
c:/gcc_toolchain/6_2017-q1-update/bin/../lib/gcc/arm-none-eabi/6.3.1/../../../../arm-none-eabi/lib/thumb/v7e-m/fpv5-sp/hard\libc_nano.a(lib_a-wbuf.o)
[...]
Memory Configuration

Name             Origin             Length             Attributes
RAM              0x20000000         0x00050000         xrw
FLASH            0x08000000         0x00100000         xr
*default*        0x00000000         0xffffffff

Linker script and memory map

LOAD c:/gcc_toolchain/6_2017-q1-update/bin/../lib/gcc/arm-none-eabi/6.3.1/thumb/v7e-m/fpv5-sp/hard/crti.o
LOAD c:/gcc_toolchain/6_2017-q1-update/bin/../lib/gcc/arm-none-eabi/6.3.1/thumb/v7e-m/fpv5-sp/hard/crtbegin.o
LOAD c:/gcc_toolchain/6_2017-q1-update/bin/../lib/gcc/arm-none-eabi/6.3.1/../../../../arm-none-eabi/lib/thumb/v7e-m/fpv5-sp/hard/crt0.o
LOAD build/main.o
LOAD build/mp3dec.o
LOAD build/mp3tabs.o
LOAD build/bitstream.o
LOAD build/buffers.o
LOAD build/dct32.o
LOAD build/dequant.o
LOAD build/dqchan.o
LOAD build/huffman.o
LOAD build/hufftabs.o
LOAD build/imdct.o
LOAD build/polyphase.o
LOAD build/scalfact.o
LOAD build/stproc.o
LOAD build/subband.o
LOAD build/trigtabs_fixpt.o
LOAD build/mp3_player.o
LOAD build/gui.o
LOAD build/bsp_driver_sd.o
LOAD build/sd_diskio.o
LOAD build/fatfs.o
LOAD build/fatfs_platform.o
LOAD build/usbh_diskio.o
LOAD build/freertos.o
LOAD build/syscalls.o
LOAD build/usb_host.o
LOAD build/usbh_conf.o
LOAD build/usbh_platform.o
LOAD build/stm32f7xx_it.o
LOAD build/stm32f7xx_hal_msp.o
LOAD build/stm32f7xx_hal_timebase_TIM.o
LOAD build/stm32f7xx_hal_eth.o
LOAD build/stm32f7xx_hal_hcd.o
LOAD build/stm32f7xx_ll_usb.o
LOAD build/stm32f7xx_hal_adc.o
LOAD build/stm32f7xx_hal_adc_ex.o
LOAD build/stm32f7xx_hal_cortex.o
LOAD build/stm32f7xx_hal_crc.o
LOAD build/stm32f7xx_hal_crc_ex.o
LOAD build/stm32f7xx_hal_dcmi.o
LOAD build/stm32f7xx_hal_dcmi_ex.o
LOAD build/stm32f7xx_hal_dma2d.o
LOAD build/stm32f7xx_ll_fmc.o
LOAD build/stm32f7xx_hal_sdram.o
LOAD build/stm32f7xx_hal_i2c.o
LOAD build/stm32f7xx_hal_i2c_ex.o
LOAD build/stm32f7xx_hal_ltdc.o
LOAD build/stm32f7xx_hal_ltdc_ex.o
LOAD build/stm32f7xx_hal_dsi.o
LOAD build/stm32f7xx_hal_qspi.o
LOAD build/stm32f7xx_hal_rtc.o
LOAD build/stm32f7xx_hal_rtc_ex.o
LOAD build/stm32f7xx_hal_sai.o
LOAD build/stm32f7xx_hal_sai_ex.o
LOAD build/stm32f7xx_ll_sdmmc.o
LOAD build/stm32f7xx_hal_sd.o
LOAD build/stm32f7xx_hal_spdifrx.o
LOAD build/stm32f7xx_hal_spi.o
LOAD build/stm32f7xx_hal_tim.o
LOAD build/stm32f7xx_hal_tim_ex.o
LOAD build/stm32f7xx_hal_uart.o
LOAD build/stm32f7xx_hal_rcc.o
LOAD build/stm32f7xx_hal_rcc_ex.o
LOAD build/stm32f7xx_hal_flash.o
LOAD build/stm32f7xx_hal_flash_ex.o
LOAD build/stm32f7xx_hal_gpio.o
LOAD build/stm32f7xx_hal_dma.o
LOAD build/stm32f7xx_hal_dma_ex.o
LOAD build/stm32f7xx_hal_pwr.o
LOAD build/stm32f7xx_hal_pwr_ex.o
LOAD build/stm32f7xx_hal.o
LOAD build/system_stm32f7xx.o
LOAD build/syscall.o
LOAD build/ccsbcs.o
LOAD build/ff.o
LOAD build/ff_gen_drv.o
LOAD build/diskio.o
LOAD build/heap_4.o
LOAD build/port.o
LOAD build/queue.o
LOAD build/croutine.o
LOAD build/timers.o
LOAD build/list.o
LOAD build/tasks.o
LOAD build/event_groups.o
LOAD build/cmsis_os.o
LOAD build/usbh_core.o
LOAD build/usbh_ctlreq.o
LOAD build/usbh_ioreq.o
LOAD build/usbh_pipes.o
LOAD build/usbh_msc.o
LOAD build/usbh_msc_bot.o
LOAD build/usbh_msc_scsi.o
LOAD build/dbgu.o
LOAD build/term_io.o
LOAD build/stm32746g_discovery_audio.o
LOAD build/stm32746g_discovery_lcd.o
LOAD build/stm32746g_discovery_sdram.o
LOAD build/stm32746g_discovery_ts.o
LOAD build/stm32746g_discovery.o
LOAD build/wm8994.o
LOAD build/ft5336.o
LOAD build/startup_stm32f746xx.o
LOAD c:/gcc_toolchain/6_2017-q1-update/bin/../lib/gcc/arm-none-eabi/6.3.1/../../../../arm-none-eabi/lib/thumb/v7e-m/fpv5-sp/hard\libc_nano.a
LOAD c:/gcc_toolchain/6_2017-q1-update/bin/../lib/gcc/arm-none-eabi/6.3.1/../../../../arm-none-eabi/lib/thumb/v7e-m/fpv5-sp/hard\libm.a
LOAD c:/gcc_toolchain/6_2017-q1-update/bin/../lib/gcc/arm-none-eabi/6.3.1/../../../../arm-none-eabi/lib/thumb/v7e-m/fpv5-sp/hard\libnosys.a
START GROUP
LOAD c:/gcc_toolchain/6_2017-q1-update/bin/../lib/gcc/arm-none-eabi/6.3.1/thumb/v7e-m/fpv5-sp/hard\libgcc.a
LOAD c:/gcc_toolchain/6_2017-q1-update/bin/../lib/gcc/arm-none-eabi/6.3.1/../../../../arm-none-eabi/lib/thumb/v7e-m/fpv5-sp/hard\libc_nano.a
END GROUP
START GROUP
LOAD c:/gcc_toolchain/6_2017-q1-update/bin/../lib/gcc/arm-none-eabi/6.3.1/thumb/v7e-m/fpv5-sp/hard\libgcc.a
LOAD c:/gcc_toolchain/6_2017-q1-update/bin/../lib/gcc/arm-none-eabi/6.3.1/../../../../arm-none-eabi/lib/thumb/v7e-m/fpv5-sp/hard\libc_nano.a
END GROUP
LOAD c:/gcc_toolchain/6_2017-q1-update/bin/../lib/gcc/arm-none-eabi/6.3.1/thumb/v7e-m/fpv5-sp/hard/crtend.o
LOAD c:/gcc_toolchain/6_2017-q1-update/bin/../lib/gcc/arm-none-eabi/6.3.1/thumb/v7e-m/fpv5-sp/hard/crtn.o
                0x20050000                _estack = 0x20050000
                0x00000200                _Min_Heap_Size = 0x200
                0x00000400                _Min_Stack_Size = 0x400

.isr_vector     0x08000000      0x1c8
                0x08000000                . = ALIGN (0x4)
 *(.isr_vector)
 .isr_vector    0x08000000      0x1c8 build/startup_stm32f746xx.o
                0x08000000                g_pfnVectors
                0x080001c8                . = ALIGN (0x4)

.text           0x080001d0    0x17f6c
                0x080001d0                . = ALIGN (0x4)
 *(.text)
 .text          0x080001d0       0x6c c:/gcc_toolchain/6_2017-q1-update/bin/../lib/gcc/arm-none-eabi/6.3.1/thumb/v7e-m/fpv5-sp/hard/crtbegin.o
 .text          0x0800023c       0x10 c:/gcc_toolchain/6_2017-q1-update/bin/../lib/gcc/arm-none-eabi/6.3.1/../../../../arm-none-eabi/lib/thumb/v7e-m/fpv5-sp/hard\libc_nano.a(lib_a-strlen.o)
                0x0800023c                strlen
 *fill*         0x0800024c        0x4 
 .text          0x08000250       0xa0 c:/gcc_toolchain/6_2017-q1-update/bin/../lib/gcc/arm-none-eabi/6.3.1/../../../../arm-none-eabi/lib/thumb/v7e-m/fpv5-sp/hard\libc_nano.a(lib_a-memchr.o)
                0x08000250                memchr
 .text          0x080002f0      0x370 c:/gcc_toolchain/6_2017-q1-update/bin/../lib/gcc/arm-none-eabi/6.3.1/thumb/v7e-m/fpv5-sp/hard\libgcc.a(_arm_addsubdf3.o)
                0x080002f0                __aeabi_drsub
                0x080002f8                __aeabi_dsub
                0x080002f8                __subdf3
                0x080002fc                __aeabi_dadd
                0x080002fc                __adddf3
                0x08000574                __floatunsidf
                0x08000574                __aeabi_ui2d
                0x08000594                __floatsidf
                0x08000594                __aeabi_i2d
                0x080005b8                __aeabi_f2d
                0x080005b8                __extendsfdf2
                0x080005f4                __floatundidf
                0x080005f4                __aeabi_ul2d
                0x08000604                __floatdidf
                0x08000604                __aeabi_l2d
 .text          0x08000660      0x424 c:/gcc_toolchain/6_2017-q1-update/bin/../lib/gcc/arm-none-eabi/6.3.1/thumb/v7e-m/fpv5-sp/hard\libgcc.a(_arm_muldivdf3.o)
                0x08000660                __aeabi_dmul
                0x08000660                __muldf3
                0x080008b4                __divdf3
                0x080008b4                __aeabi_ddiv
 .text          0x08000a84      0x110 c:/gcc_toolchain/6_2017-q1-update/bin/../lib/gcc/arm-none-eabi/6.3.1/thumb/v7e-m/fpv5-sp/hard\libgcc.a(_arm_cmpdf2.o)
                0x08000a84                __gtdf2
                0x08000a84                __gedf2
                0x08000a8c                __ltdf2
                0x08000a8c                __ledf2
                0x08000a94                __nedf2
                0x08000a94                __eqdf2
                0x08000a94                __cmpdf2
                0x08000b10                __aeabi_cdrcmple
                0x08000b20                __aeabi_cdcmpeq
                0x08000b20                __aeabi_cdcmple
                0x08000b30                __aeabi_dcmpeq
                0x08000b44                __aeabi_dcmplt
                0x08000b58                __aeabi_dcmple
                0x08000b6c                __aeabi_dcmpge
                0x08000b80                __aeabi_dcmpgt
 .text          0x08000b94       0x40 c:/gcc_toolchain/6_2017-q1-update/bin/../lib/gcc/arm-none-eabi/6.3.1/thumb/v7e-m/fpv5-sp/hard\libgcc.a(_arm_fixunsdfsi.o)
                0x08000b94                __aeabi_d2uiz
                0x08000b94                __fixunsdfsi
 .text          0x08000bd4       0x30 c:/gcc_toolchain/6_2017-q1-update/bin/../lib/gcc/arm-none-eabi/6.3.1/thumb/v7e-m/fpv5-sp/hard\libgcc.a(_aeabi_uldivmod.o)
                0x08000bd4                __aeabi_uldivmod
 .text          0x08000c04      0x2dc c:/gcc_toolchain/6_2017-q1-update/bin/../lib/gcc/arm-none-eabi/6.3.1/thumb/v7e-m/fpv5-sp/hard\libgcc.a(_udivmoddi4.o)
                0x08000c04                __udivmoddi4
 .text          0x08000ee0        0x4 c:/gcc_toolchain/6_2017-q1-update/bin/../lib/gcc/arm-none-eabi/6.3.1/thumb/v7e-m/fpv5-sp/hard\libgcc.a(_dvmd_tls.o)
                0x08000ee0                __aeabi_idiv0
                0x08000ee0                __aeabi_ldiv0
 *(.text*)
 .text.MX_SDMMC1_SD_Init
                0x08000ee4       0x20 build/main.o
 .text.MX_GPIO_Init
                0x08000f04      0x2a0 build/main.o
 .text.StartDefaultTask
                0x080011a4       0x58 build/main.o
                0x080011a4                StartDefaultTask
 .text.__io_putchar
                0x080011fc       0x18 build/main.o
                0x080011fc                __io_putchar
 .text.HAL_TIM_PeriodElapsedCallback
                0x08001214       0x18 build/main.o
                0x08001214                HAL_TIM_PeriodElapsedCallback
 .text._Error_Handler
                0x0800122c        0x2 build/main.o
                0x0800122c                _Error_Handler
 *fill*         0x0800122e        0x2 
 .text.MX_ADC3_Init
                0x08001230       0x70 build/main.o
 .text.MX_CRC_Init
                0x080012a0       0x34 build/main.o
 .text.MX_DCMI_Init
                0x080012d4       0x40 build/main.o
 .text.MX_DMA2D_Init
                0x08001314       0x4c build/main.o
 .text.MX_FMC_Init
                0x08001360       0x6c build/main.o
 .text.MX_I2C1_Init
                0x080013cc       0x68 build/main.o
 .text.MX_I2C3_Init
                0x08001434       0x68 build/main.o
 .text.MX_LTDC_Init
                0x0800149c       0xb8 build/main.o
 .text.MX_QUADSPI_Init
                0x08001554       0x3c build/main.o
 .text.MX_RTC_Init
                0x08001590      0x104 build/main.o
 .text.MX_SAI2_Init
                0x08001694       0xb4 build/main.o
 .text.MX_SPDIFRX_Init
                0x08001748       0x3c build/main.o
 .text.MX_SPI2_Init
                0x08001784       0x54 build/main.o
 .text.MX_TIM1_Init
                0x080017d8       0xf0 build/main.o
 .text.MX_TIM2_Init
                0x080018c8       0xa4 build/main.o
 .text.MX_TIM3_Init
                0x0800196c       0xa8 build/main.o
 .text.MX_TIM5_Init
                0x08001a14       0xa8 build/main.o
 .text.MX_TIM8_Init
                0x08001abc       0x74 build/main.o
 .text.MX_TIM12_Init
                0x08001b30       0x60 build/main.o
 .text.MX_USART1_UART_Init
                0x08001b90       0x40 build/main.o
 .text.MX_USART6_UART_Init
                0x08001bd0       0x40 build/main.o
 .text.MX_TIM7_Init
                0x08001c10       0x50 build/main.o
 .text.SystemClock_Config
                0x08001c60      0x138 build/main.o
                0x08001c60                SystemClock_Config
 .text.main     0x08001d98       0xd0 build/main.o
                0x08001d98                main
 .text.MP3ClearBadFrame
                0x08001e68       0x32 build/mp3dec.o
 .text.MP3InitDecoder
                0x08001e9a        0x8 build/mp3dec.o
                0x08001e9a                MP3InitDecoder
 .text.MP3FreeDecoder
                0x08001ea2        0xc build/mp3dec.o
                0x08001ea2                MP3FreeDecoder
 .text.MP3FindSyncWord
                0x08001eae       0x28 build/mp3dec.o
                0x08001eae                MP3FindSyncWord
 .text.MP3FindFreeSync
                0x08001ed6       0x4e build/mp3dec.o
 .text.MP3GetLastFrameInfo
                0x08001f24       0x6c build/mp3dec.o
                0x08001f24                MP3GetLastFrameInfo
 .text.MP3GetNextFrameInfo
                0x08001f90       0x3a build/mp3dec.o
                0x08001f90                MP3GetNextFrameInfo
 .text.MP3Decode
                0x08001fca      0x2c4 build/mp3dec.o
                0x08001fca                MP3Decode
 .text.xmp3fixpt_SetBitstreamPointer
                0x0800228e        0xc build/bitstream.o
                0x0800228e                xmp3fixpt_SetBitstreamPointer
 .text.xmp3fixpt_GetBits
                0x0800229a       0xbc build/bitstream.o
                0x0800229a                xmp3fixpt_GetBits
 .text.xmp3fixpt_CalcBitsUsed
                0x08002356        0xe build/bitstream.o
                0x08002356                xmp3fixpt_CalcBitsUsed
 .text.xmp3fixpt_CheckPadBit
                0x08002364       0x1c build/bitstream.o
                0x08002364                xmp3fixpt_CheckPadBit
 .text.xmp3fixpt_UnpackFrameHeader
                0x08002380      0x1fc build/bitstream.o
                0x08002380                xmp3fixpt_UnpackFrameHeader
 .text.xmp3fixpt_UnpackSideInfo
                0x0800257c      0x2ba build/bitstream.o
                0x0800257c                xmp3fixpt_UnpackSideInfo
 .text.ClearBuffer
                0x08002836       0x10 build/buffers.o
 *fill*         0x08002846        0x2 
 .text.xmp3fixpt_AllocateBuffers
                0x08002848       0x98 build/buffers.o
                0x08002848                xmp3fixpt_AllocateBuffers
 .text.xmp3fixpt_FreeBuffers
                0x080028e0        0x2 build/buffers.o
                0x080028e0                xmp3fixpt_FreeBuffers
 *fill*         0x080028e2        0x2 
 .text.xmp3fixpt_FDCT32
                0x080028e4      0x6d4 build/dct32.o
                0x080028e4                xmp3fixpt_FDCT32
 .text.xmp3fixpt_Dequantize
                0x08002fb8      0x288 build/dequant.o
                0x08002fb8                xmp3fixpt_Dequantize
 .text.DequantBlock
                0x08003240      0x180 build/dqchan.o
 .text.xmp3fixpt_DequantChannel
                0x080033c0      0x210 build/dqchan.o
                0x080033c0                xmp3fixpt_DequantChannel
 .text.DecodeHuffmanPairs
                0x080035d0      0x388 build/huffman.o
 .text.DecodeHuffmanQuads
                0x08003958      0x164 build/huffman.o
 .text.xmp3fixpt_DecodeHuffman
                0x08003abc      0x28c build/huffman.o
                0x08003abc                xmp3fixpt_DecodeHuffman
 .text.AntiAlias
                0x08003d48      0x1ac build/imdct.o
 .text.WinPrevious
                0x08003ef4      0x150 build/imdct.o
 .text.FreqInvertRescale
                0x08004044      0x168 build/imdct.o
 .text.IMDCT12x3
                0x080041ac      0x3ec build/imdct.o
 .text.IMDCT36  0x08004598      0x468 build/imdct.o
 .text.HybridTransform
                0x08004a00      0x166 build/imdct.o
 *fill*         0x08004b66        0x2 
 .text.xmp3fixpt_IMDCT
                0x08004b68      0x1cc build/imdct.o
                0x08004b68                xmp3fixpt_IMDCT
 .text.xmp3fixpt_PolyphaseMono
                0x08004d34      0x2d8 build/polyphase.o
                0x08004d34                xmp3fixpt_PolyphaseMono
 .text.xmp3fixpt_PolyphaseStereo
                0x0800500c      0x53a build/polyphase.o
                0x0800500c                xmp3fixpt_PolyphaseStereo
 *fill*         0x08005546        0x2 
 .text.UnpackSFMPEG1
                0x08005548      0x184 build/scalfact.o
 .text.UnpackSFMPEG2
                0x080056cc      0x294 build/scalfact.o
 .text.xmp3fixpt_UnpackScaleFactors
                0x08005960      0x132 build/scalfact.o
                0x08005960                xmp3fixpt_UnpackScaleFactors
 .text.xmp3fixpt_MidSideProc
                0x08005a92       0x50 build/stproc.o
                0x08005a92                xmp3fixpt_MidSideProc
 *fill*         0x08005ae2        0x2 
 .text.xmp3fixpt_IntensityProcMPEG1
                0x08005ae4      0x2c4 build/stproc.o
                0x08005ae4                xmp3fixpt_IntensityProcMPEG1
 .text.xmp3fixpt_IntensityProcMPEG2
                0x08005da8      0x258 build/stproc.o
                0x08005da8                xmp3fixpt_IntensityProcMPEG2
 .text.xmp3fixpt_Subband
                0x08006000      0x110 build/subband.o
                0x08006000                xmp3fixpt_Subband
 .text.BSP_init
                0x08006110       0x30 build/mp3_player.o
                0x08006110                BSP_init
 .text.copy_leftover
                0x08006140       0x24 build/mp3_player.o
                0x08006140                copy_leftover
 .text.fill_input_buffer
                0x08006164       0x7c build/mp3_player.o
                0x08006164                fill_input_buffer
 .text.mp3_player_process_frame
                0x080061e0      0x198 build/mp3_player.o
                0x080061e0                mp3_player_process_frame
 .text.mp3_player_play
                0x08006378      0x104 build/mp3_player.o
                0x08006378                mp3_player_play
 .text.BSP_AUDIO_OUT_TransferComplete_CallBack
                0x0800647c       0x28 build/mp3_player.o
                0x0800647c                BSP_AUDIO_OUT_TransferComplete_CallBack
 .text.BSP_AUDIO_OUT_HalfTransfer_CallBack
                0x080064a4       0x28 build/mp3_player.o
                0x080064a4                BSP_AUDIO_OUT_HalfTransfer_CallBack
 .text.reset_player_state
                0x080064cc       0x1c build/mp3_player.o
                0x080064cc                reset_player_state
 .text.mp3_player_fsm
                0x080064e8      0x298 build/mp3_player.o
                0x080064e8                mp3_player_fsm
 .text.lcd_start
                0x08006780       0x68 build/gui.o
                0x08006780                lcd_start
 .text.initialize_touchscreen
                0x080067e8       0x20 build/gui.o
                0x080067e8                initialize_touchscreen
 .text.touchscreen_loop_init
                0x08006808       0x38 build/gui.o
                0x08006808                touchscreen_loop_init
 .text.check_touchscreen
                0x08006840      0x164 build/gui.o
                0x08006840                check_touchscreen
 .text.draw_buttons
                0x080069a4       0x44 build/gui.o
                0x080069a4                draw_buttons
 .text.draw_background
                0x080069e8       0x2c build/gui.o
                0x080069e8                draw_background
 .text.refresh_screen
                0x08006a14       0x42 build/gui.o
                0x08006a14                refresh_screen
 *fill*         0x08006a56        0x2 
 .text.BSP_SD_ReadBlocks_DMA
                0x08006a58       0x18 build/bsp_driver_sd.o
                0x08006a58                BSP_SD_ReadBlocks_DMA
 .text.BSP_SD_WriteBlocks_DMA
                0x08006a70       0x18 build/bsp_driver_sd.o
                0x08006a70                BSP_SD_WriteBlocks_DMA
 .text.BSP_SD_GetCardState
                0x08006a88       0x14 build/bsp_driver_sd.o
                0x08006a88                BSP_SD_GetCardState
 .text.BSP_SD_GetCardInfo
                0x08006a9c       0x10 build/bsp_driver_sd.o
                0x08006a9c                BSP_SD_GetCardInfo
 .text.HAL_SD_RxCpltCallback
                0x08006aac        0x8 build/bsp_driver_sd.o
                0x08006aac                HAL_SD_RxCpltCallback
 .text.BSP_SD_IsDetected
                0x08006ab4       0x20 build/bsp_driver_sd.o
                0x08006ab4                BSP_SD_IsDetected
 .text.BSP_SD_Init
                0x08006ad4       0x34 build/bsp_driver_sd.o
                0x08006ad4                BSP_SD_Init
 .text.SD_CheckStatus
                0x08006b08       0x24 build/sd_diskio.o
 .text.SD_initialize
                0x08006b2c       0x5c build/sd_diskio.o
                0x08006b2c                SD_initialize
 .text.SD_status
                0x08006b88        0x8 build/sd_diskio.o
                0x08006b88                SD_status
 .text.SD_read  0x08006b90       0x60 build/sd_diskio.o
                0x08006b90                SD_read
 .text.SD_write
                0x08006bf0       0x60 build/sd_diskio.o
                0x08006bf0                SD_write
 .text.SD_ioctl
                0x08006c50       0x5c build/sd_diskio.o
                0x08006c50                SD_ioctl
 .text.BSP_SD_ReadCpltCallback
                0x08006cac       0x18 build/sd_diskio.o
                0x08006cac                BSP_SD_ReadCpltCallback
 .text.MX_FATFS_Init
                0x08006cc4       0x6c build/fatfs.o
                0x08006cc4                MX_FATFS_Init
 .text.get_fattime
                0x08006d30        0x4 build/fatfs.o
                0x08006d30                get_fattime
 .text.BSP_PlatformIsDetected
                0x08006d34       0x1c build/fatfs_platform.o
                0x08006d34                BSP_PlatformIsDetected
 .text.USBH_initialize
                0x08006d50        0x4 build/usbh_diskio.o
                0x08006d50                USBH_initialize
 .text.USBH_status
                0x08006d54       0x18 build/usbh_diskio.o
                0x08006d54                USBH_status
 .text.USBH_ioctl
                0x08006d6c       0x68 build/usbh_diskio.o
                0x08006d6c                USBH_ioctl
 .text.USBH_read
                0x08006dd4       0x5c build/usbh_diskio.o
                0x08006dd4                USBH_read
 .text.USBH_write
                0x08006e30       0x7c build/usbh_diskio.o
                0x08006e30                USBH_write
 .text.vApplicationIdleHook
                0x08006eac        0x2 build/freertos.o
                0x08006eac                vApplicationIdleHook
 .text.vApplicationStackOverflowHook
                0x08006eae        0x2 build/freertos.o
                0x08006eae                vApplicationStackOverflowHook
 .text.vApplicationMallocFailedHook
                0x08006eb0        0x2 build/freertos.o
                0x08006eb0                vApplicationMallocFailedHook
 *fill*         0x08006eb2        0x2 
 .text._sbrk    0x08006eb4       0x48 build/syscalls.o
                0x08006eb4                _sbrk
 .text._write   0x08006efc       0x1c build/syscalls.o
                0x08006efc                _write
 .text._close   0x08006f18        0x6 build/syscalls.o
                0x08006f18                _close
 .text._fstat   0x08006f1e        0xa build/syscalls.o
                0x08006f1e                _fstat
 .text._isatty  0x08006f28        0x4 build/syscalls.o
                0x08006f28                _isatty
 .text._lseek   0x08006f2c        0x4 build/syscalls.o
                0x08006f2c                _lseek
 .text._read    0x08006f30       0x1c build/syscalls.o
                0x08006f30                _read
 .text.USBH_UserProcess
                0x08006f4c       0x2c build/usb_host.o
 .text.MX_USB_HOST_Init
                0x08006f78       0x2c build/usb_host.o
                0x08006f78                MX_USB_HOST_Init
 .text.HAL_HCD_MspInit
                0x08006fa4       0x70 build/usbh_conf.o
                0x08006fa4                HAL_HCD_MspInit
 .text.HAL_HCD_SOF_Callback
                0x08007014        0xc build/usbh_conf.o
                0x08007014                HAL_HCD_SOF_Callback
 .text.HAL_HCD_Connect_Callback
                0x08007020        0xc build/usbh_conf.o
                0x08007020                HAL_HCD_Connect_Callback
 .text.HAL_HCD_Disconnect_Callback
                0x0800702c        0xc build/usbh_conf.o
                0x0800702c                HAL_HCD_Disconnect_Callback
 .text.HAL_HCD_HC_NotifyURBChange_Callback
                0x08007038        0xc build/usbh_conf.o
                0x08007038                HAL_HCD_HC_NotifyURBChange_Callback
 .text.HAL_HCD_PortEnabled_Callback
                0x08007044        0xc build/usbh_conf.o
                0x08007044                HAL_HCD_PortEnabled_Callback
 .text.HAL_HCD_PortDisabled_Callback
                0x08007050        0xc build/usbh_conf.o
                0x08007050                HAL_HCD_PortDisabled_Callback
 .text.USBH_LL_Init
                0x0800705c       0x5c build/usbh_conf.o
                0x0800705c                USBH_LL_Init
 .text.USBH_LL_Start
                0x080070b8       0x1c build/usbh_conf.o
                0x080070b8                USBH_LL_Start
 .text.USBH_LL_Stop
                0x080070d4       0x1c build/usbh_conf.o
                0x080070d4                USBH_LL_Stop
 .text.USBH_LL_GetSpeed
                0x080070f0       0x1c build/usbh_conf.o
                0x080070f0                USBH_LL_GetSpeed
 .text.USBH_LL_ResetPort
                0x0800710c       0x1c build/usbh_conf.o
                0x0800710c                USBH_LL_ResetPort
 .text.USBH_LL_GetLastXferSize
                0x08007128        0xc build/usbh_conf.o
                0x08007128                USBH_LL_GetLastXferSize
 .text.USBH_LL_OpenPipe
                0x08007134       0x32 build/usbh_conf.o
                0x08007134                USBH_LL_OpenPipe
 .text.USBH_LL_ClosePipe
                0x08007166       0x1c build/usbh_conf.o
                0x08007166                USBH_LL_ClosePipe
 .text.USBH_LL_SubmitURB
                0x08007182       0x36 build/usbh_conf.o
                0x08007182                USBH_LL_SubmitURB
 .text.USBH_LL_GetURBState
                0x080071b8        0xc build/usbh_conf.o
                0x080071b8                USBH_LL_GetURBState
 .text.USBH_LL_DriverVBUS
                0x080071c4       0x1c build/usbh_conf.o
                0x080071c4                USBH_LL_DriverVBUS
 .text.USBH_LL_SetToggle
                0x080071e0       0x32 build/usbh_conf.o
                0x080071e0                USBH_LL_SetToggle
 .text.USBH_LL_GetToggle
                0x08007212       0x2a build/usbh_conf.o
                0x08007212                USBH_LL_GetToggle
 .text.USBH_Delay
                0x0800723c        0x8 build/usbh_conf.o
                0x0800723c                USBH_Delay
 .text.MX_DriverVbusFS
                0x08007244       0x18 build/usbh_platform.o
                0x08007244                MX_DriverVbusFS
 .text.HL_Default_Handler
                0x0800725c       0x10 build/stm32f7xx_it.o
                0x0800725c                HL_Default_Handler
 .text.DMA2_Stream7_IRQHandler
                0x0800726c       0x10 build/stm32f7xx_it.o
                0x0800726c                DMA2_Stream7_IRQHandler
 .text.DMA2_Stream4_IRQHandler
                0x0800727c       0x10 build/stm32f7xx_it.o
                0x0800727c                DMA2_Stream4_IRQHandler
 .text.NMI_Handler
                0x0800728c        0x2 build/stm32f7xx_it.o
                0x0800728c                NMI_Handler
 .text.HardFault_Handler
                0x0800728e        0x2 build/stm32f7xx_it.o
                0x0800728e                HardFault_Handler
 .text.MemManage_Handler
                0x08007290        0x2 build/stm32f7xx_it.o
                0x08007290                MemManage_Handler
 .text.BusFault_Handler
                0x08007292        0x2 build/stm32f7xx_it.o
                0x08007292                BusFault_Handler
 .text.UsageFault_Handler
                0x08007294        0x2 build/stm32f7xx_it.o
                0x08007294                UsageFault_Handler
 .text.DebugMon_Handler
                0x08007296        0x2 build/stm32f7xx_it.o
                0x08007296                DebugMon_Handler
 .text.SysTick_Handler
                0x08007298        0x8 build/stm32f7xx_it.o
                0x08007298                SysTick_Handler
 .text.TIM6_DAC_IRQHandler
                0x080072a0       0x10 build/stm32f7xx_it.o
                0x080072a0                TIM6_DAC_IRQHandler
 .text.ETH_IRQHandler
                0x080072b0        0x2 build/stm32f7xx_it.o
                0x080072b0                ETH_IRQHandler
 *fill*         0x080072b2        0x2 
 .text.OTG_FS_IRQHandler
                0x080072b4       0x10 build/stm32f7xx_it.o
                0x080072b4                OTG_FS_IRQHandler
 .text.LTDC_IRQHandler
                0x080072c4       0x10 build/stm32f7xx_it.o
                0x080072c4                LTDC_IRQHandler
 .text.DMA2D_IRQHandler
                0x080072d4       0x10 build/stm32f7xx_it.o
                0x080072d4                DMA2D_IRQHandler
 .text.HAL_FMC_MspInit
                0x080072e4       0xd4 build/stm32f7xx_hal_msp.o
 .text.HAL_MspInit
                0x080073b8       0x90 build/stm32f7xx_hal_msp.o
                0x080073b8                HAL_MspInit
 .text.HAL_ADC_MspInit
                0x08007448       0x5c build/stm32f7xx_hal_msp.o
                0x08007448                HAL_ADC_MspInit
 .text.HAL_CRC_MspInit
                0x080074a4       0x2c build/stm32f7xx_hal_msp.o
                0x080074a4                HAL_CRC_MspInit
 .text.HAL_DCMI_MspInit
                0x080074d0       0xb0 build/stm32f7xx_hal_msp.o
                0x080074d0                HAL_DCMI_MspInit
 .text.HAL_DMA2D_MspInit
                0x08007580       0x40 build/stm32f7xx_hal_msp.o
                0x08007580                HAL_DMA2D_MspInit
 .text.HAL_I2C_MspInit
                0x080075c0       0x94 build/stm32f7xx_hal_msp.o
                0x080075c0                HAL_I2C_MspInit
 .text.HAL_I2C_MspDeInit
                0x08007654       0x54 build/stm32f7xx_hal_msp.o
                0x08007654                HAL_I2C_MspDeInit
 .text.HAL_LTDC_MspInit
                0x080076a8       0xc4 build/stm32f7xx_hal_msp.o
                0x080076a8                HAL_LTDC_MspInit
 .text.HAL_QSPI_MspInit
                0x0800776c       0xac build/stm32f7xx_hal_msp.o
                0x0800776c                HAL_QSPI_MspInit
 .text.HAL_RTC_MspInit
                0x08007818       0x20 build/stm32f7xx_hal_msp.o
                0x08007818                HAL_RTC_MspInit
 .text.HAL_SD_MspInit
                0x08007838       0x68 build/stm32f7xx_hal_msp.o
                0x08007838                HAL_SD_MspInit
 .text.HAL_SPDIFRX_MspInit
                0x080078a0       0x48 build/stm32f7xx_hal_msp.o
                0x080078a0                HAL_SPDIFRX_MspInit
 .text.HAL_SPI_MspInit
                0x080078e8       0x64 build/stm32f7xx_hal_msp.o
                0x080078e8                HAL_SPI_MspInit
 .text.HAL_TIM_Base_MspInit
                0x0800794c       0xc8 build/stm32f7xx_hal_msp.o
                0x0800794c                HAL_TIM_Base_MspInit
 .text.HAL_TIM_PWM_MspInit
                0x08007a14       0x2c build/stm32f7xx_hal_msp.o
                0x08007a14                HAL_TIM_PWM_MspInit
 .text.HAL_TIM_MspPostInit
                0x08007a40       0xd8 build/stm32f7xx_hal_msp.o
                0x08007a40                HAL_TIM_MspPostInit
 .text.HAL_UART_MspInit
                0x08007b18       0xa8 build/stm32f7xx_hal_msp.o
                0x08007b18                HAL_UART_MspInit
 .text.HAL_SDRAM_MspInit
                0x08007bc0        0x8 build/stm32f7xx_hal_msp.o
                0x08007bc0                HAL_SDRAM_MspInit
 .text.HAL_SAI_MspInit
                0x08007bc8       0xac build/stm32f7xx_hal_msp.o
                0x08007bc8                HAL_SAI_MspInit
 .text.HAL_SAI_MspDeInit
                0x08007c74       0x6c build/stm32f7xx_hal_msp.o
                0x08007c74                HAL_SAI_MspDeInit
 .text.HAL_InitTick
                0x08007ce0       0x7c build/stm32f7xx_hal_timebase_TIM.o
                0x08007ce0                HAL_InitTick
 .text.HCD_RXQLVL_IRQHandler
                0x08007d5c       0x7c build/stm32f7xx_hal_hcd.o
 .text.HAL_HCD_HC_Init
                0x08007dd8       0xa0 build/stm32f7xx_hal_hcd.o
                0x08007dd8                HAL_HCD_HC_Init
 .text.HAL_HCD_HC_Halt
                0x08007e78       0x24 build/stm32f7xx_hal_hcd.o
                0x08007e78                HAL_HCD_HC_Halt
 .text.HAL_HCD_Init
                0x08007e9c       0x84 build/stm32f7xx_hal_hcd.o
                0x08007e9c                HAL_HCD_Init
 .text.HAL_HCD_HC_SubmitRequest
                0x08007f20      0x18c build/stm32f7xx_hal_hcd.o
                0x08007f20                HAL_HCD_HC_SubmitRequest
 .text.HCD_Port_IRQHandler
                0x080080ac       0xd4 build/stm32f7xx_hal_hcd.o
 .text.HCD_HC_IN_IRQHandler
                0x08008180      0x2d8 build/stm32f7xx_hal_hcd.o
 .text.HCD_HC_OUT_IRQHandler
                0x08008458      0x2ac build/stm32f7xx_hal_hcd.o
 .text.HAL_HCD_IRQHandler
                0x08008704      0x148 build/stm32f7xx_hal_hcd.o
                0x08008704                HAL_HCD_IRQHandler
 .text.HAL_HCD_Start
                0x0800884c       0x2c build/stm32f7xx_hal_hcd.o
                0x0800884c                HAL_HCD_Start
 .text.HAL_HCD_Stop
                0x08008878       0x24 build/stm32f7xx_hal_hcd.o
                0x08008878                HAL_HCD_Stop
 .text.HAL_HCD_ResetPort
                0x0800889c        0xa build/stm32f7xx_hal_hcd.o
                0x0800889c                HAL_HCD_ResetPort
 .text.HAL_HCD_HC_GetURBState
                0x080088a6        0xe build/stm32f7xx_hal_hcd.o
                0x080088a6                HAL_HCD_HC_GetURBState
 .text.HAL_HCD_HC_GetXferCount
                0x080088b4        0xc build/stm32f7xx_hal_hcd.o
                0x080088b4                HAL_HCD_HC_GetXferCount
 .text.HAL_HCD_GetCurrentFrame
                0x080088c0        0xa build/stm32f7xx_hal_hcd.o
                0x080088c0                HAL_HCD_GetCurrentFrame
 .text.HAL_HCD_GetCurrentSpeed
                0x080088ca        0xa build/stm32f7xx_hal_hcd.o
                0x080088ca                HAL_HCD_GetCurrentSpeed
 .text.USB_CoreReset
                0x080088d4       0x3c build/stm32f7xx_ll_usb.o
 .text.USB_CoreInit
                0x08008910       0x7c build/stm32f7xx_ll_usb.o
                0x08008910                USB_CoreInit
 .text.USB_EnableGlobalInt
                0x0800898c        0xc build/stm32f7xx_ll_usb.o
                0x0800898c                USB_EnableGlobalInt
 .text.USB_DisableGlobalInt
                0x08008998        0xc build/stm32f7xx_ll_usb.o
                0x08008998                USB_DisableGlobalInt
 .text.USB_SetCurrentMode
                0x080089a4       0x30 build/stm32f7xx_ll_usb.o
                0x080089a4                USB_SetCurrentMode
 .text.USB_FlushTxFifo
                0x080089d4       0x28 build/stm32f7xx_ll_usb.o
                0x080089d4                USB_FlushTxFifo
 .text.USB_FlushRxFifo
                0x080089fc       0x24 build/stm32f7xx_ll_usb.o
                0x080089fc                USB_FlushRxFifo
 .text.USB_WritePacket
                0x08008a20       0x28 build/stm32f7xx_ll_usb.o
                0x08008a20                USB_WritePacket
 .text.USB_ReadPacket
                0x08008a48       0x28 build/stm32f7xx_ll_usb.o
                0x08008a48                USB_ReadPacket
 .text.USB_ReadInterrupts
                0x08008a70        0x8 build/stm32f7xx_ll_usb.o
                0x08008a70                USB_ReadInterrupts
 .text.USB_GetMode
                0x08008a78        0x8 build/stm32f7xx_ll_usb.o
                0x08008a78                USB_GetMode
 .text.USB_InitFSLSPClkSel
                0x08008a80       0x40 build/stm32f7xx_ll_usb.o
                0x08008a80                USB_InitFSLSPClkSel
 .text.USB_ResetPort
                0x08008ac0       0x3e build/stm32f7xx_ll_usb.o
                0x08008ac0                USB_ResetPort
 .text.USB_DriveVbus
                0x08008afe       0x46 build/stm32f7xx_ll_usb.o
                0x08008afe                USB_DriveVbus
 .text.USB_HostInit
                0x08008b44       0xdc build/stm32f7xx_ll_usb.o
                0x08008b44                USB_HostInit
 .text.USB_GetHostSpeed
                0x08008c20       0x16 build/stm32f7xx_ll_usb.o
                0x08008c20                USB_GetHostSpeed
 .text.USB_GetCurrentFrame
                0x08008c36        0xa build/stm32f7xx_ll_usb.o
                0x08008c36                USB_GetCurrentFrame
 .text.USB_HC_Init
                0x08008c40      0x106 build/stm32f7xx_ll_usb.o
                0x08008c40                USB_HC_Init
 .text.USB_HC_ReadInterrupt
                0x08008d46        0xa build/stm32f7xx_ll_usb.o
                0x08008d46                USB_HC_ReadInterrupt
 .text.USB_HC_Halt
                0x08008d50       0xdc build/stm32f7xx_ll_usb.o
                0x08008d50                USB_HC_Halt
 .text.USB_DoPing
                0x08008e2c       0x24 build/stm32f7xx_ll_usb.o
                0x08008e2c                USB_DoPing
 .text.USB_HC_StartXfer
                0x08008e50      0x158 build/stm32f7xx_ll_usb.o
                0x08008e50                USB_HC_StartXfer
 .text.USB_StopHost
                0x08008fa8       0x7e build/stm32f7xx_ll_usb.o
                0x08008fa8                USB_StopHost
 *fill*         0x08009026        0x2 
 .text.ADC_Init
                0x08009028      0x130 build/stm32f7xx_hal_adc.o
 .text.HAL_ADC_Init
                0x08009158       0x54 build/stm32f7xx_hal_adc.o
                0x08009158                HAL_ADC_Init
 .text.HAL_ADC_ConfigChannel
                0x080091ac      0x1ac build/stm32f7xx_hal_adc.o
                0x080091ac                HAL_ADC_ConfigChannel
 .text.HAL_NVIC_SetPriorityGrouping
                0x08009358       0x24 build/stm32f7xx_hal_cortex.o
                0x08009358                HAL_NVIC_SetPriorityGrouping
 .text.HAL_NVIC_SetPriority
                0x0800937c       0x64 build/stm32f7xx_hal_cortex.o
                0x0800937c                HAL_NVIC_SetPriority
 .text.HAL_NVIC_EnableIRQ
                0x080093e0       0x18 build/stm32f7xx_hal_cortex.o
                0x080093e0                HAL_NVIC_EnableIRQ
 .text.HAL_SYSTICK_Config
                0x080093f8       0x2c build/stm32f7xx_hal_cortex.o
                0x080093f8                HAL_SYSTICK_Config
 .text.HAL_SYSTICK_CLKSourceConfig
                0x08009424       0x20 build/stm32f7xx_hal_cortex.o
                0x08009424                HAL_SYSTICK_CLKSourceConfig
 .text.HAL_CRC_Init
                0x08009444       0x80 build/stm32f7xx_hal_crc.o
                0x08009444                HAL_CRC_Init
 .text.HAL_CRCEx_Polynomial_Set
                0x080094c4       0x56 build/stm32f7xx_hal_crc_ex.o
                0x080094c4                HAL_CRCEx_Polynomial_Set
 *fill*         0x0800951a        0x2 
 .text.HAL_DCMI_Init
                0x0800951c       0x98 build/stm32f7xx_hal_dcmi.o
                0x0800951c                HAL_DCMI_Init
 .text.DMA2D_SetConfig
                0x080095b4       0x8c build/stm32f7xx_hal_dma2d.o
 .text.HAL_DMA2D_Init
                0x08009640       0x5c build/stm32f7xx_hal_dma2d.o
                0x08009640                HAL_DMA2D_Init
 .text.HAL_DMA2D_Start
                0x0800969c       0x38 build/stm32f7xx_hal_dma2d.o
                0x0800969c                HAL_DMA2D_Start
 .text.HAL_DMA2D_PollForTransfer
                0x080096d4      0x13e build/stm32f7xx_hal_dma2d.o
                0x080096d4                HAL_DMA2D_PollForTransfer
 .text.HAL_DMA2D_LineEventCallback
                0x08009812        0x2 build/stm32f7xx_hal_dma2d.o
                0x08009812                HAL_DMA2D_LineEventCallback
 .text.HAL_DMA2D_CLUTLoadingCpltCallback
                0x08009814        0x2 build/stm32f7xx_hal_dma2d.o
                0x08009814                HAL_DMA2D_CLUTLoadingCpltCallback
 .text.HAL_DMA2D_IRQHandler
                0x08009816      0x13c build/stm32f7xx_hal_dma2d.o
                0x08009816                HAL_DMA2D_IRQHandler
 *fill*         0x08009952        0x2 
 .text.HAL_DMA2D_ConfigLayer
                0x08009954       0xc4 build/stm32f7xx_hal_dma2d.o
                0x08009954                HAL_DMA2D_ConfigLayer
 .text.FMC_SDRAM_Init
                0x08009a18       0x74 build/stm32f7xx_ll_fmc.o
                0x08009a18                FMC_SDRAM_Init
 .text.FMC_SDRAM_Timing_Init
                0x08009a8c       0x98 build/stm32f7xx_ll_fmc.o
                0x08009a8c                FMC_SDRAM_Timing_Init
 .text.FMC_SDRAM_SendCommand
                0x08009b24       0x2c build/stm32f7xx_ll_fmc.o
                0x08009b24                FMC_SDRAM_SendCommand
 .text.FMC_SDRAM_ProgramRefreshRate
                0x08009b50        0xc build/stm32f7xx_ll_fmc.o
                0x08009b50                FMC_SDRAM_ProgramRefreshRate
 .text.HAL_SDRAM_Init
                0x08009b5c       0x3e build/stm32f7xx_hal_sdram.o
                0x08009b5c                HAL_SDRAM_Init
 .text.HAL_SDRAM_SendCommand
                0x08009b9a       0x3a build/stm32f7xx_hal_sdram.o
                0x08009b9a                HAL_SDRAM_SendCommand
 .text.HAL_SDRAM_ProgramRefreshRate
                0x08009bd4       0x28 build/stm32f7xx_hal_sdram.o
                0x08009bd4                HAL_SDRAM_ProgramRefreshRate
 .text.I2C_Flush_TXDR
                0x08009bfc       0x22 build/stm32f7xx_hal_i2c.o
 .text.I2C_TransferConfig
                0x08009c1e       0x36 build/stm32f7xx_hal_i2c.o
 .text.I2C_IsAcknowledgeFailed
                0x08009c54       0x82 build/stm32f7xx_hal_i2c.o
 .text.I2C_WaitOnTXISFlagUntilTimeout
                0x08009cd6       0x54 build/stm32f7xx_hal_i2c.o
 .text.I2C_WaitOnFlagUntilTimeout
                0x08009d2a       0x48 build/stm32f7xx_hal_i2c.o
 *fill*         0x08009d72        0x2 
 .text.I2C_RequestMemoryWrite
                0x08009d74       0x88 build/stm32f7xx_hal_i2c.o
 .text.I2C_RequestMemoryRead
                0x08009dfc       0x84 build/stm32f7xx_hal_i2c.o
 .text.I2C_WaitOnSTOPFlagUntilTimeout
                0x08009e80       0x4e build/stm32f7xx_hal_i2c.o
 *fill*         0x08009ece        0x2 
 .text.HAL_I2C_Init
                0x08009ed0       0xbc build/stm32f7xx_hal_i2c.o
                0x08009ed0                HAL_I2C_Init
 .text.HAL_I2C_DeInit
                0x08009f8c       0x32 build/stm32f7xx_hal_i2c.o
                0x08009f8c                HAL_I2C_DeInit
 .text.HAL_I2C_Mem_Write
                0x08009fbe      0x1d4 build/stm32f7xx_hal_i2c.o
                0x08009fbe                HAL_I2C_Mem_Write
 *fill*         0x0800a192        0x2 
 .text.HAL_I2C_Mem_Read
                0x0800a194      0x1d4 build/stm32f7xx_hal_i2c.o
                0x0800a194                HAL_I2C_Mem_Read
 .text.HAL_I2C_GetState
                0x0800a368        0x6 build/stm32f7xx_hal_i2c.o
                0x0800a368                HAL_I2C_GetState
 .text.HAL_I2CEx_ConfigAnalogFilter
                0x0800a36e       0x5c build/stm32f7xx_hal_i2c_ex.o
                0x0800a36e                HAL_I2CEx_ConfigAnalogFilter
 .text.HAL_I2CEx_ConfigDigitalFilter
                0x0800a3ca       0x58 build/stm32f7xx_hal_i2c_ex.o
                0x0800a3ca                HAL_I2CEx_ConfigDigitalFilter
 *fill*         0x0800a422        0x2 
 .text.LTDC_SetConfig
                0x0800a424      0x194 build/stm32f7xx_hal_ltdc.o
 .text.HAL_LTDC_Init
                0x0800a5b8       0xfc build/stm32f7xx_hal_ltdc.o
                0x0800a5b8                HAL_LTDC_Init
 .text.HAL_LTDC_ErrorCallback
                0x0800a6b4        0x2 build/stm32f7xx_hal_ltdc.o
                0x0800a6b4                HAL_LTDC_ErrorCallback
 .text.HAL_LTDC_LineEventCallback
                0x0800a6b6        0x2 build/stm32f7xx_hal_ltdc.o
                0x0800a6b6                HAL_LTDC_LineEventCallback
 .text.HAL_LTDC_ReloadEventCallback
                0x0800a6b8        0x2 build/stm32f7xx_hal_ltdc.o
                0x0800a6b8                HAL_LTDC_ReloadEventCallback
 .text.HAL_LTDC_IRQHandler
                0x0800a6ba       0xe6 build/stm32f7xx_hal_ltdc.o
                0x0800a6ba                HAL_LTDC_IRQHandler
 .text.HAL_LTDC_ConfigLayer
                0x0800a7a0       0x5c build/stm32f7xx_hal_ltdc.o
                0x0800a7a0                HAL_LTDC_ConfigLayer
 .text.HAL_LTDC_ConfigColorKeying
                0x0800a7fc       0x48 build/stm32f7xx_hal_ltdc.o
                0x0800a7fc                HAL_LTDC_ConfigColorKeying
 .text.HAL_LTDC_EnableColorKeying
                0x0800a844       0x3c build/stm32f7xx_hal_ltdc.o
                0x0800a844                HAL_LTDC_EnableColorKeying
 .text.HAL_LTDC_SetAlpha
                0x0800a880       0x42 build/stm32f7xx_hal_ltdc.o
                0x0800a880                HAL_LTDC_SetAlpha
 .text.HAL_LTDC_GetState
                0x0800a8c2        0x6 build/stm32f7xx_hal_ltdc.o
                0x0800a8c2                HAL_LTDC_GetState
 .text.QSPI_WaitFlagStateUntilTimeout
                0x0800a8c8       0x4a build/stm32f7xx_hal_qspi.o
 .text.HAL_QSPI_SetTimeout
                0x0800a912        0x4 build/stm32f7xx_hal_qspi.o
                0x0800a912                HAL_QSPI_SetTimeout
 *fill*         0x0800a916        0x2 
 .text.HAL_QSPI_Init
                0x0800a918       0xc8 build/stm32f7xx_hal_qspi.o
                0x0800a918                HAL_QSPI_Init
 .text.HAL_RTC_WaitForSynchro
                0x0800a9e0       0x32 build/stm32f7xx_hal_rtc.o
                0x0800a9e0                HAL_RTC_WaitForSynchro
 .text.RTC_EnterInitMode
                0x0800aa12       0x3c build/stm32f7xx_hal_rtc.o
                0x0800aa12                RTC_EnterInitMode
 *fill*         0x0800aa4e        0x2 
 .text.HAL_RTC_Init
                0x0800aa50       0xa4 build/stm32f7xx_hal_rtc.o
                0x0800aa50                HAL_RTC_Init
 .text.RTC_ByteToBcd2
                0x0800aaf4       0x16 build/stm32f7xx_hal_rtc.o
                0x0800aaf4                RTC_ByteToBcd2
 *fill*         0x0800ab0a        0x2 
 .text.HAL_RTC_SetDate
                0x0800ab0c       0xdc build/stm32f7xx_hal_rtc.o
                0x0800ab0c                HAL_RTC_SetDate
 .text.HAL_RTC_SetTime
                0x0800abe8      0x100 build/stm32f7xx_hal_rtc.o
                0x0800abe8                HAL_RTC_SetTime
 .text.HAL_RTC_SetAlarm
                0x0800ace8      0x160 build/stm32f7xx_hal_rtc.o
                0x0800ace8                HAL_RTC_SetAlarm
 .text.HAL_RTCEx_SetTimeStamp
                0x0800ae48       0x5c build/stm32f7xx_hal_rtc_ex.o
                0x0800ae48                HAL_RTCEx_SetTimeStamp
 .text.SAI_InterruptFlag
                0x0800aea4       0x34 build/stm32f7xx_hal_sai.o
 .text.SAI_Disable
                0x0800aed8       0x44 build/stm32f7xx_hal_sai.o
 .text.HAL_SAI_Init
                0x0800af1c      0x208 build/stm32f7xx_hal_sai.o
                0x0800af1c                HAL_SAI_Init
 .text.HAL_SAI_DeInit
                0x0800b124       0x42 build/stm32f7xx_hal_sai.o
                0x0800b124                HAL_SAI_DeInit
 .text.HAL_SAI_DMAPause
                0x0800b166       0x26 build/stm32f7xx_hal_sai.o
                0x0800b166                HAL_SAI_DMAPause
 .text.HAL_SAI_DMAResume
                0x0800b18c       0x38 build/stm32f7xx_hal_sai.o
                0x0800b18c                HAL_SAI_DMAResume
 .text.HAL_SAI_DMAStop
                0x0800b1c4       0xa8 build/stm32f7xx_hal_sai.o
                0x0800b1c4                HAL_SAI_DMAStop
 .text.HAL_SAI_Transmit_DMA
                0x0800b26c       0xc8 build/stm32f7xx_hal_sai.o
                0x0800b26c                HAL_SAI_Transmit_DMA
 .text.SAI_DMATxCplt
                0x0800b334       0x3c build/stm32f7xx_hal_sai.o
 .text.SAI_DMATxHalfCplt
                0x0800b370        0xa build/stm32f7xx_hal_sai.o
 .text.SAI_DMAError
                0x0800b37a       0x44 build/stm32f7xx_hal_sai.o
 .text.HAL_SAI_GetState
                0x0800b3be        0x6 build/stm32f7xx_hal_sai.o
                0x0800b3be                HAL_SAI_GetState
 .text.SDMMC_GetCmdError
                0x0800b3c4       0x3c build/stm32f7xx_ll_sdmmc.o
 .text.SDMMC_GetCmdResp2
                0x0800b400       0x5c build/stm32f7xx_ll_sdmmc.o
 .text.SDMMC_GetCmdResp3
                0x0800b45c       0x4c build/stm32f7xx_ll_sdmmc.o
 .text.SDMMC_GetCmdResp7
                0x0800b4a8       0x54 build/stm32f7xx_ll_sdmmc.o
 .text.SDMMC_Init
                0x0800b4fc       0x38 build/stm32f7xx_ll_sdmmc.o
                0x0800b4fc                SDMMC_Init
 .text.SDMMC_ReadFIFO
                0x0800b534        0x6 build/stm32f7xx_ll_sdmmc.o
                0x0800b534                SDMMC_ReadFIFO
 .text.SDMMC_PowerState_ON
                0x0800b53a        0x8 build/stm32f7xx_ll_sdmmc.o
                0x0800b53a                SDMMC_PowerState_ON
 .text.SDMMC_GetPowerState
                0x0800b542        0x8 build/stm32f7xx_ll_sdmmc.o
                0x0800b542                SDMMC_GetPowerState
 *fill*         0x0800b54a        0x2 
 .text.SDMMC_SendCommand
                0x0800b54c       0x24 build/stm32f7xx_ll_sdmmc.o
                0x0800b54c                SDMMC_SendCommand
 .text.SDMMC_GetCommandResponse
                0x0800b570        0x6 build/stm32f7xx_ll_sdmmc.o
                0x0800b570                SDMMC_GetCommandResponse
 .text.SDMMC_GetResponse
                0x0800b576       0x14 build/stm32f7xx_ll_sdmmc.o
                0x0800b576                SDMMC_GetResponse
 *fill*         0x0800b58a        0x2 
 .text.SDMMC_GetCmdResp1
                0x0800b58c      0x154 build/stm32f7xx_ll_sdmmc.o
 .text.SDMMC_GetCmdResp6
                0x0800b6e0       0xa0 build/stm32f7xx_ll_sdmmc.o
 .text.SDMMC_ConfigData
                0x0800b780       0x24 build/stm32f7xx_ll_sdmmc.o
                0x0800b780                SDMMC_ConfigData
 .text.SDMMC_CmdBlockLength
                0x0800b7a4       0x30 build/stm32f7xx_ll_sdmmc.o
                0x0800b7a4                SDMMC_CmdBlockLength
 .text.SDMMC_CmdReadSingleBlock
                0x0800b7d4       0x30 build/stm32f7xx_ll_sdmmc.o
                0x0800b7d4                SDMMC_CmdReadSingleBlock
 .text.SDMMC_CmdReadMultiBlock
                0x0800b804       0x30 build/stm32f7xx_ll_sdmmc.o
                0x0800b804                SDMMC_CmdReadMultiBlock
 .text.SDMMC_CmdWriteSingleBlock
                0x0800b834       0x30 build/stm32f7xx_ll_sdmmc.o
                0x0800b834                SDMMC_CmdWriteSingleBlock
 .text.SDMMC_CmdWriteMultiBlock
                0x0800b864       0x30 build/stm32f7xx_ll_sdmmc.o
                0x0800b864                SDMMC_CmdWriteMultiBlock
 .text.SDMMC_CmdStopTransfer
                0x0800b894       0x34 build/stm32f7xx_ll_sdmmc.o
                0x0800b894                SDMMC_CmdStopTransfer
 .text.SDMMC_CmdSelDesel
                0x0800b8c8       0x30 build/stm32f7xx_ll_sdmmc.o
                0x0800b8c8                SDMMC_CmdSelDesel
 .text.SDMMC_CmdGoIdleState
                0x0800b8f8       0x26 build/stm32f7xx_ll_sdmmc.o
                0x0800b8f8                SDMMC_CmdGoIdleState
 .text.SDMMC_CmdOperCond
                0x0800b91e       0x2e build/stm32f7xx_ll_sdmmc.o
                0x0800b91e                SDMMC_CmdOperCond
 .text.SDMMC_CmdAppCommand
                0x0800b94c       0x30 build/stm32f7xx_ll_sdmmc.o
                0x0800b94c                SDMMC_CmdAppCommand
 .text.SDMMC_CmdAppOperCommand
                0x0800b97c       0x34 build/stm32f7xx_ll_sdmmc.o
                0x0800b97c                SDMMC_CmdAppOperCommand
 .text.SDMMC_CmdBusWidth
                0x0800b9b0       0x30 build/stm32f7xx_ll_sdmmc.o
                0x0800b9b0                SDMMC_CmdBusWidth
 .text.SDMMC_CmdSendSCR
                0x0800b9e0       0x30 build/stm32f7xx_ll_sdmmc.o
                0x0800b9e0                SDMMC_CmdSendSCR
 .text.SDMMC_CmdSendCID
                0x0800ba10       0x2a build/stm32f7xx_ll_sdmmc.o
                0x0800ba10                SDMMC_CmdSendCID
 .text.SDMMC_CmdSendCSD
                0x0800ba3a       0x2a build/stm32f7xx_ll_sdmmc.o
                0x0800ba3a                SDMMC_CmdSendCSD
 .text.SDMMC_CmdSetRelAdd
                0x0800ba64       0x30 build/stm32f7xx_ll_sdmmc.o
                0x0800ba64                SDMMC_CmdSetRelAdd
 .text.SDMMC_CmdSendStatus
                0x0800ba94       0x30 build/stm32f7xx_ll_sdmmc.o
                0x0800ba94                SDMMC_CmdSendStatus
 .text.SD_DMATransmitCplt
                0x0800bac4        0xe build/stm32f7xx_hal_sd.o
 .text.SD_PowerON
                0x0800bad2       0xd4 build/stm32f7xx_hal_sd.o
 .text.SD_FindSCR
                0x0800bba6      0x106 build/stm32f7xx_hal_sd.o
 .text.SD_WideBus_Enable
                0x0800bcac       0x56 build/stm32f7xx_hal_sd.o
 .text.SD_WideBus_Disable
                0x0800bd02       0x56 build/stm32f7xx_hal_sd.o
 .text.SD_SendStatus
                0x0800bd58       0x2c build/stm32f7xx_hal_sd.o
 .text.HAL_SD_ReadBlocks_DMA
                0x0800bd84      0x110 build/stm32f7xx_hal_sd.o
                0x0800bd84                HAL_SD_ReadBlocks_DMA
 .text.HAL_SD_WriteBlocks_DMA
                0x0800be94      0x110 build/stm32f7xx_hal_sd.o
                0x0800be94                HAL_SD_WriteBlocks_DMA
 .text.HAL_SD_ErrorCallback
                0x0800bfa4        0x2 build/stm32f7xx_hal_sd.o
                0x0800bfa4                HAL_SD_ErrorCallback
 .text.SD_DMAReceiveCplt
                0x0800bfa6       0x44 build/stm32f7xx_hal_sd.o
 .text.HAL_SD_GetCardCSD
                0x0800bfea      0x1e2 build/stm32f7xx_hal_sd.o
                0x0800bfea                HAL_SD_GetCardCSD
 .text.SD_InitCard
                0x0800c1cc       0xf6 build/stm32f7xx_hal_sd.o
 .text.HAL_SD_InitCard
                0x0800c2c2       0x80 build/stm32f7xx_hal_sd.o
                0x0800c2c2                HAL_SD_InitCard
 .text.HAL_SD_Init
                0x0800c342       0x32 build/stm32f7xx_hal_sd.o
                0x0800c342                HAL_SD_Init
 .text.HAL_SD_GetCardInfo
                0x0800c374       0x24 build/stm32f7xx_hal_sd.o
                0x0800c374                HAL_SD_GetCardInfo
 .text.HAL_SD_ConfigWideBusOperation
                0x0800c398       0xa0 build/stm32f7xx_hal_sd.o
                0x0800c398                HAL_SD_ConfigWideBusOperation
 .text.HAL_SD_GetCardState
                0x0800c438       0x26 build/stm32f7xx_hal_sd.o
                0x0800c438                HAL_SD_GetCardState
 .text.SD_DMAError
                0x0800c45e       0x62 build/stm32f7xx_hal_sd.o
 .text.HAL_SPDIFRX_Init
                0x0800c4c0       0x70 build/stm32f7xx_hal_spdifrx.o
                0x0800c4c0                HAL_SPDIFRX_Init
 .text.HAL_SPI_Init
                0x0800c530       0xba build/stm32f7xx_hal_spi.o
                0x0800c530                HAL_SPI_Init
 .text.TIM_TI1_ConfigInputStage
                0x0800c5ea       0x26 build/stm32f7xx_hal_tim.o
 .text.TIM_TI2_ConfigInputStage
                0x0800c610       0x28 build/stm32f7xx_hal_tim.o
 .text.TIM_ITRx_SetConfig
                0x0800c638       0x10 build/stm32f7xx_hal_tim.o
 .text.HAL_TIM_Base_Start_IT
                0x0800c648       0x18 build/stm32f7xx_hal_tim.o
                0x0800c648                HAL_TIM_Base_Start_IT
 .text.HAL_TIM_OC_DelayElapsedCallback
                0x0800c660        0x2 build/stm32f7xx_hal_tim.o
                0x0800c660                HAL_TIM_OC_DelayElapsedCallback
 .text.HAL_TIM_IC_CaptureCallback
                0x0800c662        0x2 build/stm32f7xx_hal_tim.o
                0x0800c662                HAL_TIM_IC_CaptureCallback
 .text.HAL_TIM_PWM_PulseFinishedCallback
                0x0800c664        0x2 build/stm32f7xx_hal_tim.o
                0x0800c664                HAL_TIM_PWM_PulseFinishedCallback
 .text.HAL_TIM_TriggerCallback
                0x0800c666        0x2 build/stm32f7xx_hal_tim.o
                0x0800c666                HAL_TIM_TriggerCallback
 .text.HAL_TIM_IRQHandler
                0x0800c668      0x19a build/stm32f7xx_hal_tim.o
                0x0800c668                HAL_TIM_IRQHandler
 *fill*         0x0800c802        0x2 
 .text.TIM_Base_SetConfig
                0x0800c804      0x10c build/stm32f7xx_hal_tim.o
                0x0800c804                TIM_Base_SetConfig
 .text.HAL_TIM_Base_Init
                0x0800c910       0x32 build/stm32f7xx_hal_tim.o
                0x0800c910                HAL_TIM_Base_Init
 .text.HAL_TIM_PWM_Init
                0x0800c942       0x32 build/stm32f7xx_hal_tim.o
                0x0800c942                HAL_TIM_PWM_Init
 .text.TIM_OC1_SetConfig
                0x0800c974       0x60 build/stm32f7xx_hal_tim.o
                0x0800c974                TIM_OC1_SetConfig
 .text.TIM_OC2_SetConfig
                0x0800c9d4       0x68 build/stm32f7xx_hal_tim.o
                0x0800c9d4                TIM_OC2_SetConfig
 .text.TIM_OC3_SetConfig
                0x0800ca3c       0x68 build/stm32f7xx_hal_tim.o
                0x0800ca3c                TIM_OC3_SetConfig
 .text.TIM_OC4_SetConfig
                0x0800caa4       0x54 build/stm32f7xx_hal_tim.o
                0x0800caa4                TIM_OC4_SetConfig
 .text.TIM_ETR_SetConfig
                0x0800caf8       0x18 build/stm32f7xx_hal_tim.o
                0x0800caf8                TIM_ETR_SetConfig
 .text.HAL_TIM_ConfigClockSource
                0x0800cb10      0x114 build/stm32f7xx_hal_tim.o
                0x0800cb10                HAL_TIM_ConfigClockSource
 .text.TIM_OC5_SetConfig
                0x0800cc24       0x54 build/stm32f7xx_hal_tim_ex.o
 .text.TIM_OC6_SetConfig
                0x0800cc78       0x54 build/stm32f7xx_hal_tim_ex.o
 .text.HAL_TIMEx_MasterConfigSynchronization
                0x0800cccc       0x58 build/stm32f7xx_hal_tim_ex.o
                0x0800cccc                HAL_TIMEx_MasterConfigSynchronization
 .text.HAL_TIMEx_ConfigBreakDeadTime
                0x0800cd24       0x94 build/stm32f7xx_hal_tim_ex.o
                0x0800cd24                HAL_TIMEx_ConfigBreakDeadTime
 .text.HAL_TIMEx_CommutationCallback
                0x0800cdb8        0x2 build/stm32f7xx_hal_tim_ex.o
                0x0800cdb8                HAL_TIMEx_CommutationCallback
 .text.HAL_TIMEx_BreakCallback
                0x0800cdba        0x2 build/stm32f7xx_hal_tim_ex.o
                0x0800cdba                HAL_TIMEx_BreakCallback
 .text.HAL_TIM_PWM_ConfigChannel
                0x0800cdbc      0x134 build/stm32f7xx_hal_tim_ex.o
                0x0800cdbc                HAL_TIM_PWM_ConfigChannel
 .text.UART_WaitOnFlagUntilTimeout
                0x0800cef0       0x62 build/stm32f7xx_hal_uart.o
                0x0800cef0                UART_WaitOnFlagUntilTimeout
 *fill*         0x0800cf52        0x2 
 .text.UART_SetConfig
                0x0800cf54      0x35c build/stm32f7xx_hal_uart.o
                0x0800cf54                UART_SetConfig
 .text.UART_AdvFeatureConfig
                0x0800d2b0       0xca build/stm32f7xx_hal_uart.o
                0x0800d2b0                UART_AdvFeatureConfig
 .text.UART_CheckIdleState
                0x0800d37a       0x48 build/stm32f7xx_hal_uart.o
                0x0800d37a                UART_CheckIdleState
 .text.HAL_UART_Init
                0x0800d3c2       0x66 build/stm32f7xx_hal_uart.o
                0x0800d3c2                HAL_UART_Init
 .text.HAL_RCC_OscConfig
                0x0800d428      0x3d4 build/stm32f7xx_hal_rcc.o
                0x0800d428                HAL_RCC_OscConfig
 .text.HAL_RCC_GetSysClockFreq
                0x0800d7fc       0xa8 build/stm32f7xx_hal_rcc.o
                0x0800d7fc                HAL_RCC_GetSysClockFreq
 .text.HAL_RCC_ClockConfig
                0x0800d8a4      0x164 build/stm32f7xx_hal_rcc.o
                0x0800d8a4                HAL_RCC_ClockConfig
 .text.HAL_RCC_GetHCLKFreq
                0x0800da08        0xc build/stm32f7xx_hal_rcc.o
                0x0800da08                HAL_RCC_GetHCLKFreq
 .text.HAL_RCC_GetPCLK1Freq
                0x0800da14       0x20 build/stm32f7xx_hal_rcc.o
                0x0800da14                HAL_RCC_GetPCLK1Freq
 .text.HAL_RCC_GetPCLK2Freq
                0x0800da34       0x20 build/stm32f7xx_hal_rcc.o
                0x0800da34                HAL_RCC_GetPCLK2Freq
 .text.HAL_RCC_GetClockConfig
                0x0800da54       0x3c build/stm32f7xx_hal_rcc.o
                0x0800da54                HAL_RCC_GetClockConfig
 .text.HAL_RCCEx_PeriphCLKConfig
                0x0800da90      0x5ac build/stm32f7xx_hal_rcc_ex.o
                0x0800da90                HAL_RCCEx_PeriphCLKConfig
 .text.HAL_RCCEx_GetPeriphCLKConfig
                0x0800e03c      0x164 build/stm32f7xx_hal_rcc_ex.o
                0x0800e03c                HAL_RCCEx_GetPeriphCLKConfig
 .text.HAL_RCCEx_GetPeriphCLKFreq
                0x0800e1a0      0x1b0 build/stm32f7xx_hal_rcc_ex.o
                0x0800e1a0                HAL_RCCEx_GetPeriphCLKFreq
 .text.HAL_GPIO_Init
                0x0800e350      0x1e0 build/stm32f7xx_hal_gpio.o
                0x0800e350                HAL_GPIO_Init
 .text.HAL_GPIO_DeInit
                0x0800e530      0x13c build/stm32f7xx_hal_gpio.o
                0x0800e530                HAL_GPIO_DeInit
 .text.HAL_GPIO_ReadPin
                0x0800e66c        0xe build/stm32f7xx_hal_gpio.o
                0x0800e66c                HAL_GPIO_ReadPin
 .text.HAL_GPIO_WritePin
                0x0800e67a        0xc build/stm32f7xx_hal_gpio.o
                0x0800e67a                HAL_GPIO_WritePin
 .text.DMA_SetConfig
                0x0800e686       0x2c build/stm32f7xx_hal_dma.o
 *fill*         0x0800e6b2        0x2 
 .text.DMA_CalcBaseAndBitshift
                0x0800e6b4       0x38 build/stm32f7xx_hal_dma.o
 .text.DMA_CheckFifoParam
                0x0800e6ec       0x8e build/stm32f7xx_hal_dma.o
 *fill*         0x0800e77a        0x2 
 .text.HAL_DMA_Init
                0x0800e77c       0xcc build/stm32f7xx_hal_dma.o
                0x0800e77c                HAL_DMA_Init
 .text.HAL_DMA_DeInit
                0x0800e848       0x66 build/stm32f7xx_hal_dma.o
                0x0800e848                HAL_DMA_DeInit
 .text.HAL_DMA_Start_IT
                0x0800e8ae       0x74 build/stm32f7xx_hal_dma.o
                0x0800e8ae                HAL_DMA_Start_IT
 .text.HAL_DMA_Abort
                0x0800e922       0x94 build/stm32f7xx_hal_dma.o
                0x0800e922                HAL_DMA_Abort
 *fill*         0x0800e9b6        0x2 
 .text.HAL_DMA_IRQHandler
                0x0800e9b8      0x1dc build/stm32f7xx_hal_dma.o
                0x0800e9b8                HAL_DMA_IRQHandler
 .text.HAL_DMA_GetError
                0x0800eb94        0x4 build/stm32f7xx_hal_dma.o
                0x0800eb94                HAL_DMA_GetError
 .text.HAL_PWREx_EnableOverDrive
                0x0800eb98       0x7c build/stm32f7xx_hal_pwr_ex.o
                0x0800eb98                HAL_PWREx_EnableOverDrive
 .text.HAL_Init
                0x0800ec14       0x16 build/stm32f7xx_hal.o
                0x0800ec14                HAL_Init
 *fill*         0x0800ec2a        0x2 
 .text.HAL_IncTick
                0x0800ec2c       0x18 build/stm32f7xx_hal.o
                0x0800ec2c                HAL_IncTick
 .text.HAL_GetTick
                0x0800ec44        0xc build/stm32f7xx_hal.o
                0x0800ec44                HAL_GetTick
 .text.HAL_Delay
                0x0800ec50       0x28 build/stm32f7xx_hal.o
                0x0800ec50                HAL_Delay
 .text.SystemInit
                0x0800ec78       0x50 build/system_stm32f7xx.o
                0x0800ec78                SystemInit
 .text.ff_cre_syncobj
                0x0800ecc8       0x20 build/syscall.o
                0x0800ecc8                ff_cre_syncobj
 .text.ff_del_syncobj
                0x0800ece8        0xa build/syscall.o
                0x0800ece8                ff_del_syncobj
 .text.ff_req_grant
                0x0800ecf2       0x14 build/syscall.o
                0x0800ecf2                ff_req_grant
 .text.ff_rel_grant
                0x0800ed06        0x8 build/syscall.o
                0x0800ed06                ff_rel_grant
 .text.ff_memalloc
                0x0800ed0e        0x8 build/syscall.o
                0x0800ed0e                ff_memalloc
 .text.ff_memfree
                0x0800ed16        0x8 build/syscall.o
                0x0800ed16                ff_memfree
 *fill*         0x0800ed1e        0x2 
 .text.ff_convert
                0x0800ed20       0x38 build/ccsbcs.o
                0x0800ed20                ff_convert
 .text.ff_wtoupper
                0x0800ed58       0x98 build/ccsbcs.o
                0x0800ed58                ff_wtoupper
 .text.ld_word  0x0800edf0        0xa build/ff.o
 .text.ld_dword
                0x0800edfa       0x16 build/ff.o
 .text.st_word  0x0800ee10        0x8 build/ff.o
 .text.st_dword
                0x0800ee18       0x14 build/ff.o
 .text.mem_cpy  0x0800ee2c       0x12 build/ff.o
 .text.mem_set  0x0800ee3e        0xa build/ff.o
 .text.mem_cmp  0x0800ee48       0x1e build/ff.o
 .text.chk_chr  0x0800ee66       0x10 build/ff.o
 *fill*         0x0800ee76        0x2 
 .text.chk_lock
                0x0800ee78       0x74 build/ff.o
 .text.enq_lock
                0x0800eeec       0x20 build/ff.o
 .text.inc_lock
                0x0800ef0c       0xa4 build/ff.o
 .text.dec_lock
                0x0800efb0       0x40 build/ff.o
 .text.clear_lock
                0x0800eff0       0x3c build/ff.o
 .text.clust2sect
                0x0800f02c       0x18 build/ff.o
 .text.clmt_clust
                0x0800f044       0x22 build/ff.o
 .text.ld_clust
                0x0800f066       0x26 build/ff.o
 .text.st_clust
                0x0800f08c       0x26 build/ff.o
 *fill*         0x0800f0b2        0x2 
 .text.pick_lfn
                0x0800f0b4       0x88 build/ff.o
 .text.put_lfn  0x0800f13c       0x78 build/ff.o
 .text.gen_numname
                0x0800f1b4       0xa0 build/ff.o
 .text.sum_sfn  0x0800f254       0x1c build/ff.o
 .text.get_ldnumber
                0x0800f270       0x58 build/ff.o
 .text.lock_fs  0x0800f2c8       0x18 build/ff.o
 .text.validate
                0x0800f2e0       0x40 build/ff.o
 .text.sync_window
                0x0800f320       0x54 build/ff.o
 .text.move_window
                0x0800f374       0x34 build/ff.o
 .text.check_fs
                0x0800f3a8       0x7c build/ff.o
 .text.find_volume
                0x0800f424      0x318 build/ff.o
 .text.put_fat  0x0800f73c      0x10a build/ff.o
 .text.get_fat  0x0800f846       0xd0 build/ff.o
 .text.dir_sdi  0x0800f916       0xa2 build/ff.o
 .text.create_chain
                0x0800f9b8       0xce build/ff.o
 .text.remove_chain
                0x0800fa86       0x88 build/ff.o
 .text.dir_next
                0x0800fb0e      0x10c build/ff.o
 .text.dir_alloc
                0x0800fc1a       0x4e build/ff.o
 .text.dir_read
                0x0800fc68       0xb8 build/ff.o
 .text.unlock_fs
                0x0800fd20       0x2c build/ff.o
 .text.create_name
                0x0800fd4c      0x29c build/ff.o
 .text.get_fileinfo
                0x0800ffe8       0xea build/ff.o
 *fill*         0x080100d2        0x2 
 .text.cmp_lfn  0x080100d4       0xa4 build/ff.o
 .text.dir_find
                0x08010178       0xe6 build/ff.o
 .text.follow_path
                0x0801025e       0xba build/ff.o
 .text.dir_register
                0x08010318      0x144 build/ff.o
 .text.sync_fs  0x0801045c       0x8c build/ff.o
 .text.f_mount  0x080104e8       0x8c build/ff.o
                0x080104e8                f_mount
 .text.f_open   0x08010574      0x252 build/ff.o
                0x08010574                f_open
 .text.f_read   0x080107c6      0x206 build/ff.o
                0x080107c6                f_read
 .text.f_sync   0x080109cc       0xb0 build/ff.o
                0x080109cc                f_sync
 .text.f_close  0x08010a7c       0x3a build/ff.o
                0x08010a7c                f_close
 .text.f_opendir
                0x08010ab6       0xb4 build/ff.o
                0x08010ab6                f_opendir
 .text.f_closedir
                0x08010b6a       0x30 build/ff.o
                0x08010b6a                f_closedir
 .text.f_readdir
                0x08010b9a       0x78 build/ff.o
                0x08010b9a                f_readdir
 *fill*         0x08010c12        0x2 
 .text.FATFS_LinkDriverEx
                0x08010c14       0x4c build/ff_gen_drv.o
                0x08010c14                FATFS_LinkDriverEx
 .text.FATFS_LinkDriver
                0x08010c60        0xa build/ff_gen_drv.o
                0x08010c60                FATFS_LinkDriver
 *fill*         0x08010c6a        0x2 
 .text.disk_status
                0x08010c6c       0x18 build/diskio.o
                0x08010c6c                disk_status
 .text.disk_initialize
                0x08010c84       0x28 build/diskio.o
                0x08010c84                disk_initialize
 .text.disk_read
                0x08010cac       0x18 build/diskio.o
                0x08010cac                disk_read
 .text.disk_write
                0x08010cc4       0x18 build/diskio.o
                0x08010cc4                disk_write
 .text.disk_ioctl
                0x08010cdc       0x18 build/diskio.o
                0x08010cdc                disk_ioctl
 .text.prvHeapInit
                0x08010cf4       0x64 build/heap_4.o
 .text.prvInsertBlockIntoFreeList
                0x08010d58       0x58 build/heap_4.o
 .text.pvPortMalloc
                0x08010db0      0x128 build/heap_4.o
                0x08010db0                pvPortMalloc
 .text.vPortFree
                0x08010ed8       0x78 build/heap_4.o
                0x08010ed8                vPortFree
 .text.prvTaskExitError
                0x08010f50       0x3c build/port.o
 .text.prvPortStartFirstTask
                0x08010f8c       0x20 build/port.o
 .text.vPortEnableVFP
                0x08010fac       0x14 build/port.o
 .text.pxPortInitialiseStack
                0x08010fc0       0x2c build/port.o
                0x08010fc0                pxPortInitialiseStack
 *fill*         0x08010fec        0x4 
 .text.SVC_Handler
                0x08010ff0       0x24 build/port.o
                0x08010ff0                SVC_Handler
 .text.vPortEnterCritical
                0x08011014       0x4c build/port.o
                0x08011014                vPortEnterCritical
 .text.vPortExitCritical
                0x08011060       0x30 build/port.o
                0x08011060                vPortExitCritical
 .text.PendSV_Handler
                0x08011090       0x64 build/port.o
                0x08011090                PendSV_Handler
 .text.xPortSysTickHandler
                0x080110f4       0x30 build/port.o
                0x080110f4                xPortSysTickHandler
 .text.vPortSetupTimerInterrupt
                0x08011124       0x2c build/port.o
                0x08011124                vPortSetupTimerInterrupt
 .text.xPortStartScheduler
                0x08011150       0xa8 build/port.o
                0x08011150                xPortStartScheduler
 .text.vPortValidateInterruptPriority
                0x080111f8       0x64 build/port.o
                0x080111f8                vPortValidateInterruptPriority
 .text.prvIsQueueFull
                0x0801125c       0x1e build/queue.o
 .text.prvIsQueueEmpty
                0x0801127a       0x1a build/queue.o
 .text.prvCopyDataToQueue
                0x08011294       0x76 build/queue.o
 .text.prvCopyDataFromQueue
                0x0801130a       0x24 build/queue.o
 .text.prvUnlockQueue
                0x0801132e       0x6e build/queue.o
 .text.xQueueGenericReset
                0x0801139c       0x88 build/queue.o
                0x0801139c                xQueueGenericReset
 .text.prvInitialiseNewQueue
                0x08011424       0x1c build/queue.o
 .text.xQueueGenericCreate
                0x08011440       0x4c build/queue.o
                0x08011440                xQueueGenericCreate
 .text.xQueueCreateCountingSemaphore
                0x0801148c       0x48 build/queue.o
                0x0801148c                xQueueCreateCountingSemaphore
 .text.xQueueGenericSend
                0x080114d4      0x18c build/queue.o
                0x080114d4                xQueueGenericSend
 .text.xQueueGenericSendFromISR
                0x08011660       0xdc build/queue.o
                0x08011660                xQueueGenericSendFromISR
 .text.xQueueGiveFromISR
                0x0801173c       0xc2 build/queue.o
                0x0801173c                xQueueGiveFromISR
 *fill*         0x080117fe        0x2 
 .text.xQueueGenericReceive
                0x08011800      0x1b0 build/queue.o
                0x08011800                xQueueGenericReceive
 .text.xQueueReceiveFromISR
                0x080119b0       0xb6 build/queue.o
                0x080119b0                xQueueReceiveFromISR
 *fill*         0x08011a66        0x2 
 .text.vQueueUnregisterQueue
                0x08011a68       0x2c build/queue.o
                0x08011a68                vQueueUnregisterQueue
 .text.vQueueDelete
                0x08011a94       0x28 build/queue.o
                0x08011a94                vQueueDelete
 .text.vListInitialise
                0x08011abc       0x16 build/list.o
                0x08011abc                vListInitialise
 .text.vListInitialiseItem
                0x08011ad2        0x6 build/list.o
                0x08011ad2                vListInitialiseItem
 .text.vListInsertEnd
                0x08011ad8       0x18 build/list.o
                0x08011ad8                vListInsertEnd
 .text.vListInsert
                0x08011af0       0x34 build/list.o
                0x08011af0                vListInsert
 .text.uxListRemove
                0x08011b24       0x26 build/list.o
                0x08011b24                uxListRemove
 *fill*         0x08011b4a        0x2 
 .text.prvResetNextTaskUnblockTime
                0x08011b4c       0x2c build/tasks.o
 .text.prvDeleteTCB
                0x08011b78       0x12 build/tasks.o
 .text.prvInitialiseNewTask
                0x08011b8a       0x92 build/tasks.o
 .text.prvInitialiseTaskLists
                0x08011c1c       0x68 build/tasks.o
 .text.prvAddNewTaskToReadyList
                0x08011c84       0xa8 build/tasks.o
 .text.prvAddCurrentTaskToDelayedList
                0x08011d2c       0xa0 build/tasks.o
 .text.xTaskCreate
                0x08011dcc       0x62 build/tasks.o
                0x08011dcc                xTaskCreate
 *fill*         0x08011e2e        0x2 
 .text.vTaskStartScheduler
                0x08011e30       0x84 build/tasks.o
                0x08011e30                vTaskStartScheduler
 .text.vTaskSuspendAll
                0x08011eb4       0x10 build/tasks.o
                0x08011eb4                vTaskSuspendAll
 .text.xTaskGetTickCount
                0x08011ec4        0xc build/tasks.o
                0x08011ec4                xTaskGetTickCount
 .text.xTaskGetTickCountFromISR
                0x08011ed0       0x10 build/tasks.o
                0x08011ed0                xTaskGetTickCountFromISR
 .text.xTaskIncrementTick
                0x08011ee0      0x11c build/tasks.o
                0x08011ee0                xTaskIncrementTick
 .text.xTaskResumeAll
                0x08011ffc       0xf8 build/tasks.o
                0x08011ffc                xTaskResumeAll
 .text.vTaskDelay
                0x080120f4       0x50 build/tasks.o
                0x080120f4                vTaskDelay
 .text.prvCheckTasksWaitingTermination
                0x08012144       0x5c build/tasks.o
 .text.prvIdleTask
                0x080121a0       0x30 build/tasks.o
 .text.vTaskSwitchContext
                0x080121d0       0xcc build/tasks.o
                0x080121d0                vTaskSwitchContext
 .text.vTaskPlaceOnEventList
                0x0801229c       0x34 build/tasks.o
                0x0801229c                vTaskPlaceOnEventList
 .text.xTaskRemoveFromEventList
                0x080122d0       0x90 build/tasks.o
                0x080122d0                xTaskRemoveFromEventList
 .text.vTaskSetTimeOutState
                0x08012360       0x30 build/tasks.o
                0x08012360                vTaskSetTimeOutState
 .text.xTaskCheckForTimeOut
                0x08012390       0x88 build/tasks.o
                0x08012390                xTaskCheckForTimeOut
 .text.vTaskMissedYield
                0x08012418        0xc build/tasks.o
                0x08012418                vTaskMissedYield
 .text.xTaskGetSchedulerState
                0x08012424       0x20 build/tasks.o
                0x08012424                xTaskGetSchedulerState
 .text.vTaskPriorityInherit
                0x08012444       0xa0 build/tasks.o
                0x08012444                vTaskPriorityInherit
 .text.xTaskPriorityDisinherit
                0x080124e4       0xb8 build/tasks.o
                0x080124e4                xTaskPriorityDisinherit
 .text.pvTaskIncrementMutexHeldCount
                0x0801259c       0x1c build/tasks.o
                0x0801259c                pvTaskIncrementMutexHeldCount
 .text.makeFreeRtosPriority
                0x080125b8        0xc build/cmsis_os.o
 .text.inHandlerMode
                0x080125c4        0xc build/cmsis_os.o
 .text.osKernelStart
                0x080125d0        0xa build/cmsis_os.o
                0x080125d0                osKernelStart
 .text.osKernelRunning
                0x080125da       0x12 build/cmsis_os.o
                0x080125da                osKernelRunning
 .text.osKernelSysTick
                0x080125ec       0x14 build/cmsis_os.o
                0x080125ec                osKernelSysTick
 .text.osThreadCreate
                0x08012600       0x34 build/cmsis_os.o
                0x08012600                osThreadCreate
 .text.osSemaphoreCreate
                0x08012634       0x2c build/cmsis_os.o
                0x08012634                osSemaphoreCreate
 .text.osSemaphoreWait
                0x08012660       0x74 build/cmsis_os.o
                0x08012660                osSemaphoreWait
 .text.osSemaphoreRelease
                0x080126d4       0x5c build/cmsis_os.o
                0x080126d4                osSemaphoreRelease
 .text.osSemaphoreDelete
                0x08012730       0x18 build/cmsis_os.o
                0x08012730                osSemaphoreDelete
 .text.osMessageCreate
                0x08012748        0xe build/cmsis_os.o
                0x08012748                osMessageCreate
 *fill*         0x08012756        0x2 
 .text.osMessagePut
                0x08012758       0x68 build/cmsis_os.o
                0x08012758                osMessagePut
 .text.osMessageGet
                0x080127c0       0xa0 build/cmsis_os.o
                0x080127c0                osMessageGet
 .text.osSystickHandler
                0x08012860       0x10 build/cmsis_os.o
                0x08012860                osSystickHandler
 .text.DeInitStateMachine
                0x08012870       0x4a build/usbh_core.o
 .text.USBH_HandleSof
                0x080128ba       0x1a build/usbh_core.o
 .text.USBH_HandleEnum
                0x080128d4      0x24c build/usbh_core.o
 .text.USBH_Init
                0x08012b20       0x80 build/usbh_core.o
                0x08012b20                USBH_Init
 .text.USBH_RegisterClass
                0x08012ba0       0x58 build/usbh_core.o
                0x08012ba0                USBH_RegisterClass
 .text.USBH_SelectInterface
                0x08012bf8       0x88 build/usbh_core.o
                0x08012bf8                USBH_SelectInterface
 .text.USBH_FindInterface
                0x08012c80       0x50 build/usbh_core.o
                0x08012c80                USBH_FindInterface
 .text.USBH_Start
                0x08012cd0       0x14 build/usbh_core.o
                0x08012cd0                USBH_Start
 .text.USBH_LL_SetTimer
                0x08012ce4        0x6 build/usbh_core.o
                0x08012ce4                USBH_LL_SetTimer
 .text.USBH_LL_IncTimer
                0x08012cea       0x12 build/usbh_core.o
                0x08012cea                USBH_LL_IncTimer
 .text.USBH_LL_PortEnabled
                0x08012cfc        0x8 build/usbh_core.o
                0x08012cfc                USBH_LL_PortEnabled
 .text.USBH_LL_PortDisabled
                0x08012d04        0x8 build/usbh_core.o
                0x08012d04                USBH_LL_PortDisabled
 .text.USBH_IsPortEnabled
                0x08012d0c        0x6 build/usbh_core.o
                0x08012d0c                USBH_IsPortEnabled
 *fill*         0x08012d12        0x2 
 .text.USBH_Process
                0x08012d14      0x308 build/usbh_core.o
                0x08012d14                USBH_Process
 .text.USBH_Process_OS
                0x0801301c       0x22 build/usbh_core.o
 .text.USBH_LL_Connect
                0x0801303e       0x36 build/usbh_core.o
                0x0801303e                USBH_LL_Connect
 .text.USBH_LL_Disconnect
                0x08013074       0x54 build/usbh_core.o
                0x08013074                USBH_LL_Disconnect
 .text.USBH_LL_NotifyURBChange
                0x080130c8       0x12 build/usbh_core.o
                0x080130c8                USBH_LL_NotifyURBChange
 .text.USBH_ParseDevDesc
                0x080130da       0x5c build/usbh_ctlreq.o
 .text.USBH_ParseInterfaceDesc
                0x08013136       0x26 build/usbh_ctlreq.o
 .text.USBH_ParseEPDesc
                0x0801315c       0x20 build/usbh_ctlreq.o
 .text.USBH_ParseStringDesc
                0x0801317c       0x3c build/usbh_ctlreq.o
 .text.USBH_HandleControl
                0x080131b8      0x2a8 build/usbh_ctlreq.o
 .text.USBH_GetNextDesc
                0x08013460        0xe build/usbh_ctlreq.o
                0x08013460                USBH_GetNextDesc
 .text.USBH_ParseCfgDesc
                0x0801346e       0xc2 build/usbh_ctlreq.o
 .text.USBH_CtlReq
                0x08013530       0x58 build/usbh_ctlreq.o
                0x08013530                USBH_CtlReq
 .text.USBH_GetDescriptor
                0x08013588       0x3c build/usbh_ctlreq.o
                0x08013588                USBH_GetDescriptor
 .text.USBH_Get_DevDesc
                0x080135c4       0x32 build/usbh_ctlreq.o
                0x080135c4                USBH_Get_DevDesc
 .text.USBH_Get_CfgDesc
                0x080135f6       0x32 build/usbh_ctlreq.o
                0x080135f6                USBH_Get_CfgDesc
 .text.USBH_Get_StringDesc
                0x08013628       0x30 build/usbh_ctlreq.o
                0x08013628                USBH_Get_StringDesc
 .text.USBH_SetAddress
                0x08013658       0x22 build/usbh_ctlreq.o
                0x08013658                USBH_SetAddress
 .text.USBH_SetCfg
                0x0801367a       0x22 build/usbh_ctlreq.o
                0x0801367a                USBH_SetCfg
 .text.USBH_SetFeature
                0x0801369c       0x22 build/usbh_ctlreq.o
                0x0801369c                USBH_SetFeature
 .text.USBH_ClrFeature
                0x080136be       0x24 build/usbh_ctlreq.o
                0x080136be                USBH_ClrFeature
 .text.USBH_CtlSendSetup
                0x080136e2       0x22 build/usbh_ioreq.o
                0x080136e2                USBH_CtlSendSetup
 .text.USBH_CtlSendData
                0x08013704       0x2c build/usbh_ioreq.o
                0x08013704                USBH_CtlSendData
 .text.USBH_CtlReceiveData
                0x08013730       0x20 build/usbh_ioreq.o
                0x08013730                USBH_CtlReceiveData
 .text.USBH_BulkSendData
                0x08013750       0x2c build/usbh_ioreq.o
                0x08013750                USBH_BulkSendData
 .text.USBH_BulkReceiveData
                0x0801377c       0x20 build/usbh_ioreq.o
                0x0801377c                USBH_BulkReceiveData
 .text.USBH_GetFreePipe
                0x0801379c       0x24 build/usbh_pipes.o
 .text.USBH_OpenPipe
                0x080137c0       0x20 build/usbh_pipes.o
                0x080137c0                USBH_OpenPipe
 .text.USBH_ClosePipe
                0x080137e0        0xa build/usbh_pipes.o
                0x080137e0                USBH_ClosePipe
 .text.USBH_AllocPipe
                0x080137ea       0x22 build/usbh_pipes.o
                0x080137ea                USBH_AllocPipe
 .text.USBH_FreePipe
                0x0801380c       0x16 build/usbh_pipes.o
                0x0801380c                USBH_FreePipe
 .text.USBH_MSC_SOFProcess
                0x08013822        0x4 build/usbh_msc.o
 *fill*         0x08013826        0x2 
 .text.USBH_MSC_Process
                0x08013828      0x404 build/usbh_msc.o
 .text.USBH_MSC_ClassRequest
                0x08013c2c       0x88 build/usbh_msc.o
 .text.USBH_MSC_InterfaceDeInit
                0x08013cb4       0x50 build/usbh_msc.o
 .text.USBH_MSC_InterfaceInit
                0x08013d04      0x150 build/usbh_msc.o
 .text.USBH_MSC_RdWrProcess
                0x08013e54      0x17c build/usbh_msc.o
 .text.USBH_MSC_UnitIsReady
                0x08013fd0       0x26 build/usbh_msc.o
                0x08013fd0                USBH_MSC_UnitIsReady
 .text.USBH_MSC_GetLUNInfo
                0x08013ff6       0x44 build/usbh_msc.o
                0x08013ff6                USBH_MSC_GetLUNInfo
 .text.USBH_MSC_Read
                0x0801403a       0x94 build/usbh_msc.o
                0x0801403a                USBH_MSC_Read
 .text.USBH_MSC_Write
                0x080140ce       0x94 build/usbh_msc.o
                0x080140ce                USBH_MSC_Write
 *fill*         0x08014162        0x2 
 .text.USBH_MSC_DecodeCSW
                0x08014164       0x50 build/usbh_msc_bot.o
 .text.USBH_MSC_BOT_Abort
                0x080141b4       0x22 build/usbh_msc_bot.o
 .text.USBH_MSC_BOT_REQ_Reset
                0x080141d6       0x1a build/usbh_msc_bot.o
                0x080141d6                USBH_MSC_BOT_REQ_Reset
 .text.USBH_MSC_BOT_REQ_GetMaxLUN
                0x080141f0       0x1a build/usbh_msc_bot.o
                0x080141f0                USBH_MSC_BOT_REQ_GetMaxLUN
 *fill*         0x0801420a        0x2 
 .text.USBH_MSC_BOT_Init
                0x0801420c       0x24 build/usbh_msc_bot.o
                0x0801420c                USBH_MSC_BOT_Init
 .text.USBH_MSC_BOT_Process
                0x08014230      0x2d2 build/usbh_msc_bot.o
                0x08014230                USBH_MSC_BOT_Process
 .text.USBH_MSC_SCSI_TestUnitReady
                0x08014502       0x4e build/usbh_msc_scsi.o
                0x08014502                USBH_MSC_SCSI_TestUnitReady
 .text.USBH_MSC_SCSI_ReadCapacity
                0x08014550       0x8e build/usbh_msc_scsi.o
                0x08014550                USBH_MSC_SCSI_ReadCapacity
 .text.USBH_MSC_SCSI_Inquiry
                0x080145de       0xd8 build/usbh_msc_scsi.o
                0x080145de                USBH_MSC_SCSI_Inquiry
 .text.USBH_MSC_SCSI_RequestSense
                0x080146b6       0x94 build/usbh_msc_scsi.o
                0x080146b6                USBH_MSC_SCSI_RequestSense
 .text.USBH_MSC_SCSI_Write
                0x0801474a       0x8a build/usbh_msc_scsi.o
                0x0801474a                USBH_MSC_SCSI_Write
 .text.USBH_MSC_SCSI_Read
                0x080147d4       0x8c build/usbh_msc_scsi.o
                0x080147d4                USBH_MSC_SCSI_Read
 .text.debug_init
                0x08014860        0xc build/dbgu.o
                0x08014860                debug_init
 .text.debug_chr
                0x0801486c       0x18 build/dbgu.o
                0x0801486c                debug_chr
 .text.xputc    0x08014884        0x8 build/term_io.o
                0x08014884                xputc
 .text.xputs    0x0801488c       0x14 build/term_io.o
                0x0801488c                xputs
 .text.xitoa    0x080148a0       0x9c build/term_io.o
                0x080148a0                xitoa
 .text.xprintf  0x0801493c       0xf8 build/term_io.o
                0x0801493c                xprintf
 .text.SAIx_Out_DeInit
                0x08014a34       0x20 build/stm32746g_discovery_audio.o
 .text.SAIx_Out_Init
                0x08014a54       0x6c build/stm32746g_discovery_audio.o
 .text.BSP_AUDIO_OUT_Play
                0x08014ac0       0x40 build/stm32746g_discovery_audio.o
                0x08014ac0                BSP_AUDIO_OUT_Play
 .text.BSP_AUDIO_OUT_Pause
                0x08014b00       0x24 build/stm32746g_discovery_audio.o
                0x08014b00                BSP_AUDIO_OUT_Pause
 .text.BSP_AUDIO_OUT_Resume
                0x08014b24       0x24 build/stm32746g_discovery_audio.o
                0x08014b24                BSP_AUDIO_OUT_Resume
 .text.BSP_AUDIO_OUT_Stop
                0x08014b48       0x38 build/stm32746g_discovery_audio.o
                0x08014b48                BSP_AUDIO_OUT_Stop
 .text.BSP_AUDIO_OUT_SetAudioFrameSlot
                0x08014b80       0x28 build/stm32746g_discovery_audio.o
                0x08014b80                BSP_AUDIO_OUT_SetAudioFrameSlot
 .text.HAL_SAI_TxCpltCallback
                0x08014ba8        0x8 build/stm32746g_discovery_audio.o
                0x08014ba8                HAL_SAI_TxCpltCallback
 .text.HAL_SAI_TxHalfCpltCallback
                0x08014bb0        0x8 build/stm32746g_discovery_audio.o
                0x08014bb0                HAL_SAI_TxHalfCpltCallback
 .text.BSP_AUDIO_OUT_Error_CallBack
                0x08014bb8        0x2 build/stm32746g_discovery_audio.o
                0x08014bb8                BSP_AUDIO_OUT_Error_CallBack
 *fill*         0x08014bba        0x2 
 .text.BSP_AUDIO_OUT_MspInit
                0x08014bbc      0x15c build/stm32746g_discovery_audio.o
                0x08014bbc                BSP_AUDIO_OUT_MspInit
 .text.BSP_AUDIO_OUT_ClockConfig
                0x08014d18       0x6a build/stm32746g_discovery_audio.o
                0x08014d18                BSP_AUDIO_OUT_ClockConfig
 *fill*         0x08014d82        0x2 
 .text.BSP_AUDIO_OUT_Init
                0x08014d84       0x84 build/stm32746g_discovery_audio.o
                0x08014d84                BSP_AUDIO_OUT_Init
 .text.BSP_AUDIO_IN_Error_CallBack
                0x08014e08        0x2 build/stm32746g_discovery_audio.o
                0x08014e08                BSP_AUDIO_IN_Error_CallBack
 *fill*         0x08014e0a        0x2 
 .text.HAL_SAI_ErrorCallback
                0x08014e0c       0x38 build/stm32746g_discovery_audio.o
                0x08014e0c                HAL_SAI_ErrorCallback
 .text.LL_FillBuffer
                0x08014e44       0x80 build/stm32746g_discovery_lcd.o
 .text.BSP_LCD_GetXSize
                0x08014ec4       0x18 build/stm32746g_discovery_lcd.o
                0x08014ec4                BSP_LCD_GetXSize
 .text.BSP_LCD_GetYSize
                0x08014edc       0x18 build/stm32746g_discovery_lcd.o
                0x08014edc                BSP_LCD_GetYSize
 .text.BSP_LCD_LayerDefaultInit
                0x08014ef4       0x80 build/stm32746g_discovery_lcd.o
                0x08014ef4                BSP_LCD_LayerDefaultInit
 .text.BSP_LCD_SelectLayer
                0x08014f74        0xc build/stm32746g_discovery_lcd.o
                0x08014f74                BSP_LCD_SelectLayer
 .text.BSP_LCD_SetTransparency
                0x08014f80       0x10 build/stm32746g_discovery_lcd.o
                0x08014f80                BSP_LCD_SetTransparency
 .text.BSP_LCD_SetColorKeying
                0x08014f90       0x1c build/stm32746g_discovery_lcd.o
                0x08014f90                BSP_LCD_SetColorKeying
 .text.BSP_LCD_SetTextColor
                0x08014fac       0x18 build/stm32746g_discovery_lcd.o
                0x08014fac                BSP_LCD_SetTextColor
 .text.BSP_LCD_SetBackColor
                0x08014fc4       0x1c build/stm32746g_discovery_lcd.o
                0x08014fc4                BSP_LCD_SetBackColor
 .text.BSP_LCD_SetFont
                0x08014fe0       0x1c build/stm32746g_discovery_lcd.o
                0x08014fe0                BSP_LCD_SetFont
 .text.BSP_LCD_Clear
                0x08014ffc       0x3c build/stm32746g_discovery_lcd.o
                0x08014ffc                BSP_LCD_Clear
 .text.BSP_LCD_DrawHLine
                0x08015038       0x78 build/stm32746g_discovery_lcd.o
                0x08015038                BSP_LCD_DrawHLine
 .text.BSP_LCD_DrawPixel
                0x080150b0       0x54 build/stm32746g_discovery_lcd.o
                0x080150b0                BSP_LCD_DrawPixel
 .text.DrawChar
                0x08015104       0xe8 build/stm32746g_discovery_lcd.o
 .text.BSP_LCD_DisplayChar
                0x080151ec       0x38 build/stm32746g_discovery_lcd.o
                0x080151ec                BSP_LCD_DisplayChar
 .text.BSP_LCD_DisplayStringAt
                0x08015224       0xd4 build/stm32746g_discovery_lcd.o
                0x08015224                BSP_LCD_DisplayStringAt
 .text.BSP_LCD_FillRect
                0x080152f8       0x94 build/stm32746g_discovery_lcd.o
                0x080152f8                BSP_LCD_FillRect
 .text.BSP_LCD_DisplayOn
                0x0801538c       0x34 build/stm32746g_discovery_lcd.o
                0x0801538c                BSP_LCD_DisplayOn
 .text.BSP_LCD_MspInit
                0x080153c0      0x148 build/stm32746g_discovery_lcd.o
                0x080153c0                BSP_LCD_MspInit
 .text.BSP_LCD_ClockConfig
                0x08015508       0x20 build/stm32746g_discovery_lcd.o
                0x08015508                BSP_LCD_ClockConfig
 .text.BSP_LCD_Init
                0x08015528       0xac build/stm32746g_discovery_lcd.o
                0x08015528                BSP_LCD_Init
 .text.BSP_SDRAM_Initialization_sequence
                0x080155d4       0x9c build/stm32746g_discovery_sdram.o
                0x080155d4                BSP_SDRAM_Initialization_sequence
 .text.BSP_SDRAM_MspInit
                0x08015670      0x17c build/stm32746g_discovery_sdram.o
                0x08015670                BSP_SDRAM_MspInit
 .text.BSP_SDRAM_Init
                0x080157ec       0x80 build/stm32746g_discovery_sdram.o
                0x080157ec                BSP_SDRAM_Init
 .text.BSP_TS_Init
                0x0801586c       0x50 build/stm32746g_discovery_ts.o
                0x0801586c                BSP_TS_Init
 .text.BSP_TS_Get_GestureId
                0x080158bc       0x74 build/stm32746g_discovery_ts.o
                0x080158bc                BSP_TS_Get_GestureId